Archive member included to satisfy reference by file (symbol)

C:/ST/STM32CubeIDE_1.17.0/STM32CubeIDE/plugins/com.st.stm32cube.ide.mcu.externaltools.gnu-tools-for-stm32.12.3.rel1.win32_1.1.0.202410251130/tools/bin/../lib/gcc/arm-none-eabi/12.3.1/../../../../arm-none-eabi/lib/thumb/v7-m/nofp\libc_nano.a(libc_a-exit.o)
                              C:/ST/STM32CubeIDE_1.17.0/STM32CubeIDE/plugins/com.st.stm32cube.ide.mcu.externaltools.gnu-tools-for-stm32.12.3.rel1.win32_1.1.0.202410251130/tools/bin/../lib/gcc/arm-none-eabi/12.3.1/../../../../arm-none-eabi/lib/thumb/v7-m/nofp/crt0.o (exit)
C:/ST/STM32CubeIDE_1.17.0/STM32CubeIDE/plugins/com.st.stm32cube.ide.mcu.externaltools.gnu-tools-for-stm32.12.3.rel1.win32_1.1.0.202410251130/tools/bin/../lib/gcc/arm-none-eabi/12.3.1/../../../../arm-none-eabi/lib/thumb/v7-m/nofp\libc_nano.a(libc_a-findfp.o)
                              C:/ST/STM32CubeIDE_1.17.0/STM32CubeIDE/plugins/com.st.stm32cube.ide.mcu.externaltools.gnu-tools-for-stm32.12.3.rel1.win32_1.1.0.202410251130/tools/bin/../lib/gcc/arm-none-eabi/12.3.1/../../../../arm-none-eabi/lib/thumb/v7-m/nofp\libc_nano.a(libc_a-exit.o) (__stdio_exit_handler)
C:/ST/STM32CubeIDE_1.17.0/STM32CubeIDE/plugins/com.st.stm32cube.ide.mcu.externaltools.gnu-tools-for-stm32.12.3.rel1.win32_1.1.0.202410251130/tools/bin/../lib/gcc/arm-none-eabi/12.3.1/../../../../arm-none-eabi/lib/thumb/v7-m/nofp\libc_nano.a(libc_a-fwalk.o)
                              C:/ST/STM32CubeIDE_1.17.0/STM32CubeIDE/plugins/com.st.stm32cube.ide.mcu.externaltools.gnu-tools-for-stm32.12.3.rel1.win32_1.1.0.202410251130/tools/bin/../lib/gcc/arm-none-eabi/12.3.1/../../../../arm-none-eabi/lib/thumb/v7-m/nofp\libc_nano.a(libc_a-findfp.o) (_fwalk_sglue)
C:/ST/STM32CubeIDE_1.17.0/STM32CubeIDE/plugins/com.st.stm32cube.ide.mcu.externaltools.gnu-tools-for-stm32.12.3.rel1.win32_1.1.0.202410251130/tools/bin/../lib/gcc/arm-none-eabi/12.3.1/../../../../arm-none-eabi/lib/thumb/v7-m/nofp\libc_nano.a(libc_a-stdio.o)
                              C:/ST/STM32CubeIDE_1.17.0/STM32CubeIDE/plugins/com.st.stm32cube.ide.mcu.externaltools.gnu-tools-for-stm32.12.3.rel1.win32_1.1.0.202410251130/tools/bin/../lib/gcc/arm-none-eabi/12.3.1/../../../../arm-none-eabi/lib/thumb/v7-m/nofp\libc_nano.a(libc_a-findfp.o) (__sread)
C:/ST/STM32CubeIDE_1.17.0/STM32CubeIDE/plugins/com.st.stm32cube.ide.mcu.externaltools.gnu-tools-for-stm32.12.3.rel1.win32_1.1.0.202410251130/tools/bin/../lib/gcc/arm-none-eabi/12.3.1/../../../../arm-none-eabi/lib/thumb/v7-m/nofp\libc_nano.a(libc_a-memset.o)
                              C:/ST/STM32CubeIDE_1.17.0/STM32CubeIDE/plugins/com.st.stm32cube.ide.mcu.externaltools.gnu-tools-for-stm32.12.3.rel1.win32_1.1.0.202410251130/tools/bin/../lib/gcc/arm-none-eabi/12.3.1/../../../../arm-none-eabi/lib/thumb/v7-m/nofp/crt0.o (memset)
C:/ST/STM32CubeIDE_1.17.0/STM32CubeIDE/plugins/com.st.stm32cube.ide.mcu.externaltools.gnu-tools-for-stm32.12.3.rel1.win32_1.1.0.202410251130/tools/bin/../lib/gcc/arm-none-eabi/12.3.1/../../../../arm-none-eabi/lib/thumb/v7-m/nofp\libc_nano.a(libc_a-closer.o)
                              C:/ST/STM32CubeIDE_1.17.0/STM32CubeIDE/plugins/com.st.stm32cube.ide.mcu.externaltools.gnu-tools-for-stm32.12.3.rel1.win32_1.1.0.202410251130/tools/bin/../lib/gcc/arm-none-eabi/12.3.1/../../../../arm-none-eabi/lib/thumb/v7-m/nofp\libc_nano.a(libc_a-stdio.o) (_close_r)
C:/ST/STM32CubeIDE_1.17.0/STM32CubeIDE/plugins/com.st.stm32cube.ide.mcu.externaltools.gnu-tools-for-stm32.12.3.rel1.win32_1.1.0.202410251130/tools/bin/../lib/gcc/arm-none-eabi/12.3.1/../../../../arm-none-eabi/lib/thumb/v7-m/nofp\libc_nano.a(libc_a-reent.o)
                              C:/ST/STM32CubeIDE_1.17.0/STM32CubeIDE/plugins/com.st.stm32cube.ide.mcu.externaltools.gnu-tools-for-stm32.12.3.rel1.win32_1.1.0.202410251130/tools/bin/../lib/gcc/arm-none-eabi/12.3.1/../../../../arm-none-eabi/lib/thumb/v7-m/nofp\libc_nano.a(libc_a-closer.o) (errno)
C:/ST/STM32CubeIDE_1.17.0/STM32CubeIDE/plugins/com.st.stm32cube.ide.mcu.externaltools.gnu-tools-for-stm32.12.3.rel1.win32_1.1.0.202410251130/tools/bin/../lib/gcc/arm-none-eabi/12.3.1/../../../../arm-none-eabi/lib/thumb/v7-m/nofp\libc_nano.a(libc_a-impure.o)
                              C:/ST/STM32CubeIDE_1.17.0/STM32CubeIDE/plugins/com.st.stm32cube.ide.mcu.externaltools.gnu-tools-for-stm32.12.3.rel1.win32_1.1.0.202410251130/tools/bin/../lib/gcc/arm-none-eabi/12.3.1/../../../../arm-none-eabi/lib/thumb/v7-m/nofp\libc_nano.a(libc_a-reent.o) (_impure_ptr)
C:/ST/STM32CubeIDE_1.17.0/STM32CubeIDE/plugins/com.st.stm32cube.ide.mcu.externaltools.gnu-tools-for-stm32.12.3.rel1.win32_1.1.0.202410251130/tools/bin/../lib/gcc/arm-none-eabi/12.3.1/../../../../arm-none-eabi/lib/thumb/v7-m/nofp\libc_nano.a(libc_a-lseekr.o)
[...]
Memory Configuration

Name             Origin             Length             Attributes
RAM              0x20000000         0x00005000         xrw
FLASH            0x08000000         0x00010000         xr
*default*        0x00000000         0xffffffff

Linker script and memory map

LOAD C:/ST/STM32CubeIDE_1.17.0/STM32CubeIDE/plugins/com.st.stm32cube.ide.mcu.externaltools.gnu-tools-for-stm32.12.3.rel1.win32_1.1.0.202410251130/tools/bin/../lib/gcc/arm-none-eabi/12.3.1/thumb/v7-m/nofp/crti.o
LOAD C:/ST/STM32CubeIDE_1.17.0/STM32CubeIDE/plugins/com.st.stm32cube.ide.mcu.externaltools.gnu-tools-for-stm32.12.3.rel1.win32_1.1.0.202410251130/tools/bin/../lib/gcc/arm-none-eabi/12.3.1/thumb/v7-m/nofp/crtbegin.o
LOAD C:/ST/STM32CubeIDE_1.17.0/STM32CubeIDE/plugins/com.st.stm32cube.ide.mcu.externaltools.gnu-tools-for-stm32.12.3.rel1.win32_1.1.0.202410251130/tools/bin/../lib/gcc/arm-none-eabi/12.3.1/../../../../arm-none-eabi/lib/thumb/v7-m/nofp/crt0.o
LOAD ./Core/Src/alt_main.o
LOAD ./Core/Src/main.o
LOAD ./Core/Src/stm32f1xx_hal_msp.o
LOAD ./Core/Src/stm32f1xx_it.o
LOAD ./Core/Src/syscalls.o
LOAD ./Core/Src/sysmem.o
LOAD ./Core/Src/system_stm32f1xx.o
LOAD ./Core/Startup/startup_stm32f103c8tx.o
LOAD ./Drivers/STM32F1xx_HAL_Driver/stm32f1xx_hal.o
LOAD ./Drivers/STM32F1xx_HAL_Driver/stm32f1xx_hal_adc.o
LOAD ./Drivers/STM32F1xx_HAL_Driver/stm32f1xx_hal_adc_ex.o
LOAD ./Drivers/STM32F1xx_HAL_Driver/stm32f1xx_hal_cortex.o
LOAD ./Drivers/STM32F1xx_HAL_Driver/stm32f1xx_hal_dma.o
LOAD ./Drivers/STM32F1xx_HAL_Driver/stm32f1xx_hal_exti.o
LOAD ./Drivers/STM32F1xx_HAL_Driver/stm32f1xx_hal_flash.o
LOAD ./Drivers/STM32F1xx_HAL_Driver/stm32f1xx_hal_flash_ex.o
LOAD ./Drivers/STM32F1xx_HAL_Driver/stm32f1xx_hal_gpio.o
LOAD ./Drivers/STM32F1xx_HAL_Driver/stm32f1xx_hal_gpio_ex.o
LOAD ./Drivers/STM32F1xx_HAL_Driver/stm32f1xx_hal_i2c.o
LOAD ./Drivers/STM32F1xx_HAL_Driver/stm32f1xx_hal_pwr.o
LOAD ./Drivers/STM32F1xx_HAL_Driver/stm32f1xx_hal_rcc.o
LOAD ./Drivers/STM32F1xx_HAL_Driver/stm32f1xx_hal_rcc_ex.o
LOAD ./Drivers/STM32F1xx_HAL_Driver/stm32f1xx_hal_tim.o
LOAD ./Drivers/STM32F1xx_HAL_Driver/stm32f1xx_hal_tim_ex.o
LOAD ./Drivers/STM32F1xx_HAL_Driver/stm32f1xx_hal_uart.o
LOAD ./LIB/src/EEPROMx.o
LOAD ./LIB/src/Flags.o
LOAD ./LIB/src/Gpiox.o
LOAD ./LIB/src/Modbus_Slave.o
LOAD ./LIB/src/SM9541.o
LOAD ./LIB/src/Switch.o
LOAD ./LIB/src/ht621b.o
LOAD ./LIB/src/ui.o
START GROUP
LOAD C:/ST/STM32CubeIDE_1.17.0/STM32CubeIDE/plugins/com.st.stm32cube.ide.mcu.externaltools.gnu-tools-for-stm32.12.3.rel1.win32_1.1.0.202410251130/tools/bin/../lib/gcc/arm-none-eabi/12.3.1/../../../../arm-none-eabi/lib/thumb/v7-m/nofp\libstdc++_nano.a
LOAD C:/ST/STM32CubeIDE_1.17.0/STM32CubeIDE/plugins/com.st.stm32cube.ide.mcu.externaltools.gnu-tools-for-stm32.12.3.rel1.win32_1.1.0.202410251130/tools/bin/../lib/gcc/arm-none-eabi/12.3.1/../../../../arm-none-eabi/lib/thumb/v7-m/nofp\libsupc++_nano.a
END GROUP
LOAD C:/ST/STM32CubeIDE_1.17.0/STM32CubeIDE/plugins/com.st.stm32cube.ide.mcu.externaltools.gnu-tools-for-stm32.12.3.rel1.win32_1.1.0.202410251130/tools/bin/../lib/gcc/arm-none-eabi/12.3.1/../../../../arm-none-eabi/lib/thumb/v7-m/nofp\libstdc++_nano.a
LOAD C:/ST/STM32CubeIDE_1.17.0/STM32CubeIDE/plugins/com.st.stm32cube.ide.mcu.externaltools.gnu-tools-for-stm32.12.3.rel1.win32_1.1.0.202410251130/tools/bin/../lib/gcc/arm-none-eabi/12.3.1/../../../../arm-none-eabi/lib/thumb/v7-m/nofp\libm.a
LOAD C:/ST/STM32CubeIDE_1.17.0/STM32CubeIDE/plugins/com.st.stm32cube.ide.mcu.externaltools.gnu-tools-for-stm32.12.3.rel1.win32_1.1.0.202410251130/tools/bin/../lib/gcc/arm-none-eabi/12.3.1/../../../../arm-none-eabi/lib/thumb/v7-m/nofp\libc_nano.a
START GROUP
LOAD C:/ST/STM32CubeIDE_1.17.0/STM32CubeIDE/plugins/com.st.stm32cube.ide.mcu.externaltools.gnu-tools-for-stm32.12.3.rel1.win32_1.1.0.202410251130/tools/bin/../lib/gcc/arm-none-eabi/12.3.1/thumb/v7-m/nofp\libgcc.a
LOAD C:/ST/STM32CubeIDE_1.17.0/STM32CubeIDE/plugins/com.st.stm32cube.ide.mcu.externaltools.gnu-tools-for-stm32.12.3.rel1.win32_1.1.0.202410251130/tools/bin/../lib/gcc/arm-none-eabi/12.3.1/../../../../arm-none-eabi/lib/thumb/v7-m/nofp\libc_nano.a
END GROUP
START GROUP
LOAD C:/ST/STM32CubeIDE_1.17.0/STM32CubeIDE/plugins/com.st.stm32cube.ide.mcu.externaltools.gnu-tools-for-stm32.12.3.rel1.win32_1.1.0.202410251130/tools/bin/../lib/gcc/arm-none-eabi/12.3.1/thumb/v7-m/nofp\libgcc.a
LOAD C:/ST/STM32CubeIDE_1.17.0/STM32CubeIDE/plugins/com.st.stm32cube.ide.mcu.externaltools.gnu-tools-for-stm32.12.3.rel1.win32_1.1.0.202410251130/tools/bin/../lib/gcc/arm-none-eabi/12.3.1/../../../../arm-none-eabi/lib/thumb/v7-m/nofp\libc_nano.a
LOAD C:/ST/STM32CubeIDE_1.17.0/STM32CubeIDE/plugins/com.st.stm32cube.ide.mcu.externaltools.gnu-tools-for-stm32.12.3.rel1.win32_1.1.0.202410251130/tools/bin/../lib/gcc/arm-none-eabi/12.3.1/../../../../arm-none-eabi/lib/thumb/v7-m/nofp\libnosys.a
END GROUP
START GROUP
LOAD C:/ST/STM32CubeIDE_1.17.0/STM32CubeIDE/plugins/com.st.stm32cube.ide.mcu.externaltools.gnu-tools-for-stm32.12.3.rel1.win32_1.1.0.202410251130/tools/bin/../lib/gcc/arm-none-eabi/12.3.1/thumb/v7-m/nofp\libgcc.a
LOAD C:/ST/STM32CubeIDE_1.17.0/STM32CubeIDE/plugins/com.st.stm32cube.ide.mcu.externaltools.gnu-tools-for-stm32.12.3.rel1.win32_1.1.0.202410251130/tools/bin/../lib/gcc/arm-none-eabi/12.3.1/../../../../arm-none-eabi/lib/thumb/v7-m/nofp\libc_nano.a
LOAD C:/ST/STM32CubeIDE_1.17.0/STM32CubeIDE/plugins/com.st.stm32cube.ide.mcu.externaltools.gnu-tools-for-stm32.12.3.rel1.win32_1.1.0.202410251130/tools/bin/../lib/gcc/arm-none-eabi/12.3.1/../../../../arm-none-eabi/lib/thumb/v7-m/nofp\libnosys.a
END GROUP
LOAD C:/ST/STM32CubeIDE_1.17.0/STM32CubeIDE/plugins/com.st.stm32cube.ide.mcu.externaltools.gnu-tools-for-stm32.12.3.rel1.win32_1.1.0.202410251130/tools/bin/../lib/gcc/arm-none-eabi/12.3.1/thumb/v7-m/nofp/crtend.o
LOAD C:/ST/STM32CubeIDE_1.17.0/STM32CubeIDE/plugins/com.st.stm32cube.ide.mcu.externaltools.gnu-tools-for-stm32.12.3.rel1.win32_1.1.0.202410251130/tools/bin/../lib/gcc/arm-none-eabi/12.3.1/thumb/v7-m/nofp/crtn.o
                0x20005000                        _estack = (ORIGIN (RAM) + LENGTH (RAM))
                0x00000200                        _Min_Heap_Size = 0x200
                0x00000400                        _Min_Stack_Size = 0x400

.isr_vector     0x08000000      0x10c
                0x08000000                        . = ALIGN (0x4)
 *(.isr_vector)
 .isr_vector    0x08000000      0x10c ./Core/Startup/startup_stm32f103c8tx.o
                0x08000000                g_pfnVectors
                0x0800010c                        . = ALIGN (0x4)

.text           0x08000110     0x6a20
                0x08000110                        . = ALIGN (0x4)
 *(.text)
 .text          0x08000110       0x40 C:/ST/STM32CubeIDE_1.17.0/STM32CubeIDE/plugins/com.st.stm32cube.ide.mcu.externaltools.gnu-tools-for-stm32.12.3.rel1.win32_1.1.0.202410251130/tools/bin/../lib/gcc/arm-none-eabi/12.3.1/thumb/v7-m/nofp/crtbegin.o
 .text          0x08000150      0x378 C:/ST/STM32CubeIDE_1.17.0/STM32CubeIDE/plugins/com.st.stm32cube.ide.mcu.externaltools.gnu-tools-for-stm32.12.3.rel1.win32_1.1.0.202410251130/tools/bin/../lib/gcc/arm-none-eabi/12.3.1/thumb/v7-m/nofp\libgcc.a(_arm_addsubdf3.o)
                0x08000150                __aeabi_drsub
                0x08000158                __aeabi_dsub
                0x08000158                __subdf3
                0x0800015c                __aeabi_dadd
                0x0800015c                __adddf3
                0x080003d4                __floatunsidf
                0x080003d4                __aeabi_ui2d
                0x080003f4                __floatsidf
                0x080003f4                __aeabi_i2d
                0x08000418                __aeabi_f2d
                0x08000418                __extendsfdf2
                0x0800045c                __floatundidf
                0x0800045c                __aeabi_ul2d
                0x0800046c                __floatdidf
                0x0800046c                __aeabi_l2d
 .text          0x080004c8       0xa0 C:/ST/STM32CubeIDE_1.17.0/STM32CubeIDE/plugins/com.st.stm32cube.ide.mcu.externaltools.gnu-tools-for-stm32.12.3.rel1.win32_1.1.0.202410251130/tools/bin/../lib/gcc/arm-none-eabi/12.3.1/thumb/v7-m/nofp\libgcc.a(_arm_truncdfsf2.o)
                0x080004c8                __truncdfsf2
                0x080004c8                __aeabi_d2f
 .text          0x08000568      0x21c C:/ST/STM32CubeIDE_1.17.0/STM32CubeIDE/plugins/com.st.stm32cube.ide.mcu.externaltools.gnu-tools-for-stm32.12.3.rel1.win32_1.1.0.202410251130/tools/bin/../lib/gcc/arm-none-eabi/12.3.1/thumb/v7-m/nofp\libgcc.a(_arm_addsubsf3.o)
                0x08000568                __aeabi_frsub
                0x08000570                __subsf3
                0x08000570                __aeabi_fsub
                0x08000574                __aeabi_fadd
                0x08000574                __addsf3
                0x080006d4                __aeabi_ui2f
                0x080006d4                __floatunsisf
                0x080006dc                __aeabi_i2f
                0x080006dc                __floatsisf
                0x080006f8                __aeabi_ul2f
                0x080006f8                __floatundisf
                0x08000708                __aeabi_l2f
                0x08000708                __floatdisf
 .text          0x08000784      0x2a0 C:/ST/STM32CubeIDE_1.17.0/STM32CubeIDE/plugins/com.st.stm32cube.ide.mcu.externaltools.gnu-tools-for-stm32.12.3.rel1.win32_1.1.0.202410251130/tools/bin/../lib/gcc/arm-none-eabi/12.3.1/thumb/v7-m/nofp\libgcc.a(_arm_muldivsf3.o)
                0x08000784                __mulsf3
                0x08000784                __aeabi_fmul
                0x080008ec                __aeabi_fdiv
                0x080008ec                __divsf3
 .text          0x08000a24       0xec C:/ST/STM32CubeIDE_1.17.0/STM32CubeIDE/plugins/com.st.stm32cube.ide.mcu.externaltools.gnu-tools-for-stm32.12.3.rel1.win32_1.1.0.202410251130/tools/bin/../lib/gcc/arm-none-eabi/12.3.1/thumb/v7-m/nofp\libgcc.a(_arm_cmpsf2.o)
                0x08000a24                __gesf2
                0x08000a24                __gtsf2
                0x08000a2c                __lesf2
                0x08000a2c                __ltsf2
                0x08000a34                __nesf2
                0x08000a34                __eqsf2
                0x08000a34                __cmpsf2
                0x08000a94                __aeabi_cfrcmple
                0x08000a9c                __aeabi_cfcmpeq
                0x08000a9c                __aeabi_cfcmple
                0x08000aac                __aeabi_fcmpeq
                0x08000ac0                __aeabi_fcmplt
                0x08000ad4                __aeabi_fcmple
                0x08000ae8                __aeabi_fcmpge
                0x08000afc                __aeabi_fcmpgt
 .text          0x08000b10       0x40 C:/ST/STM32CubeIDE_1.17.0/STM32CubeIDE/plugins/com.st.stm32cube.ide.mcu.externaltools.gnu-tools-for-stm32.12.3.rel1.win32_1.1.0.202410251130/tools/bin/../lib/gcc/arm-none-eabi/12.3.1/thumb/v7-m/nofp\libgcc.a(_arm_fixunssfsi.o)
                0x08000b10                __fixunssfsi
                0x08000b10                __aeabi_f2uiz
 *(.text*)
 .text.HAL_UARTEx_RxEventCallback
                0x08000b50       0x54 ./Core/Src/alt_main.o
                0x08000b50                HAL_UARTEx_RxEventCallback
 .text.HAL_GPIO_EXTI_Callback
                0x08000ba4       0x5c ./Core/Src/alt_main.o
                0x08000ba4                HAL_GPIO_EXTI_Callback
 .text.Tacvu_HIENTHI
                0x08000c00       0x6c ./Core/Src/alt_main.o
                0x08000c00                Tacvu_HIENTHI
 .text._Z20ThucThiTacVuTheoFlagv
                0x08000c6c       0x88 ./Core/Src/alt_main.o
                0x08000c6c                ThucThiTacVuTheoFlag()
 .text.Check_Slaveid
                0x08000cf4       0x4c ./Core/Src/alt_main.o
                0x08000cf4                Check_Slaveid
 .text.initial_UART_DMA
                0x08000d40       0x30 ./Core/Src/alt_main.o
                0x08000d40                initial_UART_DMA
 .text.alt_main
                0x08000d70       0x64 ./Core/Src/alt_main.o
                0x08000d70                alt_main
 .text._Z41__static_initialization_and_destruction_0ii
                0x08000dd4       0x38 ./Core/Src/alt_main.o
 .text._GLOBAL__sub_I__Ht621b
                0x08000e0c       0x10 ./Core/Src/alt_main.o
 .text.main     0x08000e1c       0x2c ./Core/Src/main.o
                0x08000e1c                main
 .text.SystemClock_Config
                0x08000e48       0xa0 ./Core/Src/main.o
                0x08000e48                SystemClock_Config
 .text.MX_ADC1_Init
                0x08000ee8       0x7c ./Core/Src/main.o
 .text.MX_I2C1_Init
                0x08000f64       0x5c ./Core/Src/main.o
 .text.MX_TIM1_Init
                0x08000fc0      0x108 ./Core/Src/main.o
 .text.MX_USART1_UART_Init
                0x080010c8       0x54 ./Core/Src/main.o
 .text.MX_DMA_Init
                0x0800111c       0x4c ./Core/Src/main.o
 .text.MX_GPIO_Init
                0x08001168       0xb0 ./Core/Src/main.o
 .text.Error_Handler
                0x08001218        0xc ./Core/Src/main.o
                0x08001218                Error_Handler
 .text.HAL_MspInit
                0x08001224       0x64 ./Core/Src/stm32f1xx_hal_msp.o
                0x08001224                HAL_MspInit
 .text.HAL_ADC_MspInit
                0x08001288       0xd0 ./Core/Src/stm32f1xx_hal_msp.o
                0x08001288                HAL_ADC_MspInit
 .text.HAL_I2C_MspInit
                0x08001358       0xa0 ./Core/Src/stm32f1xx_hal_msp.o
                0x08001358                HAL_I2C_MspInit
 .text.HAL_TIM_PWM_MspInit
                0x080013f8       0x3c ./Core/Src/stm32f1xx_hal_msp.o
                0x080013f8                HAL_TIM_PWM_MspInit
 .text.HAL_TIM_MspPostInit
                0x08001434       0x68 ./Core/Src/stm32f1xx_hal_msp.o
                0x08001434                HAL_TIM_MspPostInit
 .text.HAL_UART_MspInit
                0x0800149c       0xfc ./Core/Src/stm32f1xx_hal_msp.o
                0x0800149c                HAL_UART_MspInit
 .text.NMI_Handler
                0x08001598        0x8 ./Core/Src/stm32f1xx_it.o
                0x08001598                NMI_Handler
 .text.HardFault_Handler
                0x080015a0        0x8 ./Core/Src/stm32f1xx_it.o
                0x080015a0                HardFault_Handler
 .text.MemManage_Handler
                0x080015a8        0x8 ./Core/Src/stm32f1xx_it.o
                0x080015a8                MemManage_Handler
 .text.BusFault_Handler
                0x080015b0        0x8 ./Core/Src/stm32f1xx_it.o
                0x080015b0                BusFault_Handler
 .text.UsageFault_Handler
                0x080015b8        0x8 ./Core/Src/stm32f1xx_it.o
                0x080015b8                UsageFault_Handler
 .text.SVC_Handler
                0x080015c0        0xc ./Core/Src/stm32f1xx_it.o
                0x080015c0                SVC_Handler
 .text.DebugMon_Handler
                0x080015cc        0xc ./Core/Src/stm32f1xx_it.o
                0x080015cc                DebugMon_Handler
 .text.PendSV_Handler
                0x080015d8        0xc ./Core/Src/stm32f1xx_it.o
                0x080015d8                PendSV_Handler
 .text.SysTick_Handler
                0x080015e4        0xc ./Core/Src/stm32f1xx_it.o
                0x080015e4                SysTick_Handler
 .text.DMA1_Channel1_IRQHandler
                0x080015f0       0x14 ./Core/Src/stm32f1xx_it.o
                0x080015f0                DMA1_Channel1_IRQHandler
 .text.DMA1_Channel5_IRQHandler
                0x08001604       0x14 ./Core/Src/stm32f1xx_it.o
                0x08001604                DMA1_Channel5_IRQHandler
 .text.EXTI9_5_IRQHandler
                0x08001618        0xe ./Core/Src/stm32f1xx_it.o
                0x08001618                EXTI9_5_IRQHandler
 *fill*         0x08001626        0x2 
 .text.USART1_IRQHandler
                0x08001628       0x14 ./Core/Src/stm32f1xx_it.o
                0x08001628                USART1_IRQHandler
 .text.SystemInit
                0x0800163c        0xc ./Core/Src/system_stm32f1xx.o
                0x0800163c                SystemInit
 .text.Reset_Handler
                0x08001648       0x48 ./Core/Startup/startup_stm32f103c8tx.o
                0x08001648                Reset_Handler
 .text.Default_Handler
                0x08001690        0x2 ./Core/Startup/startup_stm32f103c8tx.o
                0x08001690                RTC_Alarm_IRQHandler
                0x08001690                EXTI2_IRQHandler
                0x08001690                TIM1_CC_IRQHandler
                0x08001690                PVD_IRQHandler
                0x08001690                EXTI3_IRQHandler
                0x08001690                EXTI0_IRQHandler
                0x08001690                I2C2_EV_IRQHandler
                0x08001690                ADC1_2_IRQHandler
                0x08001690                SPI1_IRQHandler
                0x08001690                TAMPER_IRQHandler
                0x08001690                DMA1_Channel4_IRQHandler
                0x08001690                USART3_IRQHandler
                0x08001690                RTC_IRQHandler
                0x08001690                DMA1_Channel7_IRQHandler
                0x08001690                CAN1_RX1_IRQHandler
                0x08001690                TIM4_IRQHandler
                0x08001690                I2C1_EV_IRQHandler
                0x08001690                DMA1_Channel6_IRQHandler
                0x08001690                TIM3_IRQHandler
                0x08001690                RCC_IRQHandler
                0x08001690                TIM1_TRG_COM_IRQHandler
                0x08001690                Default_Handler
                0x08001690                EXTI15_10_IRQHandler
                0x08001690                SPI2_IRQHandler
                0x08001690                EXTI4_IRQHandler
                0x08001690                USB_LP_CAN1_RX0_IRQHandler
                0x08001690                USB_HP_CAN1_TX_IRQHandler
                0x08001690                DMA1_Channel3_IRQHandler
                0x08001690                TIM1_UP_IRQHandler
                0x08001690                WWDG_IRQHandler
                0x08001690                TIM2_IRQHandler
                0x08001690                TIM1_BRK_IRQHandler
                0x08001690                EXTI1_IRQHandler
                0x08001690                USART2_IRQHandler
                0x08001690                I2C2_ER_IRQHandler
                0x08001690                DMA1_Channel2_IRQHandler
                0x08001690                CAN1_SCE_IRQHandler
                0x08001690                FLASH_IRQHandler
                0x08001690                I2C1_ER_IRQHandler
                0x08001690                USBWakeUp_IRQHandler
 *fill*         0x08001692        0x2 
 .text.HAL_Init
                0x08001694       0x2c ./Drivers/STM32F1xx_HAL_Driver/stm32f1xx_hal.o
                0x08001694                HAL_Init
 .text.HAL_InitTick
                0x080016c0       0x60 ./Drivers/STM32F1xx_HAL_Driver/stm32f1xx_hal.o
                0x080016c0                HAL_InitTick
 .text.HAL_IncTick
                0x08001720       0x24 ./Drivers/STM32F1xx_HAL_Driver/stm32f1xx_hal.o
                0x08001720                HAL_IncTick
 .text.HAL_GetTick
                0x08001744       0x14 ./Drivers/STM32F1xx_HAL_Driver/stm32f1xx_hal.o
                0x08001744                HAL_GetTick
 .text.HAL_ADC_Init
                0x08001758      0x1b0 ./Drivers/STM32F1xx_HAL_Driver/stm32f1xx_hal_adc.o
                0x08001758                HAL_ADC_Init
 .text.HAL_ADC_Start_DMA
                0x08001908      0x1bc ./Drivers/STM32F1xx_HAL_Driver/stm32f1xx_hal_adc.o
                0x08001908                HAL_ADC_Start_DMA
 .text.HAL_ADC_ConvCpltCallback
                0x08001ac4       0x12 ./Drivers/STM32F1xx_HAL_Driver/stm32f1xx_hal_adc.o
                0x08001ac4                HAL_ADC_ConvCpltCallback
 .text.HAL_ADC_ConvHalfCpltCallback
                0x08001ad6       0x12 ./Drivers/STM32F1xx_HAL_Driver/stm32f1xx_hal_adc.o
                0x08001ad6                HAL_ADC_ConvHalfCpltCallback
 .text.HAL_ADC_ErrorCallback
                0x08001ae8       0x12 ./Drivers/STM32F1xx_HAL_Driver/stm32f1xx_hal_adc.o
                0x08001ae8                HAL_ADC_ErrorCallback
 *fill*         0x08001afa        0x2 
 .text.HAL_ADC_ConfigChannel
                0x08001afc      0x1f0 ./Drivers/STM32F1xx_HAL_Driver/stm32f1xx_hal_adc.o
                0x08001afc                HAL_ADC_ConfigChannel
 .text.ADC_Enable
                0x08001cec       0xb4 ./Drivers/STM32F1xx_HAL_Driver/stm32f1xx_hal_adc.o
                0x08001cec                ADC_Enable
 .text.ADC_ConversionStop_Disable
                0x08001da0       0x82 ./Drivers/STM32F1xx_HAL_Driver/stm32f1xx_hal_adc.o
                0x08001da0                ADC_ConversionStop_Disable
 .text.ADC_DMAConvCplt
                0x08001e22       0x7c ./Drivers/STM32F1xx_HAL_Driver/stm32f1xx_hal_adc.o
                0x08001e22                ADC_DMAConvCplt
 .text.ADC_DMAHalfConvCplt
                0x08001e9e       0x1c ./Drivers/STM32F1xx_HAL_Driver/stm32f1xx_hal_adc.o
                0x08001e9e                ADC_DMAHalfConvCplt
 .text.ADC_DMAError
                0x08001eba       0x34 ./Drivers/STM32F1xx_HAL_Driver/stm32f1xx_hal_adc.o
                0x08001eba                ADC_DMAError
 *fill*         0x08001eee        0x2 
 .text.__NVIC_SetPriorityGrouping
                0x08001ef0       0x48 ./Drivers/STM32F1xx_HAL_Driver/stm32f1xx_hal_cortex.o
 .text.__NVIC_GetPriorityGrouping
                0x08001f38       0x1c ./Drivers/STM32F1xx_HAL_Driver/stm32f1xx_hal_cortex.o
 .text.__NVIC_EnableIRQ
                0x08001f54       0x38 ./Drivers/STM32F1xx_HAL_Driver/stm32f1xx_hal_cortex.o
 .text.__NVIC_SetPriority
                0x08001f8c       0x54 ./Drivers/STM32F1xx_HAL_Driver/stm32f1xx_hal_cortex.o
 .text.NVIC_EncodePriority
                0x08001fe0       0x64 ./Drivers/STM32F1xx_HAL_Driver/stm32f1xx_hal_cortex.o
 .text.SysTick_Config
                0x08002044       0x44 ./Drivers/STM32F1xx_HAL_Driver/stm32f1xx_hal_cortex.o
 .text.HAL_NVIC_SetPriorityGrouping
                0x08002088       0x16 ./Drivers/STM32F1xx_HAL_Driver/stm32f1xx_hal_cortex.o
                0x08002088                HAL_NVIC_SetPriorityGrouping
 .text.HAL_NVIC_SetPriority
                0x0800209e       0x38 ./Drivers/STM32F1xx_HAL_Driver/stm32f1xx_hal_cortex.o
                0x0800209e                HAL_NVIC_SetPriority
 .text.HAL_NVIC_EnableIRQ
                0x080020d6       0x1c ./Drivers/STM32F1xx_HAL_Driver/stm32f1xx_hal_cortex.o
                0x080020d6                HAL_NVIC_EnableIRQ
 .text.HAL_SYSTICK_Config
                0x080020f2       0x18 ./Drivers/STM32F1xx_HAL_Driver/stm32f1xx_hal_cortex.o
                0x080020f2                HAL_SYSTICK_Config
 *fill*         0x0800210a        0x2 
 .text.HAL_DMA_Init
                0x0800210c       0xb4 ./Drivers/STM32F1xx_HAL_Driver/stm32f1xx_hal_dma.o
                0x0800210c                HAL_DMA_Init
 .text.HAL_DMA_Start_IT
                0x080021c0       0xc0 ./Drivers/STM32F1xx_HAL_Driver/stm32f1xx_hal_dma.o
                0x080021c0                HAL_DMA_Start_IT
 .text.HAL_DMA_Abort
                0x08002280       0x76 ./Drivers/STM32F1xx_HAL_Driver/stm32f1xx_hal_dma.o
                0x08002280                HAL_DMA_Abort
 *fill*         0x080022f6        0x2 
 .text.HAL_DMA_Abort_IT
                0x080022f8       0xf0 ./Drivers/STM32F1xx_HAL_Driver/stm32f1xx_hal_dma.o
                0x080022f8                HAL_DMA_Abort_IT
 .text.HAL_DMA_IRQHandler
                0x080023e8      0x20c ./Drivers/STM32F1xx_HAL_Driver/stm32f1xx_hal_dma.o
                0x080023e8                HAL_DMA_IRQHandler
 .text.DMA_SetConfig
                0x080025f4       0x5a ./Drivers/STM32F1xx_HAL_Driver/stm32f1xx_hal_dma.o
 *fill*         0x0800264e        0x2 
 .text.HAL_FLASH_Program
                0x08002650       0xe0 ./Drivers/STM32F1xx_HAL_Driver/stm32f1xx_hal_flash.o
                0x08002650                HAL_FLASH_Program
 .text.HAL_FLASH_Unlock
                0x08002730       0x4c ./Drivers/STM32F1xx_HAL_Driver/stm32f1xx_hal_flash.o
                0x08002730                HAL_FLASH_Unlock
 .text.HAL_FLASH_Lock
                0x0800277c       0x20 ./Drivers/STM32F1xx_HAL_Driver/stm32f1xx_hal_flash.o
                0x0800277c                HAL_FLASH_Lock
 .text.FLASH_Program_HalfWord
                0x0800279c       0x38 ./Drivers/STM32F1xx_HAL_Driver/stm32f1xx_hal_flash.o
 .text.FLASH_WaitForLastOperation
                0x080027d4       0x8c ./Drivers/STM32F1xx_HAL_Driver/stm32f1xx_hal_flash.o
                0x080027d4                FLASH_WaitForLastOperation
 .text.FLASH_SetErrorCode
                0x08002860       0xa0 ./Drivers/STM32F1xx_HAL_Driver/stm32f1xx_hal_flash.o
 .text.HAL_FLASHEx_Erase
                0x08002900       0xd8 ./Drivers/STM32F1xx_HAL_Driver/stm32f1xx_hal_flash_ex.o
                0x08002900                HAL_FLASHEx_Erase
 .text.FLASH_MassErase
                0x080029d8       0x38 ./Drivers/STM32F1xx_HAL_Driver/stm32f1xx_hal_flash_ex.o
 .text.FLASH_PageErase
                0x08002a10       0x40 ./Drivers/STM32F1xx_HAL_Driver/stm32f1xx_hal_flash_ex.o
                0x08002a10                FLASH_PageErase
 .text.HAL_GPIO_Init
                0x08002a50      0x308 ./Drivers/STM32F1xx_HAL_Driver/stm32f1xx_hal_gpio.o
                0x08002a50                HAL_GPIO_Init
 .text.HAL_GPIO_WritePin
                0x08002d58       0x30 ./Drivers/STM32F1xx_HAL_Driver/stm32f1xx_hal_gpio.o
                0x08002d58                HAL_GPIO_WritePin
 .text.HAL_GPIO_EXTI_IRQHandler
                0x08002d88       0x30 ./Drivers/STM32F1xx_HAL_Driver/stm32f1xx_hal_gpio.o
                0x08002d88                HAL_GPIO_EXTI_IRQHandler
 .text.HAL_I2C_Init
                0x08002db8      0x288 ./Drivers/STM32F1xx_HAL_Driver/stm32f1xx_hal_i2c.o
                0x08002db8                HAL_I2C_Init
 .text.HAL_I2C_Master_Receive
                0x08003040      0x4d8 ./Drivers/STM32F1xx_HAL_Driver/stm32f1xx_hal_i2c.o
                0x08003040                HAL_I2C_Master_Receive
 .text.I2C_MasterRequestRead
                0x08003518      0x19c ./Drivers/STM32F1xx_HAL_Driver/stm32f1xx_hal_i2c.o
 .text.I2C_WaitOnFlagUntilTimeout
                0x080036b4       0xf4 ./Drivers/STM32F1xx_HAL_Driver/stm32f1xx_hal_i2c.o
 .text.I2C_WaitOnMasterAddressFlagUntilTimeout
                0x080037a8      0x140 ./Drivers/STM32F1xx_HAL_Driver/stm32f1xx_hal_i2c.o
 .text.I2C_WaitOnRXNEFlagUntilTimeout
                0x080038e8       0xba ./Drivers/STM32F1xx_HAL_Driver/stm32f1xx_hal_i2c.o
 *fill*         0x080039a2        0x2 
 .text.HAL_RCC_OscConfig
                0x080039a4      0x504 ./Drivers/STM32F1xx_HAL_Driver/stm32f1xx_hal_rcc.o
                0x080039a4                HAL_RCC_OscConfig
 .text.HAL_RCC_ClockConfig
                0x08003ea8      0x1d4 ./Drivers/STM32F1xx_HAL_Driver/stm32f1xx_hal_rcc.o
                0x08003ea8                HAL_RCC_ClockConfig
 .text.HAL_RCC_GetSysClockFreq
                0x0800407c       0xa8 ./Drivers/STM32F1xx_HAL_Driver/stm32f1xx_hal_rcc.o
                0x0800407c                HAL_RCC_GetSysClockFreq
 .text.HAL_RCC_GetHCLKFreq
                0x08004124       0x14 ./Drivers/STM32F1xx_HAL_Driver/stm32f1xx_hal_rcc.o
                0x08004124                HAL_RCC_GetHCLKFreq
 .text.HAL_RCC_GetPCLK1Freq
                0x08004138       0x28 ./Drivers/STM32F1xx_HAL_Driver/stm32f1xx_hal_rcc.o
                0x08004138                HAL_RCC_GetPCLK1Freq
 .text.HAL_RCC_GetPCLK2Freq
                0x08004160       0x28 ./Drivers/STM32F1xx_HAL_Driver/stm32f1xx_hal_rcc.o
                0x08004160                HAL_RCC_GetPCLK2Freq
 .text.RCC_Delay
                0x08004188       0x3c ./Drivers/STM32F1xx_HAL_Driver/stm32f1xx_hal_rcc.o
 .text.HAL_RCCEx_PeriphCLKConfig
                0x080041c4      0x16c ./Drivers/STM32F1xx_HAL_Driver/stm32f1xx_hal_rcc_ex.o
                0x080041c4                HAL_RCCEx_PeriphCLKConfig
 .text.HAL_TIM_PWM_Init
                0x08004330       0x9e ./Drivers/STM32F1xx_HAL_Driver/stm32f1xx_hal_tim.o
                0x08004330                HAL_TIM_PWM_Init
 *fill*         0x080043ce        0x2 
 .text.HAL_TIM_PWM_Start
                0x080043d0      0x144 ./Drivers/STM32F1xx_HAL_Driver/stm32f1xx_hal_tim.o
                0x080043d0                HAL_TIM_PWM_Start
 .text.HAL_TIM_PWM_ConfigChannel
                0x08004514      0x184 ./Drivers/STM32F1xx_HAL_Driver/stm32f1xx_hal_tim.o
                0x08004514                HAL_TIM_PWM_ConfigChannel
 .text.TIM_Base_SetConfig
                0x08004698       0xdc ./Drivers/STM32F1xx_HAL_Driver/stm32f1xx_hal_tim.o
                0x08004698                TIM_Base_SetConfig
 .text.TIM_OC1_SetConfig
                0x08004774       0xcc ./Drivers/STM32F1xx_HAL_Driver/stm32f1xx_hal_tim.o
 .text.TIM_OC2_SetConfig
                0x08004840       0xd4 ./Drivers/STM32F1xx_HAL_Driver/stm32f1xx_hal_tim.o
                0x08004840                TIM_OC2_SetConfig
 .text.TIM_OC3_SetConfig
                0x08004914       0xd4 ./Drivers/STM32F1xx_HAL_Driver/stm32f1xx_hal_tim.o
 .text.TIM_OC4_SetConfig
                0x080049e8       0x9c ./Drivers/STM32F1xx_HAL_Driver/stm32f1xx_hal_tim.o
 .text.TIM_CCxChannelCmd
                0x08004a84       0x48 ./Drivers/STM32F1xx_HAL_Driver/stm32f1xx_hal_tim.o
                0x08004a84                TIM_CCxChannelCmd
 .text.HAL_TIMEx_MasterConfigSynchronization
                0x08004acc       0xbc ./Drivers/STM32F1xx_HAL_Driver/stm32f1xx_hal_tim_ex.o
                0x08004acc                HAL_TIMEx_MasterConfigSynchronization
 .text.HAL_TIMEx_ConfigBreakDeadTime
                0x08004b88       0xa2 ./Drivers/STM32F1xx_HAL_Driver/stm32f1xx_hal_tim_ex.o
                0x08004b88                HAL_TIMEx_ConfigBreakDeadTime
 .text.HAL_UART_Init
                0x08004c2a       0xa0 ./Drivers/STM32F1xx_HAL_Driver/stm32f1xx_hal_uart.o
                0x08004c2a                HAL_UART_Init
 .text.HAL_UARTEx_ReceiveToIdle_DMA
                0x08004cca       0xb2 ./Drivers/STM32F1xx_HAL_Driver/stm32f1xx_hal_uart.o
                0x08004cca                HAL_UARTEx_ReceiveToIdle_DMA
 .text.HAL_UART_IRQHandler
                0x08004d7c      0x524 ./Drivers/STM32F1xx_HAL_Driver/stm32f1xx_hal_uart.o
                0x08004d7c                HAL_UART_IRQHandler
 .text.HAL_UART_TxCpltCallback
                0x080052a0       0x12 ./Drivers/STM32F1xx_HAL_Driver/stm32f1xx_hal_uart.o
                0x080052a0                HAL_UART_TxCpltCallback
 .text.HAL_UART_RxCpltCallback
                0x080052b2       0x12 ./Drivers/STM32F1xx_HAL_Driver/stm32f1xx_hal_uart.o
                0x080052b2                HAL_UART_RxCpltCallback
 .text.HAL_UART_RxHalfCpltCallback
                0x080052c4       0x12 ./Drivers/STM32F1xx_HAL_Driver/stm32f1xx_hal_uart.o
                0x080052c4                HAL_UART_RxHalfCpltCallback
 .text.HAL_UART_ErrorCallback
                0x080052d6       0x12 ./Drivers/STM32F1xx_HAL_Driver/stm32f1xx_hal_uart.o
                0x080052d6                HAL_UART_ErrorCallback
 .text.UART_DMAReceiveCplt
                0x080052e8      0x12c ./Drivers/STM32F1xx_HAL_Driver/stm32f1xx_hal_uart.o
 .text.UART_DMARxHalfCplt
                0x08005414       0x3c ./Drivers/STM32F1xx_HAL_Driver/stm32f1xx_hal_uart.o
 .text.UART_DMAError
                0x08005450       0x94 ./Drivers/STM32F1xx_HAL_Driver/stm32f1xx_hal_uart.o
 .text.UART_Start_Receive_DMA
                0x080054e4      0x134 ./Drivers/STM32F1xx_HAL_Driver/stm32f1xx_hal_uart.o
                0x080054e4                UART_Start_Receive_DMA
 .text.UART_EndTxTransfer
                0x08005618       0x4e ./Drivers/STM32F1xx_HAL_Driver/stm32f1xx_hal_uart.o
 .text.UART_EndRxTransfer
                0x08005666       0xc4 ./Drivers/STM32F1xx_HAL_Driver/stm32f1xx_hal_uart.o
 .text.UART_DMAAbortOnError
                0x0800572a       0x28 ./Drivers/STM32F1xx_HAL_Driver/stm32f1xx_hal_uart.o
 .text.UART_Transmit_IT
                0x08005752       0x9e ./Drivers/STM32F1xx_HAL_Driver/stm32f1xx_hal_uart.o
 .text.UART_EndTransmit_IT
                0x080057f0       0x30 ./Drivers/STM32F1xx_HAL_Driver/stm32f1xx_hal_uart.o
 .text.UART_Receive_IT
                0x08005820      0x17c ./Drivers/STM32F1xx_HAL_Driver/stm32f1xx_hal_uart.o
 .text.UART_SetConfig
                0x0800599c      0x11c ./Drivers/STM32F1xx_HAL_Driver/stm32f1xx_hal_uart.o
 .text.Flash_Read
                0x08005ab8       0x16 ./LIB/src/EEPROMx.o
                0x08005ab8                Flash_Read
 .text.Flash_ErasePage
                0x08005ace       0x4a ./LIB/src/EEPROMx.o
                0x08005ace                Flash_ErasePage
 .text.Flash_Write
                0x08005b18       0x38 ./LIB/src/EEPROMx.o
                0x08005b18                Flash_Write
 .text._ZN5Flags11TurnONFlagsEv
                0x08005b50       0xc8 ./LIB/src/Flags.o
                0x08005b50                Flags::TurnONFlags()
 .text._ZN5Flags12TurnOFFFlagsEv
                0x08005c18       0x2a ./LIB/src/Flags.o
                0x08005c18                Flags::TurnOFFFlags()
 *fill*         0x08005c42        0x2 
 .text.GPIOx_Init
                0x08005c44      0x108 ./LIB/src/Gpiox.o
                0x08005c44                GPIOx_Init
 .text._ZN12Modbus_SlaveC2Ev
                0x08005d4c       0x68 ./LIB/src/Modbus_Slave.o
                0x08005d4c                Modbus_Slave::Modbus_Slave()
                0x08005d4c                Modbus_Slave::Modbus_Slave()
 .text._ZN12Modbus_Slave16USARTx_PutS_SizeEP13USART_TypeDefPhh
                0x08005db4       0x96 ./LIB/src/Modbus_Slave.o
                0x08005db4                Modbus_Slave::USARTx_PutS_Size(USART_TypeDef*, unsigned char*, unsigned char)
 .text._Z5CRC16Pht
                0x08005e4a       0x76 ./LIB/src/Modbus_Slave.o
                0x08005e4a                CRC16(unsigned char*, unsigned short)
 .text._ZN12Modbus_Slave8sendDataEPhi
                0x08005ec0       0x8c ./LIB/src/Modbus_Slave.o
                0x08005ec0                Modbus_Slave::sendData(unsigned char*, int)
 .text._ZN12Modbus_Slave15modbusExceptionEh
                0x08005f4c       0x3e ./LIB/src/Modbus_Slave.o
                0x08005f4c                Modbus_Slave::modbusException(unsigned char)
 .text._ZN12Modbus_Slave12Check_BufferEP13USART_TypeDef
                0x08005f8a       0x54 ./LIB/src/Modbus_Slave.o
                0x08005f8a                Modbus_Slave::Check_Buffer(USART_TypeDef*)
 *fill*         0x08005fde        0x2 
 .text._ZN12Modbus_Slave17readInputRegs_FC4Ev
                0x08005fe0      0x10c ./LIB/src/Modbus_Slave.o
                0x08005fe0                Modbus_Slave::readInputRegs_FC4()
 .text._ZN12Modbus_Slave15readHoldingRegsEv
                0x080060ec       0x14 ./LIB/src/Modbus_Slave.o
                0x080060ec                Modbus_Slave::readHoldingRegs()
 .text._ZN12Modbus_Slave15WriteIDRegs_FC6Ev
                0x08006100       0xb8 ./LIB/src/Modbus_Slave.o
                0x08006100                Modbus_Slave::WriteIDRegs_FC6()
 .text.Get_Tempe_Press
                0x080061b8      0x108 ./LIB/src/SM9541.o
                0x080061b8                Get_Tempe_Press
 .text.Status_Current_Switch
                0x080062c0       0x88 ./LIB/src/Switch.o
                0x080062c0                Status_Current_Switch
 .text._ZN6HT1621C2Ev
                0x08006348       0x84 ./LIB/src/ht621b.o
                0x08006348                HT1621::HT1621()
                0x08006348                HT1621::HT1621()
 .text._ZN6HT16217wrBytesEhh
                0x080063cc       0x54 ./LIB/src/ht621b.o
                0x080063cc                HT1621::wrBytes(unsigned char, unsigned char)
 .text._ZN6HT16215wrCmdEh
                0x08006420       0x40 ./LIB/src/ht621b.o
                0x08006420                HT1621::wrCmd(unsigned char)
 .text._ZN6HT16218sendBitsEhh
                0x08006460       0x64 ./LIB/src/ht621b.o
                0x08006460                HT1621::sendBits(unsigned char, unsigned char)
 .text._ZN6HT16219displayOnEv
                0x080064c4       0x38 ./LIB/src/ht621b.o
                0x080064c4                HT1621::displayOn()
 .text._ZN6HT16218clearAllEv
                0x080064fc       0x3a ./LIB/src/ht621b.o
                0x080064fc                HT1621::clearAll()
 .text._ZN6HT162117ValuesConstructorEv
                0x08006536       0xc0 ./LIB/src/ht621b.o
                0x08006536                HT1621::ValuesConstructor()
 *fill*         0x080065f6        0x2 
 .text._ZN6HT16217ConvertEthh
                0x080065f8       0xc8 ./LIB/src/ht621b.o
                0x080065f8                HT1621::Convert(unsigned short, unsigned char, unsigned char)
 .text._ZN6HT162117Write_Float_LinexEfh
                0x080066c0      0x194 ./LIB/src/ht621b.o
                0x080066c0                HT1621::Write_Float_Linex(float, unsigned char)
 .text._ZN6HT162115Write_INT_LinexEfh
                0x08006854      0x1bc ./LIB/src/ht621b.o
                0x08006854                HT1621::Write_INT_Linex(float, unsigned char)
 .text._ZN6HT16218Write_IdEh
                0x08006a10       0xb0 ./LIB/src/ht621b.o
                0x08006a10                HT1621::Write_Id(unsigned char)
 .text.memset   0x08006ac0       0x10 C:/ST/STM32CubeIDE_1.17.0/STM32CubeIDE/plugins/com.st.stm32cube.ide.mcu.externaltools.gnu-tools-for-stm32.12.3.rel1.win32_1.1.0.202410251130/tools/bin/../lib/gcc/arm-none-eabi/12.3.1/../../../../arm-none-eabi/lib/thumb/v7-m/nofp\libc_nano.a(libc_a-memset.o)
                0x08006ac0                memset
 .text.__libc_init_array
                0x08006ad0       0x48 C:/ST/STM32CubeIDE_1.17.0/STM32CubeIDE/plugins/com.st.stm32cube.ide.mcu.externaltools.gnu-tools-for-stm32.12.3.rel1.win32_1.1.0.202410251130/tools/bin/../lib/gcc/arm-none-eabi/12.3.1/../../../../arm-none-eabi/lib/thumb/v7-m/nofp\libc_nano.a(libc_a-init.o)
                0x08006ad0                __libc_init_array
 *(.glue_7)
 .glue_7        0x08006b18        0x0 linker stubs
 *(.glue_7t)
 .glue_7t       0x08006b18        0x0 linker stubs
 *(.eh_frame)
 .eh_frame      0x08006b18        0x0 C:/ST/STM32CubeIDE_1.17.0/STM32CubeIDE/plugins/com.st.stm32cube.ide.mcu.externaltools.gnu-tools-for-stm32.12.3.rel1.win32_1.1.0.202410251130/tools/bin/../lib/gcc/arm-none-eabi/12.3.1/thumb/v7-m/nofp/crtbegin.o
 *(.init)
 .init          0x08006b18        0x4 C:/ST/STM32CubeIDE_1.17.0/STM32CubeIDE/plugins/com.st.stm32cube.ide.mcu.externaltools.gnu-tools-for-stm32.12.3.rel1.win32_1.1.0.202410251130/tools/bin/../lib/gcc/arm-none-eabi/12.3.1/thumb/v7-m/nofp/crti.o
                0x08006b18                _init
 .init          0x08006b1c        0x8 C:/ST/STM32CubeIDE_1.17.0/STM32CubeIDE/plugins/com.st.stm32cube.ide.mcu.externaltools.gnu-tools-for-stm32.12.3.rel1.win32_1.1.0.202410251130/tools/bin/../lib/gcc/arm-none-eabi/12.3.1/thumb/v7-m/nofp/crtn.o
 *(.fini)
 .fini          0x08006b24        0x4 C:/ST/STM32CubeIDE_1.17.0/STM32CubeIDE/plugins/com.st.stm32cube.ide.mcu.externaltools.gnu-tools-for-stm32.12.3.rel1.win32_1.1.0.202410251130/tools/bin/../lib/gcc/arm-none-eabi/12.3.1/thumb/v7-m/nofp/crti.o
                0x08006b24                _fini
 .fini          0x08006b28        0x8 C:/ST/STM32CubeIDE_1.17.0/STM32CubeIDE/plugins/com.st.stm32cube.ide.mcu.externaltools.gnu-tools-for-stm32.12.3.rel1.win32_1.1.0.202410251130/tools/bin/../lib/gcc/arm-none-eabi/12.3.1/thumb/v7-m/nofp/crtn.o
                0x08006b30                        . = ALIGN (0x4)
                0x08006b30                        _etext = .

.vfp11_veneer   0x08006b30        0x0
 .vfp11_veneer  0x08006b30        0x0 linker stubs

.v4_bx          0x08006b30        0x0
 .v4_bx         0x08006b30        0x0 linker stubs

.iplt           0x08006b30        0x0
 .iplt          0x08006b30        0x0 C:/ST/STM32CubeIDE_1.17.0/STM32CubeIDE/plugins/com.st.stm32cube.ide.mcu.externaltools.gnu-tools-for-stm32.12.3.rel1.win32_1.1.0.202410251130/tools/bin/../lib/gcc/arm-none-eabi/12.3.1/thumb/v7-m/nofp/crtbegin.o

.rodata         0x08006b30      0x100
                0x08006b30                        . = ALIGN (0x4)
 *(.rodata)
 *(.rodata*)
 .rodata.AHBPrescTable
                0x08006b30       0x10 ./Core/Src/system_stm32f1xx.o
                0x08006b30                AHBPrescTable
 .rodata.APBPrescTable
                0x08006b40        0x8 ./Core/Src/system_stm32f1xx.o
                0x08006b40                APBPrescTable
 .rodata.aPLLMULFactorTable.1
                0x08006b48       0x10 ./Drivers/STM32F1xx_HAL_Driver/stm32f1xx_hal_rcc.o
 .rodata.aPredivFactorTable.0
                0x08006b58        0x2 ./Drivers/STM32F1xx_HAL_Driver/stm32f1xx_hal_rcc.o
 *fill*         0x08006b5a        0x2 
 .rodata._ZL24Input_Registers_Database
                0x08006b5c       0x64 ./LIB/src/Modbus_Slave.o
 .rodata.minVal
                0x08006bc0       0x20 ./LIB/src/Switch.o
                0x08006bc0                minVal
 .rodata.maxVal
                0x08006be0       0x20 ./LIB/src/Switch.o
                0x08006be0                maxVal
 .rodata.rangeVal
                0x08006c00       0x20 ./LIB/src/Switch.o
                0x08006c00                rangeVal
 .rodata.respVal
                0x08006c20       0x10 ./LIB/src/Switch.o
                0x08006c20                respVal
                0x08006c30                        . = ALIGN (0x4)

.ARM.extab      0x08006c30        0x0
                0x08006c30                        . = ALIGN (0x4)
 *(.ARM.extab* .gnu.linkonce.armextab.*)
                0x08006c30                        . = ALIGN (0x4)

.ARM            0x08006c30        0x0
                0x08006c30                        . = ALIGN (0x4)
                0x08006c30                        __exidx_start = .
 *(.ARM.exidx*)
                0x08006c30                        __exidx_end = .
                0x08006c30                        . = ALIGN (0x4)

.preinit_array  0x08006c30        0x0
                0x08006c30                        . = ALIGN (0x4)
                0x08006c30                        PROVIDE (__preinit_array_start = .)
 *(.preinit_array*)
                0x08006c30                        PROVIDE (__preinit_array_end = .)
                0x08006c30                        . = ALIGN (0x4)

.init_array     0x08006c30        0x8
                0x08006c30                        . = ALIGN (0x4)
                0x08006c30                        PROVIDE (__init_array_start = .)
 *(SORT_BY_NAME(.init_array.*))
 *(.init_array*)
 .init_array    0x08006c30        0x4 C:/ST/STM32CubeIDE_1.17.0/STM32CubeIDE/plugins/com.st.stm32cube.ide.mcu.externaltools.gnu-tools-for-stm32.12.3.rel1.win32_1.1.0.202410251130/tools/bin/../lib/gcc/arm-none-eabi/12.3.1/thumb/v7-m/nofp/crtbegin.o
 .init_array    0x08006c34        0x4 ./Core/Src/alt_main.o
                0x08006c38                        PROVIDE (__init_array_end = .)
                0x08006c38                        . = ALIGN (0x4)

.fini_array     0x08006c38        0x4
                0x08006c38                        . = ALIGN (0x4)
                [!provide]                        PROVIDE (__fini_array_start = .)
 *(SORT_BY_NAME(.fini_array.*))
 *(.fini_array*)
 .fini_array    0x08006c38        0x4 C:/ST/STM32CubeIDE_1.17.0/STM32CubeIDE/plugins/com.st.stm32cube.ide.mcu.externaltools.gnu-tools-for-stm32.12.3.rel1.win32_1.1.0.202410251130/tools/bin/../lib/gcc/arm-none-eabi/12.3.1/thumb/v7-m/nofp/crtbegin.o
                [!provide]                        PROVIDE (__fini_array_end = .)
                0x08006c3c                        . = ALIGN (0x4)
                0x08006c3c                        _sidata = LOADADDR (.data)

.rel.dyn        0x08006c3c        0x0
 .rel.iplt      0x08006c3c        0x0 C:/ST/STM32CubeIDE_1.17.0/STM32CubeIDE/plugins/com.st.stm32cube.ide.mcu.externaltools.gnu-tools-for-stm32.12.3.rel1.win32_1.1.0.202410251130/tools/bin/../lib/gcc/arm-none-eabi/12.3.1/thumb/v7-m/nofp/crtbegin.o

.data           0x20000000       0x10 load address 0x08006c3c
                0x20000000                        . = ALIGN (0x4)
                0x20000000                        _sdata = .
 *(.data)
 *(.data*)
 .data.Status_stm32
                0x20000000        0x1 ./Core/Src/alt_main.o
                0x20000000                Status_stm32
 .data.Status_initial_LCD
                0x20000001        0x1 ./Core/Src/alt_main.o
                0x20000001                Status_initial_LCD
 *fill*         0x20000002        0x2 
 .data.SystemCoreClock
                0x20000004        0x4 ./Core/Src/system_stm32f1xx.o
                0x20000004                SystemCoreClock
 .data.uwTickPrio
                0x20000008        0x4 ./Drivers/STM32F1xx_HAL_Driver/stm32f1xx_hal.o
                0x20000008                uwTickPrio
 .data.uwTickFreq
                0x2000000c        0x1 ./Drivers/STM32F1xx_HAL_Driver/stm32f1xx_hal.o
                0x2000000c                uwTickFreq
 *(.RamFunc)
 *(.RamFunc*)
                0x20000010                        . = ALIGN (0x4)
 *fill*         0x2000000d        0x3 
                0x20000010                        _edata = .

.igot.plt       0x20000010        0x0 load address 0x08006c4c
 .igot.plt      0x20000010        0x0 C:/ST/STM32CubeIDE_1.17.0/STM32CubeIDE/plugins/com.st.stm32cube.ide.mcu.externaltools.gnu-tools-for-stm32.12.3.rel1.win32_1.1.0.202410251130/tools/bin/../lib/gcc/arm-none-eabi/12.3.1/thumb/v7-m/nofp/crtbegin.o
                0x20000010                        . = ALIGN (0x4)

.bss            0x20000010      0x34c load address 0x08006c4c
                0x20000010                        _sbss = .
                0x20000010                        __bss_start__ = _sbss
 *(.bss)
 .bss           0x20000010       0x1c C:/ST/STM32CubeIDE_1.17.0/STM32CubeIDE/plugins/com.st.stm32cube.ide.mcu.externaltools.gnu-tools-for-stm32.12.3.rel1.win32_1.1.0.202410251130/tools/bin/../lib/gcc/arm-none-eabi/12.3.1/thumb/v7-m/nofp/crtbegin.o
 *(.bss*)
 .bss._Ht621b   0x2000002c       0x1d ./Core/Src/alt_main.o
                0x2000002c                _Ht621b
 *fill*         0x20000049        0x3 
 .bss._Modbus_Slave
                0x2000004c      0x114 ./Core/Src/alt_main.o
                0x2000004c                _Modbus_Slave
 .bss._Flags    0x20000160       0x14 ./Core/Src/alt_main.o
                0x20000160                _Flags
 .bss.temperature_Sm9541
                0x20000174        0x4 ./Core/Src/alt_main.o
                0x20000174                temperature_Sm9541
 .bss.pressure_Sm9541
                0x20000178        0x4 ./Core/Src/alt_main.o
                0x20000178                pressure_Sm9541
 .bss.temperature_Sm9541_cur
                0x2000017c        0x4 ./Core/Src/alt_main.o
                0x2000017c                temperature_Sm9541_cur
 .bss.pressure_Sm9541_cur
                0x20000180        0x4 ./Core/Src/alt_main.o
                0x20000180                pressure_Sm9541_cur
 .bss.data_adc  0x20000184        0x4 ./Core/Src/alt_main.o
                0x20000184                data_adc
 .bss.cur_time_ext
                0x20000188        0x4 ./Core/Src/alt_main.o
                0x20000188                cur_time_ext
 .bss.pre_time_ext
                0x2000018c        0x4 ./Core/Src/alt_main.o
                0x2000018c                pre_time_ext
 .bss.id        0x20000190        0x2 ./Core/Src/alt_main.o
                0x20000190                id
 *fill*         0x20000192        0x2 
 .bss.hadc1     0x20000194       0x30 ./Core/Src/main.o
                0x20000194                hadc1
 .bss.hdma_adc1
                0x200001c4       0x44 ./Core/Src/main.o
                0x200001c4                hdma_adc1
 .bss.hi2c1     0x20000208       0x54 ./Core/Src/main.o
                0x20000208                hi2c1
 .bss.htim1     0x2000025c       0x48 ./Core/Src/main.o
                0x2000025c                htim1
 .bss.huart1    0x200002a4       0x48 ./Core/Src/main.o
                0x200002a4                huart1
 .bss.hdma_usart1_rx
                0x200002ec       0x44 ./Core/Src/main.o
                0x200002ec                hdma_usart1_rx
 .bss.uwTick    0x20000330        0x4 ./Drivers/STM32F1xx_HAL_Driver/stm32f1xx_hal.o
                0x20000330                uwTick
 *fill*         0x20000334        0x4 
 .bss.pFlash    0x20000338       0x20 ./Drivers/STM32F1xx_HAL_Driver/stm32f1xx_hal_flash.o
                0x20000338                pFlash
 .bss.Response_Switch
                0x20000358        0x1 ./LIB/src/Switch.o
                0x20000358                Response_Switch
 *fill*         0x20000359        0x1 
 .bss.Value_Switch_Pre
                0x2000035a        0x2 ./LIB/src/Switch.o
                0x2000035a                Value_Switch_Pre
 *(COMMON)
                0x2000035c                        . = ALIGN (0x4)
                0x2000035c                        _ebss = .
                0x2000035c                        __bss_end__ = _ebss

._user_heap_stack
                0x2000035c      0x604 load address 0x08006c4c
                0x20000360                        . = ALIGN (0x8)
 *fill*         0x2000035c        0x4 
                [!provide]                        PROVIDE (end = .)
                0x20000360                        PROVIDE (_end = .)
                0x20000560                        . = (. + _Min_Heap_Size)
 *fill*         0x20000360      0x200 
                0x20000960                        . = (. + _Min_Stack_Size)
 *fill*         0x20000560      0x400 
                0x20000960                        . = ALIGN (0x8)

/DISCARD/
 libc.a(*)
 libm.a(*)
 libgcc.a(*)

.ARM.attributes
                0x00000000       0x29
 *(.ARM.attributes)
 .ARM.attributes
                0x00000000       0x1d C:/ST/STM32CubeIDE_1.17.0/STM32CubeIDE/plugins/com.st.stm32cube.ide.mcu.externaltools.gnu-tools-for-stm32.12.3.rel1.win32_1.1.0.202410251130/tools/bin/../lib/gcc/arm-none-eabi/12.3.1/thumb/v7-m/nofp/crti.o
 .ARM.attributes
                0x0000001d       0x2d C:/ST/STM32CubeIDE_1.17.0/STM32CubeIDE/plugins/com.st.stm32cube.ide.mcu.externaltools.gnu-tools-for-stm32.12.3.rel1.win32_1.1.0.202410251130/tools/bin/../lib/gcc/arm-none-eabi/12.3.1/thumb/v7-m/nofp/crtbegin.o
 .ARM.attributes
                0x0000004a       0x2d ./Core/Src/alt_main.o
 .ARM.attributes
                0x00000077       0x2d ./Core/Src/main.o
 .ARM.attributes
                0x000000a4       0x2d ./Core/Src/stm32f1xx_hal_msp.o
 .ARM.attributes
                0x000000d1       0x2d ./Core/Src/stm32f1xx_it.o
 .ARM.attributes
                0x000000fe       0x2d ./Core/Src/system_stm32f1xx.o
 .ARM.attributes
                0x0000012b       0x21 ./Core/Startup/startup_stm32f103c8tx.o
 .ARM.attributes
                0x0000014c       0x2d ./Drivers/STM32F1xx_HAL_Driver/stm32f1xx_hal.o
 .ARM.attributes
                0x00000179       0x2d ./Drivers/STM32F1xx_HAL_Driver/stm32f1xx_hal_adc.o
 .ARM.attributes
                0x000001a6       0x2d ./Drivers/STM32F1xx_HAL_Driver/stm32f1xx_hal_cortex.o
 .ARM.attributes
                0x000001d3       0x2d ./Drivers/STM32F1xx_HAL_Driver/stm32f1xx_hal_dma.o
 .ARM.attributes
                0x00000200       0x2d ./Drivers/STM32F1xx_HAL_Driver/stm32f1xx_hal_flash.o
 .ARM.attributes
                0x0000022d       0x2d ./Drivers/STM32F1xx_HAL_Driver/stm32f1xx_hal_flash_ex.o
 .ARM.attributes
                0x0000025a       0x2d ./Drivers/STM32F1xx_HAL_Driver/stm32f1xx_hal_gpio.o
 .ARM.attributes
                0x00000287       0x2d ./Drivers/STM32F1xx_HAL_Driver/stm32f1xx_hal_i2c.o
 .ARM.attributes
                0x000002b4       0x2d ./Drivers/STM32F1xx_HAL_Driver/stm32f1xx_hal_rcc.o
 .ARM.attributes
                0x000002e1       0x2d ./Drivers/STM32F1xx_HAL_Driver/stm32f1xx_hal_rcc_ex.o
 .ARM.attributes
                0x0000030e       0x2d ./Drivers/STM32F1xx_HAL_Driver/stm32f1xx_hal_tim.o
 .ARM.attributes
                0x0000033b       0x2d ./Drivers/STM32F1xx_HAL_Driver/stm32f1xx_hal_tim_ex.o
 .ARM.attributes
                0x00000368       0x2d ./Drivers/STM32F1xx_HAL_Driver/stm32f1xx_hal_uart.o
 .ARM.attributes
                0x00000395       0x2d ./LIB/src/EEPROMx.o
 .ARM.attributes
                0x000003c2       0x2d ./LIB/src/Flags.o
 .ARM.attributes
                0x000003ef       0x2d ./LIB/src/Gpiox.o
 .ARM.attributes
                0x0000041c       0x2d ./LIB/src/Modbus_Slave.o
 .ARM.attributes
                0x00000449       0x2d ./LIB/src/SM9541.o
 .ARM.attributes
                0x00000476       0x2d ./LIB/src/Switch.o
 .ARM.attributes
                0x000004a3       0x2d ./LIB/src/ht621b.o
 .ARM.attributes
                0x000004d0       0x2d C:/ST/STM32CubeIDE_1.17.0/STM32CubeIDE/plugins/com.st.stm32cube.ide.mcu.externaltools.gnu-tools-for-stm32.12.3.rel1.win32_1.1.0.202410251130/tools/bin/../lib/gcc/arm-none-eabi/12.3.1/../../../../arm-none-eabi/lib/thumb/v7-m/nofp\libc_nano.a(libc_a-memset.o)
 .ARM.attributes
                0x000004fd       0x2d C:/ST/STM32CubeIDE_1.17.0/STM32CubeIDE/plugins/com.st.stm32cube.ide.mcu.externaltools.gnu-tools-for-stm32.12.3.rel1.win32_1.1.0.202410251130/tools/bin/../lib/gcc/arm-none-eabi/12.3.1/../../../../arm-none-eabi/lib/thumb/v7-m/nofp\libc_nano.a(libc_a-init.o)
 .ARM.attributes
                0x0000052a       0x1d C:/ST/STM32CubeIDE_1.17.0/STM32CubeIDE/plugins/com.st.stm32cube.ide.mcu.externaltools.gnu-tools-for-stm32.12.3.rel1.win32_1.1.0.202410251130/tools/bin/../lib/gcc/arm-none-eabi/12.3.1/thumb/v7-m/nofp\libgcc.a(_arm_addsubdf3.o)
 .ARM.attributes
                0x00000547       0x1d C:/ST/STM32CubeIDE_1.17.0/STM32CubeIDE/plugins/com.st.stm32cube.ide.mcu.externaltools.gnu-tools-for-stm32.12.3.rel1.win32_1.1.0.202410251130/tools/bin/../lib/gcc/arm-none-eabi/12.3.1/thumb/v7-m/nofp\libgcc.a(_arm_truncdfsf2.o)
 .ARM.attributes
                0x00000564       0x1d C:/ST/STM32CubeIDE_1.17.0/STM32CubeIDE/plugins/com.st.stm32cube.ide.mcu.externaltools.gnu-tools-for-stm32.12.3.rel1.win32_1.1.0.202410251130/tools/bin/../lib/gcc/arm-none-eabi/12.3.1/thumb/v7-m/nofp\libgcc.a(_arm_addsubsf3.o)
 .ARM.attributes
                0x00000581       0x1d C:/ST/STM32CubeIDE_1.17.0/STM32CubeIDE/plugins/com.st.stm32cube.ide.mcu.externaltools.gnu-tools-for-stm32.12.3.rel1.win32_1.1.0.202410251130/tools/bin/../lib/gcc/arm-none-eabi/12.3.1/thumb/v7-m/nofp\libgcc.a(_arm_muldivsf3.o)
 .ARM.attributes
                0x0000059e       0x1d C:/ST/STM32CubeIDE_1.17.0/STM32CubeIDE/plugins/com.st.stm32cube.ide.mcu.externaltools.gnu-tools-for-stm32.12.3.rel1.win32_1.1.0.202410251130/tools/bin/../lib/gcc/arm-none-eabi/12.3.1/thumb/v7-m/nofp\libgcc.a(_arm_cmpsf2.o)
 .ARM.attributes
                0x000005bb       0x1d C:/ST/STM32CubeIDE_1.17.0/STM32CubeIDE/plugins/com.st.stm32cube.ide.mcu.externaltools.gnu-tools-for-stm32.12.3.rel1.win32_1.1.0.202410251130/tools/bin/../lib/gcc/arm-none-eabi/12.3.1/thumb/v7-m/nofp\libgcc.a(_arm_fixunssfsi.o)
 .ARM.attributes
                0x000005d8       0x1d C:/ST/STM32CubeIDE_1.17.0/STM32CubeIDE/plugins/com.st.stm32cube.ide.mcu.externaltools.gnu-tools-for-stm32.12.3.rel1.win32_1.1.0.202410251130/tools/bin/../lib/gcc/arm-none-eabi/12.3.1/thumb/v7-m/nofp/crtn.o
OUTPUT(Project_v5.elf elf32-littlearm)
LOAD linker stubs
LOAD C:/ST/STM32CubeIDE_1.17.0/STM32CubeIDE/plugins/com.st.stm32cube.ide.mcu.externaltools.gnu-tools-for-stm32.12.3.rel1.win32_1.1.0.202410251130/tools/bin/../lib/gcc/arm-none-eabi/12.3.1/../../../../arm-none-eabi/lib/thumb/v7-m/nofp\libc.a
LOAD C:/ST/STM32CubeIDE_1.17.0/STM32CubeIDE/plugins/com.st.stm32cube.ide.mcu.externaltools.gnu-tools-for-stm32.12.3.rel1.win32_1.1.0.202410251130/tools/bin/../lib/gcc/arm-none-eabi/12.3.1/../../../../arm-none-eabi/lib/thumb/v7-m/nofp\libm.a
LOAD C:/ST/STM32CubeIDE_1.17.0/STM32CubeIDE/plugins/com.st.stm32cube.ide.mcu.externaltools.gnu-tools-for-stm32.12.3.rel1.win32_1.1.0.202410251130/tools/bin/../lib/gcc/arm-none-eabi/12.3.1/thumb/v7-m/nofp\libgcc.a

.debug_info     0x00000000    0x13e35
 .debug_info    0x00000000     0x139b ./Core/Src/alt_main.o
 .debug_info    0x0000139b     0x16de ./Core/Src/main.o
 .debug_info    0x00002a79     0x13e0 ./Core/Src/stm32f1xx_hal_msp.o
 .debug_info    0x00003e59      0x656 ./Core/Src/stm32f1xx_it.o
 .debug_info    0x000044af      0x222 ./Core/Src/system_stm32f1xx.o
 .debug_info    0x000046d1       0x30 ./Core/Startup/startup_stm32f103c8tx.o
 .debug_info    0x00004701      0x704 ./Drivers/STM32F1xx_HAL_Driver/stm32f1xx_hal.o
 .debug_info    0x00004e05      0xc50 ./Drivers/STM32F1xx_HAL_Driver/stm32f1xx_hal_adc.o
 .debug_info    0x00005a55      0xa87 ./Drivers/STM32F1xx_HAL_Driver/stm32f1xx_hal_cortex.o
 .debug_info    0x000064dc      0x6d2 ./Drivers/STM32F1xx_HAL_Driver/stm32f1xx_hal_dma.o
 .debug_info    0x00006bae      0x4f8 ./Drivers/STM32F1xx_HAL_Driver/stm32f1xx_hal_flash.o
 .debug_info    0x000070a6      0x777 ./Drivers/STM32F1xx_HAL_Driver/stm32f1xx_hal_flash_ex.o
 .debug_info    0x0000781d      0x5ab ./Drivers/STM32F1xx_HAL_Driver/stm32f1xx_hal_gpio.o
 .debug_info    0x00007dc8     0x2524 ./Drivers/STM32F1xx_HAL_Driver/stm32f1xx_hal_i2c.o
 .debug_info    0x0000a2ec      0x7d5 ./Drivers/STM32F1xx_HAL_Driver/stm32f1xx_hal_rcc.o
 .debug_info    0x0000aac1      0x3c0 ./Drivers/STM32F1xx_HAL_Driver/stm32f1xx_hal_rcc_ex.o
 .debug_info    0x0000ae81     0x2959 ./Drivers/STM32F1xx_HAL_Driver/stm32f1xx_hal_tim.o
 .debug_info    0x0000d7da     0x149b ./Drivers/STM32F1xx_HAL_Driver/stm32f1xx_hal_tim_ex.o
 .debug_info    0x0000ec75     0x2eed ./Drivers/STM32F1xx_HAL_Driver/stm32f1xx_hal_uart.o
 .debug_info    0x00011b62      0x271 ./LIB/src/EEPROMx.o
 .debug_info    0x00011dd3      0x1e8 ./LIB/src/Flags.o
 .debug_info    0x00011fbb      0x7a6 ./LIB/src/Gpiox.o
 .debug_info    0x00012761      0x71c ./LIB/src/Modbus_Slave.o
 .debug_info    0x00012e7d      0x672 ./LIB/src/SM9541.o
 .debug_info    0x000134ef      0x1a5 ./LIB/src/Switch.o
 .debug_info    0x00013694      0x7a1 ./LIB/src/ht621b.o

.debug_abbrev   0x00000000     0x35c9
 .debug_abbrev  0x00000000      0x384 ./Core/Src/alt_main.o
 .debug_abbrev  0x00000384      0x311 ./Core/Src/main.o
 .debug_abbrev  0x00000695      0x294 ./Core/Src/stm32f1xx_hal_msp.o
 .debug_abbrev  0x00000929      0x18c ./Core/Src/stm32f1xx_it.o
 .debug_abbrev  0x00000ab5      0x13f ./Core/Src/system_stm32f1xx.o
 .debug_abbrev  0x00000bf4       0x24 ./Core/Startup/startup_stm32f103c8tx.o
 .debug_abbrev  0x00000c18      0x201 ./Drivers/STM32F1xx_HAL_Driver/stm32f1xx_hal.o
 .debug_abbrev  0x00000e19      0x225 ./Drivers/STM32F1xx_HAL_Driver/stm32f1xx_hal_adc.o
 .debug_abbrev  0x0000103e      0x2f8 ./Drivers/STM32F1xx_HAL_Driver/stm32f1xx_hal_cortex.o
 .debug_abbrev  0x00001336      0x20b ./Drivers/STM32F1xx_HAL_Driver/stm32f1xx_hal_dma.o
 .debug_abbrev  0x00001541      0x250 ./Drivers/STM32F1xx_HAL_Driver/stm32f1xx_hal_flash.o
 .debug_abbrev  0x00001791      0x247 ./Drivers/STM32F1xx_HAL_Driver/stm32f1xx_hal_flash_ex.o
 .debug_abbrev  0x000019d8      0x1ca ./Drivers/STM32F1xx_HAL_Driver/stm32f1xx_hal_gpio.o
 .debug_abbrev  0x00001ba2      0x2a3 ./Drivers/STM32F1xx_HAL_Driver/stm32f1xx_hal_i2c.o
 .debug_abbrev  0x00001e45      0x2b3 ./Drivers/STM32F1xx_HAL_Driver/stm32f1xx_hal_rcc.o
 .debug_abbrev  0x000020f8      0x188 ./Drivers/STM32F1xx_HAL_Driver/stm32f1xx_hal_rcc_ex.o
 .debug_abbrev  0x00002280      0x277 ./Drivers/STM32F1xx_HAL_Driver/stm32f1xx_hal_tim.o
 .debug_abbrev  0x000024f7      0x282 ./Drivers/STM32F1xx_HAL_Driver/stm32f1xx_hal_tim_ex.o
 .debug_abbrev  0x00002779      0x2f8 ./Drivers/STM32F1xx_HAL_Driver/stm32f1xx_hal_uart.o
 .debug_abbrev  0x00002a71      0x116 ./LIB/src/EEPROMx.o
 .debug_abbrev  0x00002b87      0x136 ./LIB/src/Flags.o
 .debug_abbrev  0x00002cbd      0x1e4 ./LIB/src/Gpiox.o
 .debug_abbrev  0x00002ea1      0x275 ./LIB/src/Modbus_Slave.o
 .debug_abbrev  0x00003116      0x189 ./LIB/src/SM9541.o
 .debug_abbrev  0x0000329f       0xbd ./LIB/src/Switch.o
 .debug_abbrev  0x0000335c      0x26d ./LIB/src/ht621b.o

.debug_aranges  0x00000000     0x1318
 .debug_aranges
                0x00000000       0x60 ./Core/Src/alt_main.o
 .debug_aranges
                0x00000060       0x60 ./Core/Src/main.o
 .debug_aranges
                0x000000c0       0x68 ./Core/Src/stm32f1xx_hal_msp.o
 .debug_aranges
                0x00000128       0x80 ./Core/Src/stm32f1xx_it.o
 .debug_aranges
                0x000001a8       0x28 ./Core/Src/system_stm32f1xx.o
 .debug_aranges
                0x000001d0       0x28 ./Core/Startup/startup_stm32f103c8tx.o
 .debug_aranges
                0x000001f8       0xe0 ./Drivers/STM32F1xx_HAL_Driver/stm32f1xx_hal.o
 .debug_aranges
                0x000002d8       0xf0 ./Drivers/STM32F1xx_HAL_Driver/stm32f1xx_hal_adc.o
 .debug_aranges
                0x000003c8      0x100 ./Drivers/STM32F1xx_HAL_Driver/stm32f1xx_hal_cortex.o
 .debug_aranges
                0x000004c8       0x80 ./Drivers/STM32F1xx_HAL_Driver/stm32f1xx_hal_dma.o
 .debug_aranges
                0x00000548       0x88 ./Drivers/STM32F1xx_HAL_Driver/stm32f1xx_hal_flash.o
 .debug_aranges
                0x000005d0       0x98 ./Drivers/STM32F1xx_HAL_Driver/stm32f1xx_hal_flash_ex.o
 .debug_aranges
                0x00000668       0x58 ./Drivers/STM32F1xx_HAL_Driver/stm32f1xx_hal_gpio.o
 .debug_aranges
                0x000006c0      0x2a8 ./Drivers/STM32F1xx_HAL_Driver/stm32f1xx_hal_i2c.o
 .debug_aranges
                0x00000968       0x90 ./Drivers/STM32F1xx_HAL_Driver/stm32f1xx_hal_rcc.o
 .debug_aranges
                0x000009f8       0x30 ./Drivers/STM32F1xx_HAL_Driver/stm32f1xx_hal_rcc_ex.o
 .debug_aranges
                0x00000a28      0x3d0 ./Drivers/STM32F1xx_HAL_Driver/stm32f1xx_hal_tim.o
 .debug_aranges
                0x00000df8      0x168 ./Drivers/STM32F1xx_HAL_Driver/stm32f1xx_hal_tim_ex.o
 .debug_aranges
                0x00000f60      0x208 ./Drivers/STM32F1xx_HAL_Driver/stm32f1xx_hal_uart.o
 .debug_aranges
                0x00001168       0x30 ./LIB/src/EEPROMx.o
 .debug_aranges
                0x00001198       0x28 ./LIB/src/Flags.o
 .debug_aranges
                0x000011c0       0x48 ./LIB/src/Gpiox.o
 .debug_aranges
                0x00001208       0x60 ./LIB/src/Modbus_Slave.o
 .debug_aranges
                0x00001268       0x20 ./LIB/src/SM9541.o
 .debug_aranges
                0x00001288       0x20 ./LIB/src/Switch.o
 .debug_aranges
                0x000012a8       0x70 ./LIB/src/ht621b.o

.debug_rnglists
                0x00000000      0xef9
 .debug_rnglists
                0x00000000       0x44 ./Core/Src/alt_main.o
 .debug_rnglists
                0x00000044       0x46 ./Core/Src/main.o
 .debug_rnglists
                0x0000008a       0x4c ./Core/Src/stm32f1xx_hal_msp.o
 .debug_rnglists
                0x000000d6       0x5b ./Core/Src/stm32f1xx_it.o
 .debug_rnglists
                0x00000131       0x1a ./Core/Src/system_stm32f1xx.o
 .debug_rnglists
                0x0000014b       0x19 ./Core/Startup/startup_stm32f103c8tx.o
 .debug_rnglists
                0x00000164       0xa3 ./Drivers/STM32F1xx_HAL_Driver/stm32f1xx_hal.o
 .debug_rnglists
                0x00000207       0xbc ./Drivers/STM32F1xx_HAL_Driver/stm32f1xx_hal_adc.o
 .debug_rnglists
                0x000002c3       0xbb ./Drivers/STM32F1xx_HAL_Driver/stm32f1xx_hal_cortex.o
 .debug_rnglists
                0x0000037e       0x64 ./Drivers/STM32F1xx_HAL_Driver/stm32f1xx_hal_dma.o
 .debug_rnglists
                0x000003e2       0x66 ./Drivers/STM32F1xx_HAL_Driver/stm32f1xx_hal_flash.o
 .debug_rnglists
                0x00000448       0x73 ./Drivers/STM32F1xx_HAL_Driver/stm32f1xx_hal_flash_ex.o
 .debug_rnglists
                0x000004bb       0x3f ./Drivers/STM32F1xx_HAL_Driver/stm32f1xx_hal_gpio.o
 .debug_rnglists
                0x000004fa      0x23c ./Drivers/STM32F1xx_HAL_Driver/stm32f1xx_hal_i2c.o
 .debug_rnglists
                0x00000736       0x6c ./Drivers/STM32F1xx_HAL_Driver/stm32f1xx_hal_rcc.o
 .debug_rnglists
                0x000007a2       0x21 ./Drivers/STM32F1xx_HAL_Driver/stm32f1xx_hal_rcc_ex.o
 .debug_rnglists
                0x000007c3      0x31a ./Drivers/STM32F1xx_HAL_Driver/stm32f1xx_hal_tim.o
 .debug_rnglists
                0x00000add      0x125 ./Drivers/STM32F1xx_HAL_Driver/stm32f1xx_hal_tim_ex.o
 .debug_rnglists
                0x00000c02      0x1bc ./Drivers/STM32F1xx_HAL_Driver/stm32f1xx_hal_uart.o
 .debug_rnglists
                0x00000dbe       0x1f ./LIB/src/EEPROMx.o
 .debug_rnglists
                0x00000ddd       0x1a ./LIB/src/Flags.o
 .debug_rnglists
                0x00000df7       0x32 ./LIB/src/Gpiox.o
 .debug_rnglists
                0x00000e29       0x53 ./LIB/src/Modbus_Slave.o
 .debug_rnglists
                0x00000e7c       0x14 ./LIB/src/SM9541.o
 .debug_rnglists
                0x00000e90       0x14 ./LIB/src/Switch.o
 .debug_rnglists
                0x00000ea4       0x55 ./LIB/src/ht621b.o

.debug_macro    0x00000000    0x1b66d
 .debug_macro   0x00000000      0x30b ./Core/Src/alt_main.o
 .debug_macro   0x0000030b      0xb80 ./Core/Src/alt_main.o
 .debug_macro   0x00000e8b      0x22d ./Core/Src/alt_main.o
 .debug_macro   0x000010b8       0x2e ./Core/Src/alt_main.o
 .debug_macro   0x000010e6       0x22 ./Core/Src/alt_main.o
 .debug_macro   0x00001108       0x1c ./Core/Src/alt_main.o
 .debug_macro   0x00001124       0x22 ./Core/Src/alt_main.o
 .debug_macro   0x00001146       0x8e ./Core/Src/alt_main.o
 .debug_macro   0x000011d4       0x51 ./Core/Src/alt_main.o
 .debug_macro   0x00001225      0x103 ./Core/Src/alt_main.o
 .debug_macro   0x00001328       0x6a ./Core/Src/alt_main.o
 .debug_macro   0x00001392      0x1df ./Core/Src/alt_main.o
 .debug_macro   0x00001571       0x1c ./Core/Src/alt_main.o
 .debug_macro   0x0000158d       0x22 ./Core/Src/alt_main.o
 .debug_macro   0x000015af       0xbd ./Core/Src/alt_main.o
 .debug_macro   0x0000166c      0xd23 ./Core/Src/alt_main.o
 .debug_macro   0x0000238f     0xe09e ./Core/Src/alt_main.o
 .debug_macro   0x0001042d       0x6d ./Core/Src/alt_main.o
 .debug_macro   0x0001049a     0x34a2 ./Core/Src/alt_main.o
 .debug_macro   0x0001393c      0x190 ./Core/Src/alt_main.o
 .debug_macro   0x00013acc       0x5c ./Core/Src/alt_main.o
 .debug_macro   0x00013b28      0x5bc ./Core/Src/alt_main.o
 .debug_macro   0x000140e4      0x289 ./Core/Src/alt_main.o
 .debug_macro   0x0001436d      0x1cb ./Core/Src/alt_main.o
 .debug_macro   0x00014538      0x114 ./Core/Src/alt_main.o
 .debug_macro   0x0001464c      0x1b2 ./Core/Src/alt_main.o
 .debug_macro   0x000147fe       0x27 ./Core/Src/alt_main.o
 .debug_macro   0x00014825      0x136 ./Core/Src/alt_main.o
 .debug_macro   0x0001495b      0x1bc ./Core/Src/alt_main.o
 .debug_macro   0x00014b17       0x34 ./Core/Src/alt_main.o
 .debug_macro   0x00014b4b       0x3c ./Core/Src/alt_main.o
 .debug_macro   0x00014b87       0x57 ./Core/Src/alt_main.o
 .debug_macro   0x00014bde      0x46a ./Core/Src/alt_main.o
 .debug_macro   0x00015048      0x1b5 ./Core/Src/alt_main.o
 .debug_macro   0x000151fd       0x87 ./Core/Src/alt_main.o
 .debug_macro   0x00015284      0x240 ./Core/Src/alt_main.o
 .debug_macro   0x000154c4      0x287 ./Core/Src/alt_main.o
 .debug_macro   0x0001574b      0x140 ./Core/Src/alt_main.o
 .debug_macro   0x0001588b      0x8ed ./Core/Src/alt_main.o
 .debug_macro   0x00016178      0x28e ./Core/Src/alt_main.o
 .debug_macro   0x00016406       0x83 ./Core/Src/alt_main.o
 .debug_macro   0x00016489       0x61 ./Core/Src/alt_main.o
 .debug_macro   0x000164ea       0x24 ./Core/Src/alt_main.o
 .debug_macro   0x0001650e       0x43 ./Core/Src/alt_main.o
 .debug_macro   0x00016551       0x34 ./Core/Src/alt_main.o
 .debug_macro   0x00016585       0x16 ./Core/Src/alt_main.o
 .debug_macro   0x0001659b       0x43 ./Core/Src/alt_main.o
 .debug_macro   0x000165de       0x34 ./Core/Src/alt_main.o
 .debug_macro   0x00016612       0x10 ./Core/Src/alt_main.o
 .debug_macro   0x00016622       0x58 ./Core/Src/alt_main.o
 .debug_macro   0x0001667a       0x8e ./Core/Src/alt_main.o
 .debug_macro   0x00016708       0x16 ./Core/Src/alt_main.o
 .debug_macro   0x0001671e      0x177 ./Core/Src/alt_main.o
 .debug_macro   0x00016895      0x38c ./Core/Src/alt_main.o
 .debug_macro   0x00016c21       0x10 ./Core/Src/alt_main.o
 .debug_macro   0x00016c31       0x35 ./Core/Src/alt_main.o
 .debug_macro   0x00016c66       0x20 ./Core/Src/alt_main.o
 .debug_macro   0x00016c86       0x5e ./Core/Src/alt_main.o
 .debug_macro   0x00016ce4       0x16 ./Core/Src/alt_main.o
 .debug_macro   0x00016cfa       0x10 ./Core/Src/alt_main.o
 .debug_macro   0x00016d0a       0x22 ./Core/Src/alt_main.o
 .debug_macro   0x00016d2c      0x1d9 ./Core/Src/main.o
 .debug_macro   0x00016f05      0xaa8 ./Core/Src/main.o
 .debug_macro   0x000179ad      0xd23 ./Core/Src/main.o
 .debug_macro   0x000186d0      0x189 ./Core/Src/main.o
 .debug_macro   0x00018859      0x1cb ./Core/Src/stm32f1xx_hal_msp.o
 .debug_macro   0x00018a24      0x1d5 ./Core/Src/stm32f1xx_it.o
 .debug_macro   0x00018bf9      0x1c1 ./Core/Src/system_stm32f1xx.o
 .debug_macro   0x00018dba      0x1e5 ./Drivers/STM32F1xx_HAL_Driver/stm32f1xx_hal.o
 .debug_macro   0x00018f9f      0x1de ./Drivers/STM32F1xx_HAL_Driver/stm32f1xx_hal_adc.o
 .debug_macro   0x0001917d      0x1c1 ./Drivers/STM32F1xx_HAL_Driver/stm32f1xx_hal_cortex.o
 .debug_macro   0x0001933e      0x1c1 ./Drivers/STM32F1xx_HAL_Driver/stm32f1xx_hal_dma.o
 .debug_macro   0x000194ff      0x1c1 ./Drivers/STM32F1xx_HAL_Driver/stm32f1xx_hal_flash.o
 .debug_macro   0x000196c0      0x1d3 ./Drivers/STM32F1xx_HAL_Driver/stm32f1xx_hal_flash_ex.o
 .debug_macro   0x00019893      0x22c ./Drivers/STM32F1xx_HAL_Driver/stm32f1xx_hal_gpio.o
 .debug_macro   0x00019abf      0x20f ./Drivers/STM32F1xx_HAL_Driver/stm32f1xx_hal_i2c.o
 .debug_macro   0x00019cce      0x1d3 ./Drivers/STM32F1xx_HAL_Driver/stm32f1xx_hal_rcc.o
 .debug_macro   0x00019ea1      0x1c1 ./Drivers/STM32F1xx_HAL_Driver/stm32f1xx_hal_rcc_ex.o
 .debug_macro   0x0001a062      0x1c2 ./Drivers/STM32F1xx_HAL_Driver/stm32f1xx_hal_tim.o
 .debug_macro   0x0001a224      0x1c1 ./Drivers/STM32F1xx_HAL_Driver/stm32f1xx_hal_tim_ex.o
 .debug_macro   0x0001a3e5      0x1c2 ./Drivers/STM32F1xx_HAL_Driver/stm32f1xx_hal_uart.o
 .debug_macro   0x0001a5a7      0x1d0 ./LIB/src/EEPROMx.o
 .debug_macro   0x0001a777       0x10 ./LIB/src/EEPROMx.o
 .debug_macro   0x0001a787      0x1d5 ./LIB/src/Flags.o
 .debug_macro   0x0001a95c       0x1c ./LIB/src/Flags.o
 .debug_macro   0x0001a978      0x1da ./LIB/src/Gpiox.o
 .debug_macro   0x0001ab52       0x58 ./LIB/src/Gpiox.o
 .debug_macro   0x0001abaa      0x2d8 ./LIB/src/Modbus_Slave.o
 .debug_macro   0x0001ae82      0x2d9 ./LIB/src/SM9541.o
 .debug_macro   0x0001b15b      0x2b1 ./LIB/src/Switch.o
 .debug_macro   0x0001b40c      0x261 ./LIB/src/ht621b.o

.debug_line     0x00000000    0x1a9b4
 .debug_line    0x00000000      0xba4 ./Core/Src/alt_main.o
 .debug_line    0x00000ba4      0xa47 ./Core/Src/main.o
 .debug_line    0x000015eb      0x9b6 ./Core/Src/stm32f1xx_hal_msp.o
 .debug_line    0x00001fa1      0x947 ./Core/Src/stm32f1xx_it.o
 .debug_line    0x000028e8      0x8a3 ./Core/Src/system_stm32f1xx.o
 .debug_line    0x0000318b       0x78 ./Core/Startup/startup_stm32f103c8tx.o
 .debug_line    0x00003203      0xb08 ./Drivers/STM32F1xx_HAL_Driver/stm32f1xx_hal.o
 .debug_line    0x00003d0b     0x1185 ./Drivers/STM32F1xx_HAL_Driver/stm32f1xx_hal_adc.o
 .debug_line    0x00004e90      0xcf4 ./Drivers/STM32F1xx_HAL_Driver/stm32f1xx_hal_cortex.o
 .debug_line    0x00005b84      0xf61 ./Drivers/STM32F1xx_HAL_Driver/stm32f1xx_hal_dma.o
 .debug_line    0x00006ae5      0xbd3 ./Drivers/STM32F1xx_HAL_Driver/stm32f1xx_hal_flash.o
 .debug_line    0x000076b8      0xcc1 ./Drivers/STM32F1xx_HAL_Driver/stm32f1xx_hal_flash_ex.o
 .debug_line    0x00008379      0xba1 ./Drivers/STM32F1xx_HAL_Driver/stm32f1xx_hal_gpio.o
 .debug_line    0x00008f1a     0x3da5 ./Drivers/STM32F1xx_HAL_Driver/stm32f1xx_hal_i2c.o
 .debug_line    0x0000ccbf      0xf11 ./Drivers/STM32F1xx_HAL_Driver/stm32f1xx_hal_rcc.o
 .debug_line    0x0000dbd0      0xa52 ./Drivers/STM32F1xx_HAL_Driver/stm32f1xx_hal_rcc_ex.o
 .debug_line    0x0000e622     0x362d ./Drivers/STM32F1xx_HAL_Driver/stm32f1xx_hal_tim.o
 .debug_line    0x00011c4f     0x1a57 ./Drivers/STM32F1xx_HAL_Driver/stm32f1xx_hal_tim_ex.o
 .debug_line    0x000136a6     0x29e7 ./Drivers/STM32F1xx_HAL_Driver/stm32f1xx_hal_uart.o
 .debug_line    0x0001608d      0x896 ./LIB/src/EEPROMx.o
 .debug_line    0x00016923      0x8c0 ./LIB/src/Flags.o
 .debug_line    0x000171e3      0x9fe ./LIB/src/Gpiox.o
 .debug_line    0x00017be1      0xd3b ./LIB/src/Modbus_Slave.o
 .debug_line    0x0001891c      0xa10 ./LIB/src/SM9541.o
 .debug_line    0x0001932c      0xa00 ./LIB/src/Switch.o
 .debug_line    0x00019d2c      0xc88 ./LIB/src/ht621b.o

.debug_str      0x00000000    0x92dca
 .debug_str     0x00000000    0x8dd59 ./Core/Src/alt_main.o
                              0x8e3d6 (size before relaxing)
 .debug_str     0x0008dd59      0xc10 ./Core/Src/main.o
                              0x8aca0 (size before relaxing)
 .debug_str     0x0008e969      0x144 ./Core/Src/stm32f1xx_hal_msp.o
                              0x8a8ef (size before relaxing)
 .debug_str     0x0008eaad      0x160 ./Core/Src/stm32f1xx_it.o
                              0x89e99 (size before relaxing)
 .debug_str     0x0008ec0d       0x7e ./Core/Src/system_stm32f1xx.o
                              0x899ea (size before relaxing)
 .debug_str     0x0008ec8b       0x44 ./Core/Startup/startup_stm32f103c8tx.o
                                 0x68 (size before relaxing)
 .debug_str     0x0008eccf      0x356 ./Drivers/STM32F1xx_HAL_Driver/stm32f1xx_hal.o
                              0x8a155 (size before relaxing)
 .debug_str     0x0008f025      0x3b4 ./Drivers/STM32F1xx_HAL_Driver/stm32f1xx_hal_adc.o
                              0x8a106 (size before relaxing)
 .debug_str     0x0008f3d9      0x2c3 ./Drivers/STM32F1xx_HAL_Driver/stm32f1xx_hal_cortex.o
                              0x8a0a1 (size before relaxing)
 .debug_str     0x0008f69c      0x21f ./Drivers/STM32F1xx_HAL_Driver/stm32f1xx_hal_dma.o
                              0x89dcb (size before relaxing)
 .debug_str     0x0008f8bb      0x2c8 ./Drivers/STM32F1xx_HAL_Driver/stm32f1xx_hal_flash.o
                              0x89cfd (size before relaxing)
 .debug_str     0x0008fb83      0x38b ./Drivers/STM32F1xx_HAL_Driver/stm32f1xx_hal_flash_ex.o
                              0x89eab (size before relaxing)
 .debug_str     0x0008ff0e      0x2e0 ./Drivers/STM32F1xx_HAL_Driver/stm32f1xx_hal_gpio.o
                              0x89da8 (size before relaxing)
 .debug_str     0x000901ee      0xbca ./Drivers/STM32F1xx_HAL_Driver/stm32f1xx_hal_i2c.o
                              0x8aae9 (size before relaxing)
 .debug_str     0x00090db8      0x241 ./Drivers/STM32F1xx_HAL_Driver/stm32f1xx_hal_rcc.o
                              0x89e51 (size before relaxing)
 .debug_str     0x00090ff9       0xbc ./Drivers/STM32F1xx_HAL_Driver/stm32f1xx_hal_rcc_ex.o
                              0x89ba1 (size before relaxing)
 .debug_str     0x000910b5      0xe0d ./Drivers/STM32F1xx_HAL_Driver/stm32f1xx_hal_tim.o
                              0x8ae53 (size before relaxing)
 .debug_str     0x00091ec2      0x419 ./Drivers/STM32F1xx_HAL_Driver/stm32f1xx_hal_tim_ex.o
                              0x8a65f (size before relaxing)
 .debug_str     0x000922db      0x5f4 ./Drivers/STM32F1xx_HAL_Driver/stm32f1xx_hal_uart.o
                              0x8a4c2 (size before relaxing)
 .debug_str     0x000928cf       0x3a ./LIB/src/EEPROMx.o
                              0x89ad4 (size before relaxing)
 .debug_str     0x00092909       0x15 ./LIB/src/Flags.o
                              0x89ea0 (size before relaxing)
 .debug_str     0x0009291e       0x29 ./LIB/src/Gpiox.o
                              0x89fd7 (size before relaxing)
 .debug_str     0x00092947       0xf1 ./LIB/src/Modbus_Slave.o
                              0x8d47e (size before relaxing)
 .debug_str     0x00092a38      0x18a ./LIB/src/SM9541.o
                              0x8d018 (size before relaxing)
 .debug_str     0x00092bc2       0x54 ./LIB/src/Switch.o
                              0x8cb17 (size before relaxing)
 .debug_str     0x00092c16      0x1b4 ./LIB/src/ht621b.o
                              0x8a34c (size before relaxing)

.comment        0x00000000       0x43
 .comment       0x00000000       0x43 ./Core/Src/alt_main.o
                                 0x44 (size before relaxing)
 .comment       0x00000043       0x44 ./Core/Src/main.o
 .comment       0x00000043       0x44 ./Core/Src/stm32f1xx_hal_msp.o
 .comment       0x00000043       0x44 ./Core/Src/stm32f1xx_it.o
 .comment       0x00000043       0x44 ./Core/Src/system_stm32f1xx.o
 .comment       0x00000043       0x44 ./Drivers/STM32F1xx_HAL_Driver/stm32f1xx_hal.o
 .comment       0x00000043       0x44 ./Drivers/STM32F1xx_HAL_Driver/stm32f1xx_hal_adc.o
 .comment       0x00000043       0x44 ./Drivers/STM32F1xx_HAL_Driver/stm32f1xx_hal_cortex.o
 .comment       0x00000043       0x44 ./Drivers/STM32F1xx_HAL_Driver/stm32f1xx_hal_dma.o
 .comment       0x00000043       0x44 ./Drivers/STM32F1xx_HAL_Driver/stm32f1xx_hal_flash.o
 .comment       0x00000043       0x44 ./Drivers/STM32F1xx_HAL_Driver/stm32f1xx_hal_flash_ex.o
 .comment       0x00000043       0x44 ./Drivers/STM32F1xx_HAL_Driver/stm32f1xx_hal_gpio.o
 .comment       0x00000043       0x44 ./Drivers/STM32F1xx_HAL_Driver/stm32f1xx_hal_i2c.o
 .comment       0x00000043       0x44 ./Drivers/STM32F1xx_HAL_Driver/stm32f1xx_hal_rcc.o
 .comment       0x00000043       0x44 ./Drivers/STM32F1xx_HAL_Driver/stm32f1xx_hal_rcc_ex.o
 .comment       0x00000043       0x44 ./Drivers/STM32F1xx_HAL_Driver/stm32f1xx_hal_tim.o
 .comment       0x00000043       0x44 ./Drivers/STM32F1xx_HAL_Driver/stm32f1xx_hal_tim_ex.o
 .comment       0x00000043       0x44 ./Drivers/STM32F1xx_HAL_Driver/stm32f1xx_hal_uart.o
 .comment       0x00000043       0x44 ./LIB/src/EEPROMx.o
 .comment       0x00000043       0x44 ./LIB/src/Flags.o
 .comment       0x00000043       0x44 ./LIB/src/Gpiox.o
 .comment       0x00000043       0x44 ./LIB/src/Modbus_Slave.o
 .comment       0x00000043       0x44 ./LIB/src/SM9541.o
 .comment       0x00000043       0x44 ./LIB/src/Switch.o
 .comment       0x00000043       0x44 ./LIB/src/ht621b.o

.debug_frame    0x00000000     0x50ec
 .debug_frame   0x00000000      0x124 ./Core/Src/alt_main.o
 .debug_frame   0x00000124      0x130 ./Core/Src/main.o
 .debug_frame   0x00000254      0x184 ./Core/Src/stm32f1xx_hal_msp.o
 .debug_frame   0x000003d8      0x174 ./Core/Src/stm32f1xx_it.o
 .debug_frame   0x0000054c       0x58 ./Core/Src/system_stm32f1xx.o
 .debug_frame   0x000005a4      0x334 ./Drivers/STM32F1xx_HAL_Driver/stm32f1xx_hal.o
 .debug_frame   0x000008d8      0x40c ./Drivers/STM32F1xx_HAL_Driver/stm32f1xx_hal_adc.o
 .debug_frame   0x00000ce4      0x428 ./Drivers/STM32F1xx_HAL_Driver/stm32f1xx_hal_cortex.o
 .debug_frame   0x0000110c      0x208 ./Drivers/STM32F1xx_HAL_Driver/stm32f1xx_hal_dma.o
 .debug_frame   0x00001314      0x20c ./Drivers/STM32F1xx_HAL_Driver/stm32f1xx_hal_flash.o
 .debug_frame   0x00001520      0x258 ./Drivers/STM32F1xx_HAL_Driver/stm32f1xx_hal_flash_ex.o
 .debug_frame   0x00001778      0x14c ./Drivers/STM32F1xx_HAL_Driver/stm32f1xx_hal_gpio.o
 .debug_frame   0x000018c4      0xc84 ./Drivers/STM32F1xx_HAL_Driver/stm32f1xx_hal_i2c.o
 .debug_frame   0x00002548      0x218 ./Drivers/STM32F1xx_HAL_Driver/stm32f1xx_hal_rcc.o
 .debug_frame   0x00002760       0x80 ./Drivers/STM32F1xx_HAL_Driver/stm32f1xx_hal_rcc_ex.o
 .debug_frame   0x000027e0     0x11b8 ./Drivers/STM32F1xx_HAL_Driver/stm32f1xx_hal_tim.o
 .debug_frame   0x00003998      0x638 ./Drivers/STM32F1xx_HAL_Driver/stm32f1xx_hal_tim_ex.o
 .debug_frame   0x00003fd0      0x944 ./Drivers/STM32F1xx_HAL_Driver/stm32f1xx_hal_uart.o
 .debug_frame   0x00004914       0x84 ./LIB/src/EEPROMx.o
 .debug_frame   0x00004998       0x5c ./LIB/src/Flags.o
 .debug_frame   0x000049f4       0xf4 ./LIB/src/Gpiox.o
 .debug_frame   0x00004ae8      0x160 ./LIB/src/Modbus_Slave.o
 .debug_frame   0x00004c48       0x38 ./LIB/src/SM9541.o
 .debug_frame   0x00004c80       0x38 ./LIB/src/Switch.o
 .debug_frame   0x00004cb8      0x1a8 ./LIB/src/ht621b.o
 .debug_frame   0x00004e60       0x20 C:/ST/STM32CubeIDE_1.17.0/STM32CubeIDE/plugins/com.st.stm32cube.ide.mcu.externaltools.gnu-tools-for-stm32.12.3.rel1.win32_1.1.0.202410251130/tools/bin/../lib/gcc/arm-none-eabi/12.3.1/../../../../arm-none-eabi/lib/thumb/v7-m/nofp\libc_nano.a(libc_a-memset.o)
 .debug_frame   0x00004e80       0x2c C:/ST/STM32CubeIDE_1.17.0/STM32CubeIDE/plugins/com.st.stm32cube.ide.mcu.externaltools.gnu-tools-for-stm32.12.3.rel1.win32_1.1.0.202410251130/tools/bin/../lib/gcc/arm-none-eabi/12.3.1/../../../../arm-none-eabi/lib/thumb/v7-m/nofp\libc_nano.a(libc_a-init.o)
 .debug_frame   0x00004eac       0xac C:/ST/STM32CubeIDE_1.17.0/STM32CubeIDE/plugins/com.st.stm32cube.ide.mcu.externaltools.gnu-tools-for-stm32.12.3.rel1.win32_1.1.0.202410251130/tools/bin/../lib/gcc/arm-none-eabi/12.3.1/thumb/v7-m/nofp\libgcc.a(_arm_addsubdf3.o)
 .debug_frame   0x00004f58       0x24 C:/ST/STM32CubeIDE_1.17.0/STM32CubeIDE/plugins/com.st.stm32cube.ide.mcu.externaltools.gnu-tools-for-stm32.12.3.rel1.win32_1.1.0.202410251130/tools/bin/../lib/gcc/arm-none-eabi/12.3.1/thumb/v7-m/nofp\libgcc.a(_arm_truncdfsf2.o)
 .debug_frame   0x00004f7c       0x4c C:/ST/STM32CubeIDE_1.17.0/STM32CubeIDE/plugins/com.st.stm32cube.ide.mcu.externaltools.gnu-tools-for-stm32.12.3.rel1.win32_1.1.0.202410251130/tools/bin/../lib/gcc/arm-none-eabi/12.3.1/thumb/v7-m/nofp\libgcc.a(_arm_addsubsf3.o)
 .debug_frame   0x00004fc8       0x38 C:/ST/STM32CubeIDE_1.17.0/STM32CubeIDE/plugins/com.st.stm32cube.ide.mcu.externaltools.gnu-tools-for-stm32.12.3.rel1.win32_1.1.0.202410251130/tools/bin/../lib/gcc/arm-none-eabi/12.3.1/thumb/v7-m/nofp\libgcc.a(_arm_muldivsf3.o)
 .debug_frame   0x00005000       0xc8 C:/ST/STM32CubeIDE_1.17.0/STM32CubeIDE/plugins/com.st.stm32cube.ide.mcu.externaltools.gnu-tools-for-stm32.12.3.rel1.win32_1.1.0.202410251130/tools/bin/../lib/gcc/arm-none-eabi/12.3.1/thumb/v7-m/nofp\libgcc.a(_arm_cmpsf2.o)
 .debug_frame   0x000050c8       0x24 C:/ST/STM32CubeIDE_1.17.0/STM32CubeIDE/plugins/com.st.stm32cube.ide.mcu.externaltools.gnu-tools-for-stm32.12.3.rel1.win32_1.1.0.202410251130/tools/bin/../lib/gcc/arm-none-eabi/12.3.1/thumb/v7-m/nofp\libgcc.a(_arm_fixunssfsi.o)

.debug_line_str
                0x00000000       0x4c
 .debug_line_str
                0x00000000       0x4c ./Core/Startup/startup_stm32f103c8tx.o
