Archive member included to satisfy reference by file (symbol)

C:/ST/STM32CubeIDE_1.17.0/STM32CubeIDE/plugins/com.st.stm32cube.ide.mcu.externaltools.gnu-tools-for-stm32.12.3.rel1.win32_1.1.0.202410251130/tools/bin/../lib/gcc/arm-none-eabi/12.3.1/../../../../arm-none-eabi/lib/thumb/v7-m/nofp\libc_nano.a(libc_a-exit.o)
                              C:/ST/STM32CubeIDE_1.17.0/STM32CubeIDE/plugins/com.st.stm32cube.ide.mcu.externaltools.gnu-tools-for-stm32.12.3.rel1.win32_1.1.0.202410251130/tools/bin/../lib/gcc/arm-none-eabi/12.3.1/../../../../arm-none-eabi/lib/thumb/v7-m/nofp/crt0.o (exit)
C:/ST/STM32CubeIDE_1.17.0/STM32CubeIDE/plugins/com.st.stm32cube.ide.mcu.externaltools.gnu-tools-for-stm32.12.3.rel1.win32_1.1.0.202410251130/tools/bin/../lib/gcc/arm-none-eabi/12.3.1/../../../../arm-none-eabi/lib/thumb/v7-m/nofp\libc_nano.a(libc_a-findfp.o)
                              C:/ST/STM32CubeIDE_1.17.0/STM32CubeIDE/plugins/com.st.stm32cube.ide.mcu.externaltools.gnu-tools-for-stm32.12.3.rel1.win32_1.1.0.202410251130/tools/bin/../lib/gcc/arm-none-eabi/12.3.1/../../../../arm-none-eabi/lib/thumb/v7-m/nofp\libc_nano.a(libc_a-exit.o) (__stdio_exit_handler)
C:/ST/STM32CubeIDE_1.17.0/STM32CubeIDE/plugins/com.st.stm32cube.ide.mcu.externaltools.gnu-tools-for-stm32.12.3.rel1.win32_1.1.0.202410251130/tools/bin/../lib/gcc/arm-none-eabi/12.3.1/../../../../arm-none-eabi/lib/thumb/v7-m/nofp\libc_nano.a(libc_a-fwalk.o)
                              C:/ST/STM32CubeIDE_1.17.0/STM32CubeIDE/plugins/com.st.stm32cube.ide.mcu.externaltools.gnu-tools-for-stm32.12.3.rel1.win32_1.1.0.202410251130/tools/bin/../lib/gcc/arm-none-eabi/12.3.1/../../../../arm-none-eabi/lib/thumb/v7-m/nofp\libc_nano.a(libc_a-findfp.o) (_fwalk_sglue)
C:/ST/STM32CubeIDE_1.17.0/STM32CubeIDE/plugins/com.st.stm32cube.ide.mcu.externaltools.gnu-tools-for-stm32.12.3.rel1.win32_1.1.0.202410251130/tools/bin/../lib/gcc/arm-none-eabi/12.3.1/../../../../arm-none-eabi/lib/thumb/v7-m/nofp\libc_nano.a(libc_a-stdio.o)
                              C:/ST/STM32CubeIDE_1.17.0/STM32CubeIDE/plugins/com.st.stm32cube.ide.mcu.externaltools.gnu-tools-for-stm32.12.3.rel1.win32_1.1.0.202410251130/tools/bin/../lib/gcc/arm-none-eabi/12.3.1/../../../../arm-none-eabi/lib/thumb/v7-m/nofp\libc_nano.a(libc_a-findfp.o) (__sread)
C:/ST/STM32CubeIDE_1.17.0/STM32CubeIDE/plugins/com.st.stm32cube.ide.mcu.externaltools.gnu-tools-for-stm32.12.3.rel1.win32_1.1.0.202410251130/tools/bin/../lib/gcc/arm-none-eabi/12.3.1/../../../../arm-none-eabi/lib/thumb/v7-m/nofp\libc_nano.a(libc_a-memset.o)
                              C:/ST/STM32CubeIDE_1.17.0/STM32CubeIDE/plugins/com.st.stm32cube.ide.mcu.externaltools.gnu-tools-for-stm32.12.3.rel1.win32_1.1.0.202410251130/tools/bin/../lib/gcc/arm-none-eabi/12.3.1/../../../../arm-none-eabi/lib/thumb/v7-m/nofp/crt0.o (memset)
C:/ST/STM32CubeIDE_1.17.0/STM32CubeIDE/plugins/com.st.stm32cube.ide.mcu.externaltools.gnu-tools-for-stm32.12.3.rel1.win32_1.1.0.202410251130/tools/bin/../lib/gcc/arm-none-eabi/12.3.1/../../../../arm-none-eabi/lib/thumb/v7-m/nofp\libc_nano.a(libc_a-closer.o)
                              C:/ST/STM32CubeIDE_1.17.0/STM32CubeIDE/plugins/com.st.stm32cube.ide.mcu.externaltools.gnu-tools-for-stm32.12.3.rel1.win32_1.1.0.202410251130/tools/bin/../lib/gcc/arm-none-eabi/12.3.1/../../../../arm-none-eabi/lib/thumb/v7-m/nofp\libc_nano.a(libc_a-stdio.o) (_close_r)
C:/ST/STM32CubeIDE_1.17.0/STM32CubeIDE/plugins/com.st.stm32cube.ide.mcu.externaltools.gnu-tools-for-stm32.12.3.rel1.win32_1.1.0.202410251130/tools/bin/../lib/gcc/arm-none-eabi/12.3.1/../../../../arm-none-eabi/lib/thumb/v7-m/nofp\libc_nano.a(libc_a-reent.o)
                              C:/ST/STM32CubeIDE_1.17.0/STM32CubeIDE/plugins/com.st.stm32cube.ide.mcu.externaltools.gnu-tools-for-stm32.12.3.rel1.win32_1.1.0.202410251130/tools/bin/../lib/gcc/arm-none-eabi/12.3.1/../../../../arm-none-eabi/lib/thumb/v7-m/nofp\libc_nano.a(libc_a-closer.o) (errno)
C:/ST/STM32CubeIDE_1.17.0/STM32CubeIDE/plugins/com.st.stm32cube.ide.mcu.externaltools.gnu-tools-for-stm32.12.3.rel1.win32_1.1.0.202410251130/tools/bin/../lib/gcc/arm-none-eabi/12.3.1/../../../../arm-none-eabi/lib/thumb/v7-m/nofp\libc_nano.a(libc_a-impure.o)
                              C:/ST/STM32CubeIDE_1.17.0/STM32CubeIDE/plugins/com.st.stm32cube.ide.mcu.externaltools.gnu-tools-for-stm32.12.3.rel1.win32_1.1.0.202410251130/tools/bin/../lib/gcc/arm-none-eabi/12.3.1/../../../../arm-none-eabi/lib/thumb/v7-m/nofp\libc_nano.a(libc_a-reent.o) (_impure_ptr)
C:/ST/STM32CubeIDE_1.17.0/STM32CubeIDE/plugins/com.st.stm32cube.ide.mcu.externaltools.gnu-tools-for-stm32.12.3.rel1.win32_1.1.0.202410251130/tools/bin/../lib/gcc/arm-none-eabi/12.3.1/../../../../arm-none-eabi/lib/thumb/v7-m/nofp\libc_nano.a(libc_a-lseekr.o)
[...]
Memory Configuration

Name             Origin             Length             Attributes
RAM              0x20000000         0x00005000         xrw
FLASH            0x08000000         0x00010000         xr
*default*        0x00000000         0xffffffff

Linker script and memory map

LOAD C:/ST/STM32CubeIDE_1.17.0/STM32CubeIDE/plugins/com.st.stm32cube.ide.mcu.externaltools.gnu-tools-for-stm32.12.3.rel1.win32_1.1.0.202410251130/tools/bin/../lib/gcc/arm-none-eabi/12.3.1/thumb/v7-m/nofp/crti.o
LOAD C:/ST/STM32CubeIDE_1.17.0/STM32CubeIDE/plugins/com.st.stm32cube.ide.mcu.externaltools.gnu-tools-for-stm32.12.3.rel1.win32_1.1.0.202410251130/tools/bin/../lib/gcc/arm-none-eabi/12.3.1/thumb/v7-m/nofp/crtbegin.o
LOAD C:/ST/STM32CubeIDE_1.17.0/STM32CubeIDE/plugins/com.st.stm32cube.ide.mcu.externaltools.gnu-tools-for-stm32.12.3.rel1.win32_1.1.0.202410251130/tools/bin/../lib/gcc/arm-none-eabi/12.3.1/../../../../arm-none-eabi/lib/thumb/v7-m/nofp/crt0.o
LOAD ./Core/Src/alt_main.o
LOAD ./Core/Src/main.o
LOAD ./Core/Src/stm32f1xx_hal_msp.o
LOAD ./Core/Src/stm32f1xx_it.o
LOAD ./Core/Src/syscalls.o
LOAD ./Core/Src/sysmem.o
LOAD ./Core/Src/system_stm32f1xx.o
LOAD ./Core/Startup/startup_stm32f103c8tx.o
LOAD ./Drivers/STM32F1xx_HAL_Driver/stm32f1xx_hal.o
LOAD ./Drivers/STM32F1xx_HAL_Driver/stm32f1xx_hal_adc.o
LOAD ./Drivers/STM32F1xx_HAL_Driver/stm32f1xx_hal_adc_ex.o
LOAD ./Drivers/STM32F1xx_HAL_Driver/stm32f1xx_hal_cortex.o
LOAD ./Drivers/STM32F1xx_HAL_Driver/stm32f1xx_hal_dma.o
LOAD ./Drivers/STM32F1xx_HAL_Driver/stm32f1xx_hal_exti.o
LOAD ./Drivers/STM32F1xx_HAL_Driver/stm32f1xx_hal_flash.o
LOAD ./Drivers/STM32F1xx_HAL_Driver/stm32f1xx_hal_flash_ex.o
LOAD ./Drivers/STM32F1xx_HAL_Driver/stm32f1xx_hal_gpio.o
LOAD ./Drivers/STM32F1xx_HAL_Driver/stm32f1xx_hal_gpio_ex.o
LOAD ./Drivers/STM32F1xx_HAL_Driver/stm32f1xx_hal_i2c.o
LOAD ./Drivers/STM32F1xx_HAL_Driver/stm32f1xx_hal_pwr.o
LOAD ./Drivers/STM32F1xx_HAL_Driver/stm32f1xx_hal_rcc.o
LOAD ./Drivers/STM32F1xx_HAL_Driver/stm32f1xx_hal_rcc_ex.o
LOAD ./Drivers/STM32F1xx_HAL_Driver/stm32f1xx_hal_uart.o
LOAD ./LIB/src/EEPROMx.o
LOAD ./LIB/src/Flags.o
LOAD ./LIB/src/Gpiox.o
LOAD ./LIB/src/Modbus_Slave.o
LOAD ./LIB/src/SM9541.o
LOAD ./LIB/src/ht621b.o
START GROUP
LOAD C:/ST/STM32CubeIDE_1.17.0/STM32CubeIDE/plugins/com.st.stm32cube.ide.mcu.externaltools.gnu-tools-for-stm32.12.3.rel1.win32_1.1.0.202410251130/tools/bin/../lib/gcc/arm-none-eabi/12.3.1/../../../../arm-none-eabi/lib/thumb/v7-m/nofp\libstdc++_nano.a
LOAD C:/ST/STM32CubeIDE_1.17.0/STM32CubeIDE/plugins/com.st.stm32cube.ide.mcu.externaltools.gnu-tools-for-stm32.12.3.rel1.win32_1.1.0.202410251130/tools/bin/../lib/gcc/arm-none-eabi/12.3.1/../../../../arm-none-eabi/lib/thumb/v7-m/nofp\libsupc++_nano.a
END GROUP
LOAD C:/ST/STM32CubeIDE_1.17.0/STM32CubeIDE/plugins/com.st.stm32cube.ide.mcu.externaltools.gnu-tools-for-stm32.12.3.rel1.win32_1.1.0.202410251130/tools/bin/../lib/gcc/arm-none-eabi/12.3.1/../../../../arm-none-eabi/lib/thumb/v7-m/nofp\libstdc++_nano.a
LOAD C:/ST/STM32CubeIDE_1.17.0/STM32CubeIDE/plugins/com.st.stm32cube.ide.mcu.externaltools.gnu-tools-for-stm32.12.3.rel1.win32_1.1.0.202410251130/tools/bin/../lib/gcc/arm-none-eabi/12.3.1/../../../../arm-none-eabi/lib/thumb/v7-m/nofp\libm.a
LOAD C:/ST/STM32CubeIDE_1.17.0/STM32CubeIDE/plugins/com.st.stm32cube.ide.mcu.externaltools.gnu-tools-for-stm32.12.3.rel1.win32_1.1.0.202410251130/tools/bin/../lib/gcc/arm-none-eabi/12.3.1/../../../../arm-none-eabi/lib/thumb/v7-m/nofp\libc_nano.a
START GROUP
LOAD C:/ST/STM32CubeIDE_1.17.0/STM32CubeIDE/plugins/com.st.stm32cube.ide.mcu.externaltools.gnu-tools-for-stm32.12.3.rel1.win32_1.1.0.202410251130/tools/bin/../lib/gcc/arm-none-eabi/12.3.1/thumb/v7-m/nofp\libgcc.a
LOAD C:/ST/STM32CubeIDE_1.17.0/STM32CubeIDE/plugins/com.st.stm32cube.ide.mcu.externaltools.gnu-tools-for-stm32.12.3.rel1.win32_1.1.0.202410251130/tools/bin/../lib/gcc/arm-none-eabi/12.3.1/../../../../arm-none-eabi/lib/thumb/v7-m/nofp\libc_nano.a
END GROUP
START GROUP
LOAD C:/ST/STM32CubeIDE_1.17.0/STM32CubeIDE/plugins/com.st.stm32cube.ide.mcu.externaltools.gnu-tools-for-stm32.12.3.rel1.win32_1.1.0.202410251130/tools/bin/../lib/gcc/arm-none-eabi/12.3.1/thumb/v7-m/nofp\libgcc.a
LOAD C:/ST/STM32CubeIDE_1.17.0/STM32CubeIDE/plugins/com.st.stm32cube.ide.mcu.externaltools.gnu-tools-for-stm32.12.3.rel1.win32_1.1.0.202410251130/tools/bin/../lib/gcc/arm-none-eabi/12.3.1/../../../../arm-none-eabi/lib/thumb/v7-m/nofp\libc_nano.a
LOAD C:/ST/STM32CubeIDE_1.17.0/STM32CubeIDE/plugins/com.st.stm32cube.ide.mcu.externaltools.gnu-tools-for-stm32.12.3.rel1.win32_1.1.0.202410251130/tools/bin/../lib/gcc/arm-none-eabi/12.3.1/../../../../arm-none-eabi/lib/thumb/v7-m/nofp\libnosys.a
END GROUP
START GROUP
LOAD C:/ST/STM32CubeIDE_1.17.0/STM32CubeIDE/plugins/com.st.stm32cube.ide.mcu.externaltools.gnu-tools-for-stm32.12.3.rel1.win32_1.1.0.202410251130/tools/bin/../lib/gcc/arm-none-eabi/12.3.1/thumb/v7-m/nofp\libgcc.a
LOAD C:/ST/STM32CubeIDE_1.17.0/STM32CubeIDE/plugins/com.st.stm32cube.ide.mcu.externaltools.gnu-tools-for-stm32.12.3.rel1.win32_1.1.0.202410251130/tools/bin/../lib/gcc/arm-none-eabi/12.3.1/../../../../arm-none-eabi/lib/thumb/v7-m/nofp\libc_nano.a
LOAD C:/ST/STM32CubeIDE_1.17.0/STM32CubeIDE/plugins/com.st.stm32cube.ide.mcu.externaltools.gnu-tools-for-stm32.12.3.rel1.win32_1.1.0.202410251130/tools/bin/../lib/gcc/arm-none-eabi/12.3.1/../../../../arm-none-eabi/lib/thumb/v7-m/nofp\libnosys.a
END GROUP
LOAD C:/ST/STM32CubeIDE_1.17.0/STM32CubeIDE/plugins/com.st.stm32cube.ide.mcu.externaltools.gnu-tools-for-stm32.12.3.rel1.win32_1.1.0.202410251130/tools/bin/../lib/gcc/arm-none-eabi/12.3.1/thumb/v7-m/nofp/crtend.o
LOAD C:/ST/STM32CubeIDE_1.17.0/STM32CubeIDE/plugins/com.st.stm32cube.ide.mcu.externaltools.gnu-tools-for-stm32.12.3.rel1.win32_1.1.0.202410251130/tools/bin/../lib/gcc/arm-none-eabi/12.3.1/thumb/v7-m/nofp/crtn.o
                0x20005000                        _estack = (ORIGIN (RAM) + LENGTH (RAM))
                0x00000200                        _Min_Heap_Size = 0x200
                0x00000400                        _Min_Stack_Size = 0x400

.isr_vector     0x08000000      0x10c
                0x08000000                        . = ALIGN (0x4)
 *(.isr_vector)
 .isr_vector    0x08000000      0x10c ./Core/Startup/startup_stm32f103c8tx.o
                0x08000000                g_pfnVectors
                0x0800010c                        . = ALIGN (0x4)

.text           0x0800010c     0x4f54
                0x0800010c                        . = ALIGN (0x4)
 *(.text)
 .text          0x0800010c       0x40 C:/ST/STM32CubeIDE_1.17.0/STM32CubeIDE/plugins/com.st.stm32cube.ide.mcu.externaltools.gnu-tools-for-stm32.12.3.rel1.win32_1.1.0.202410251130/tools/bin/../lib/gcc/arm-none-eabi/12.3.1/thumb/v7-m/nofp/crtbegin.o
 .text          0x0800014c      0x21c C:/ST/STM32CubeIDE_1.17.0/STM32CubeIDE/plugins/com.st.stm32cube.ide.mcu.externaltools.gnu-tools-for-stm32.12.3.rel1.win32_1.1.0.202410251130/tools/bin/../lib/gcc/arm-none-eabi/12.3.1/thumb/v7-m/nofp\libgcc.a(_arm_addsubsf3.o)
                0x0800014c                __aeabi_frsub
                0x08000154                __subsf3
                0x08000154                __aeabi_fsub
                0x08000158                __aeabi_fadd
                0x08000158                __addsf3
                0x080002b8                __aeabi_ui2f
                0x080002b8                __floatunsisf
                0x080002c0                __aeabi_i2f
                0x080002c0                __floatsisf
                0x080002dc                __aeabi_ul2f
                0x080002dc                __floatundisf
                0x080002ec                __aeabi_l2f
                0x080002ec                __floatdisf
 .text          0x08000368      0x2a0 C:/ST/STM32CubeIDE_1.17.0/STM32CubeIDE/plugins/com.st.stm32cube.ide.mcu.externaltools.gnu-tools-for-stm32.12.3.rel1.win32_1.1.0.202410251130/tools/bin/../lib/gcc/arm-none-eabi/12.3.1/thumb/v7-m/nofp\libgcc.a(_arm_muldivsf3.o)
                0x08000368                __mulsf3
                0x08000368                __aeabi_fmul
                0x080004d0                __aeabi_fdiv
                0x080004d0                __divsf3
 .text          0x08000608       0x40 C:/ST/STM32CubeIDE_1.17.0/STM32CubeIDE/plugins/com.st.stm32cube.ide.mcu.externaltools.gnu-tools-for-stm32.12.3.rel1.win32_1.1.0.202410251130/tools/bin/../lib/gcc/arm-none-eabi/12.3.1/thumb/v7-m/nofp\libgcc.a(_arm_fixunssfsi.o)
                0x08000608                __fixunssfsi
                0x08000608                __aeabi_f2uiz
 *(.text*)
 .text.HAL_UARTEx_RxEventCallback
                0x08000648       0x54 ./Core/Src/alt_main.o
                0x08000648                HAL_UARTEx_RxEventCallback
 .text.HAL_GPIO_EXTI_Callback
                0x0800069c       0x5c ./Core/Src/alt_main.o
                0x0800069c                HAL_GPIO_EXTI_Callback
 .text.Tacvu_HIENTHI
                0x080006f8       0x6c ./Core/Src/alt_main.o
                0x080006f8                Tacvu_HIENTHI
 .text.Check_Slaveid
                0x08000764       0x74 ./Core/Src/alt_main.o
                0x08000764                Check_Slaveid
 .text.initial_UART_DMA
                0x080007d8       0x30 ./Core/Src/alt_main.o
                0x080007d8                initial_UART_DMA
 .text.alt_main
                0x08000808       0x38 ./Core/Src/alt_main.o
                0x08000808                alt_main
 .text._Z41__static_initialization_and_destruction_0ii
                0x08000840       0x38 ./Core/Src/alt_main.o
 .text._GLOBAL__sub_I_Rxx
                0x08000878       0x10 ./Core/Src/alt_main.o
 .text.main     0x08000888       0x28 ./Core/Src/main.o
                0x08000888                main
 .text.SystemClock_Config
                0x080008b0       0xa0 ./Core/Src/main.o
                0x080008b0                SystemClock_Config
 .text.MX_ADC1_Init
                0x08000950       0x7c ./Core/Src/main.o
 .text.MX_I2C1_Init
                0x080009cc       0x5c ./Core/Src/main.o
 .text.MX_USART1_UART_Init
                0x08000a28       0x54 ./Core/Src/main.o
 .text.MX_DMA_Init
                0x08000a7c       0x3c ./Core/Src/main.o
 .text.MX_GPIO_Init
                0x08000ab8       0xb0 ./Core/Src/main.o
 .text.Error_Handler
                0x08000b68        0xc ./Core/Src/main.o
                0x08000b68                Error_Handler
 .text.HAL_MspInit
                0x08000b74       0x64 ./Core/Src/stm32f1xx_hal_msp.o
                0x08000b74                HAL_MspInit
 .text.HAL_ADC_MspInit
                0x08000bd8       0x78 ./Core/Src/stm32f1xx_hal_msp.o
                0x08000bd8                HAL_ADC_MspInit
 .text.HAL_I2C_MspInit
                0x08000c50       0xa0 ./Core/Src/stm32f1xx_hal_msp.o
                0x08000c50                HAL_I2C_MspInit
 .text.HAL_UART_MspInit
                0x08000cf0       0xfc ./Core/Src/stm32f1xx_hal_msp.o
                0x08000cf0                HAL_UART_MspInit
 .text.NMI_Handler
                0x08000dec        0x8 ./Core/Src/stm32f1xx_it.o
                0x08000dec                NMI_Handler
 .text.HardFault_Handler
                0x08000df4        0x8 ./Core/Src/stm32f1xx_it.o
                0x08000df4                HardFault_Handler
 .text.MemManage_Handler
                0x08000dfc        0x8 ./Core/Src/stm32f1xx_it.o
                0x08000dfc                MemManage_Handler
 .text.BusFault_Handler
                0x08000e04        0x8 ./Core/Src/stm32f1xx_it.o
                0x08000e04                BusFault_Handler
 .text.UsageFault_Handler
                0x08000e0c        0x8 ./Core/Src/stm32f1xx_it.o
                0x08000e0c                UsageFault_Handler
 .text.SVC_Handler
                0x08000e14        0xc ./Core/Src/stm32f1xx_it.o
                0x08000e14                SVC_Handler
 .text.DebugMon_Handler
                0x08000e20        0xc ./Core/Src/stm32f1xx_it.o
                0x08000e20                DebugMon_Handler
 .text.PendSV_Handler
                0x08000e2c        0xc ./Core/Src/stm32f1xx_it.o
                0x08000e2c                PendSV_Handler
 .text.SysTick_Handler
                0x08000e38        0xc ./Core/Src/stm32f1xx_it.o
                0x08000e38                SysTick_Handler
 .text.DMA1_Channel5_IRQHandler
                0x08000e44       0x14 ./Core/Src/stm32f1xx_it.o
                0x08000e44                DMA1_Channel5_IRQHandler
 .text.EXTI9_5_IRQHandler
                0x08000e58        0xe ./Core/Src/stm32f1xx_it.o
                0x08000e58                EXTI9_5_IRQHandler
 *fill*         0x08000e66        0x2 
 .text.USART1_IRQHandler
                0x08000e68       0x14 ./Core/Src/stm32f1xx_it.o
                0x08000e68                USART1_IRQHandler
 .text.SystemInit
                0x08000e7c        0xc ./Core/Src/system_stm32f1xx.o
                0x08000e7c                SystemInit
 .text.Reset_Handler
                0x08000e88       0x48 ./Core/Startup/startup_stm32f103c8tx.o
                0x08000e88                Reset_Handler
 .text.Default_Handler
                0x08000ed0        0x2 ./Core/Startup/startup_stm32f103c8tx.o
                0x08000ed0                RTC_Alarm_IRQHandler
                0x08000ed0                EXTI2_IRQHandler
                0x08000ed0                TIM1_CC_IRQHandler
                0x08000ed0                PVD_IRQHandler
                0x08000ed0                EXTI3_IRQHandler
                0x08000ed0                EXTI0_IRQHandler
                0x08000ed0                I2C2_EV_IRQHandler
                0x08000ed0                ADC1_2_IRQHandler
                0x08000ed0                SPI1_IRQHandler
                0x08000ed0                TAMPER_IRQHandler
                0x08000ed0                DMA1_Channel4_IRQHandler
                0x08000ed0                USART3_IRQHandler
                0x08000ed0                RTC_IRQHandler
                0x08000ed0                DMA1_Channel7_IRQHandler
                0x08000ed0                CAN1_RX1_IRQHandler
                0x08000ed0                TIM4_IRQHandler
                0x08000ed0                I2C1_EV_IRQHandler
                0x08000ed0                DMA1_Channel6_IRQHandler
                0x08000ed0                TIM3_IRQHandler
                0x08000ed0                RCC_IRQHandler
                0x08000ed0                TIM1_TRG_COM_IRQHandler
                0x08000ed0                DMA1_Channel1_IRQHandler
                0x08000ed0                Default_Handler
                0x08000ed0                EXTI15_10_IRQHandler
                0x08000ed0                SPI2_IRQHandler
                0x08000ed0                EXTI4_IRQHandler
                0x08000ed0                USB_LP_CAN1_RX0_IRQHandler
                0x08000ed0                USB_HP_CAN1_TX_IRQHandler
                0x08000ed0                DMA1_Channel3_IRQHandler
                0x08000ed0                TIM1_UP_IRQHandler
                0x08000ed0                WWDG_IRQHandler
                0x08000ed0                TIM2_IRQHandler
                0x08000ed0                TIM1_BRK_IRQHandler
                0x08000ed0                EXTI1_IRQHandler
                0x08000ed0                USART2_IRQHandler
                0x08000ed0                I2C2_ER_IRQHandler
                0x08000ed0                DMA1_Channel2_IRQHandler
                0x08000ed0                CAN1_SCE_IRQHandler
                0x08000ed0                FLASH_IRQHandler
                0x08000ed0                I2C1_ER_IRQHandler
                0x08000ed0                USBWakeUp_IRQHandler
 *fill*         0x08000ed2        0x2 
 .text.HAL_Init
                0x08000ed4       0x2c ./Drivers/STM32F1xx_HAL_Driver/stm32f1xx_hal.o
                0x08000ed4                HAL_Init
 .text.HAL_InitTick
                0x08000f00       0x60 ./Drivers/STM32F1xx_HAL_Driver/stm32f1xx_hal.o
                0x08000f00                HAL_InitTick
 .text.HAL_IncTick
                0x08000f60       0x24 ./Drivers/STM32F1xx_HAL_Driver/stm32f1xx_hal.o
                0x08000f60                HAL_IncTick
 .text.HAL_GetTick
                0x08000f84       0x14 ./Drivers/STM32F1xx_HAL_Driver/stm32f1xx_hal.o
                0x08000f84                HAL_GetTick
 .text.HAL_ADC_Init
                0x08000f98      0x1b0 ./Drivers/STM32F1xx_HAL_Driver/stm32f1xx_hal_adc.o
                0x08000f98                HAL_ADC_Init
 .text.HAL_ADC_Start
                0x08001148      0x15c ./Drivers/STM32F1xx_HAL_Driver/stm32f1xx_hal_adc.o
                0x08001148                HAL_ADC_Start
 .text.HAL_ADC_Stop
                0x080012a4       0x58 ./Drivers/STM32F1xx_HAL_Driver/stm32f1xx_hal_adc.o
                0x080012a4                HAL_ADC_Stop
 .text.HAL_ADC_PollForConversion
                0x080012fc      0x20c ./Drivers/STM32F1xx_HAL_Driver/stm32f1xx_hal_adc.o
                0x080012fc                HAL_ADC_PollForConversion
 .text.HAL_ADC_GetValue
                0x08001508       0x18 ./Drivers/STM32F1xx_HAL_Driver/stm32f1xx_hal_adc.o
                0x08001508                HAL_ADC_GetValue
 .text.HAL_ADC_ConfigChannel
                0x08001520      0x1f0 ./Drivers/STM32F1xx_HAL_Driver/stm32f1xx_hal_adc.o
                0x08001520                HAL_ADC_ConfigChannel
 .text.ADC_Enable
                0x08001710       0xb4 ./Drivers/STM32F1xx_HAL_Driver/stm32f1xx_hal_adc.o
                0x08001710                ADC_Enable
 .text.ADC_ConversionStop_Disable
                0x080017c4       0x82 ./Drivers/STM32F1xx_HAL_Driver/stm32f1xx_hal_adc.o
                0x080017c4                ADC_ConversionStop_Disable
 *fill*         0x08001846        0x2 
 .text.__NVIC_SetPriorityGrouping
                0x08001848       0x48 ./Drivers/STM32F1xx_HAL_Driver/stm32f1xx_hal_cortex.o
 .text.__NVIC_GetPriorityGrouping
                0x08001890       0x1c ./Drivers/STM32F1xx_HAL_Driver/stm32f1xx_hal_cortex.o
 .text.__NVIC_EnableIRQ
                0x080018ac       0x38 ./Drivers/STM32F1xx_HAL_Driver/stm32f1xx_hal_cortex.o
 .text.__NVIC_SetPriority
                0x080018e4       0x54 ./Drivers/STM32F1xx_HAL_Driver/stm32f1xx_hal_cortex.o
 .text.NVIC_EncodePriority
                0x08001938       0x64 ./Drivers/STM32F1xx_HAL_Driver/stm32f1xx_hal_cortex.o
 .text.SysTick_Config
                0x0800199c       0x44 ./Drivers/STM32F1xx_HAL_Driver/stm32f1xx_hal_cortex.o
 .text.HAL_NVIC_SetPriorityGrouping
                0x080019e0       0x16 ./Drivers/STM32F1xx_HAL_Driver/stm32f1xx_hal_cortex.o
                0x080019e0                HAL_NVIC_SetPriorityGrouping
 .text.HAL_NVIC_SetPriority
                0x080019f6       0x38 ./Drivers/STM32F1xx_HAL_Driver/stm32f1xx_hal_cortex.o
                0x080019f6                HAL_NVIC_SetPriority
 .text.HAL_NVIC_EnableIRQ
                0x08001a2e       0x1c ./Drivers/STM32F1xx_HAL_Driver/stm32f1xx_hal_cortex.o
                0x08001a2e                HAL_NVIC_EnableIRQ
 .text.HAL_SYSTICK_Config
                0x08001a4a       0x18 ./Drivers/STM32F1xx_HAL_Driver/stm32f1xx_hal_cortex.o
                0x08001a4a                HAL_SYSTICK_Config
 *fill*         0x08001a62        0x2 
 .text.HAL_DMA_Init
                0x08001a64       0xb4 ./Drivers/STM32F1xx_HAL_Driver/stm32f1xx_hal_dma.o
                0x08001a64                HAL_DMA_Init
 .text.HAL_DMA_Start_IT
                0x08001b18       0xc0 ./Drivers/STM32F1xx_HAL_Driver/stm32f1xx_hal_dma.o
                0x08001b18                HAL_DMA_Start_IT
 .text.HAL_DMA_Abort
                0x08001bd8       0x76 ./Drivers/STM32F1xx_HAL_Driver/stm32f1xx_hal_dma.o
                0x08001bd8                HAL_DMA_Abort
 *fill*         0x08001c4e        0x2 
 .text.HAL_DMA_Abort_IT
                0x08001c50       0xf0 ./Drivers/STM32F1xx_HAL_Driver/stm32f1xx_hal_dma.o
                0x08001c50                HAL_DMA_Abort_IT
 .text.HAL_DMA_IRQHandler
                0x08001d40      0x20c ./Drivers/STM32F1xx_HAL_Driver/stm32f1xx_hal_dma.o
                0x08001d40                HAL_DMA_IRQHandler
 .text.DMA_SetConfig
                0x08001f4c       0x5a ./Drivers/STM32F1xx_HAL_Driver/stm32f1xx_hal_dma.o
 *fill*         0x08001fa6        0x2 
 .text.HAL_FLASH_Program
                0x08001fa8       0xe0 ./Drivers/STM32F1xx_HAL_Driver/stm32f1xx_hal_flash.o
                0x08001fa8                HAL_FLASH_Program
 .text.HAL_FLASH_Unlock
                0x08002088       0x4c ./Drivers/STM32F1xx_HAL_Driver/stm32f1xx_hal_flash.o
                0x08002088                HAL_FLASH_Unlock
 .text.HAL_FLASH_Lock
                0x080020d4       0x20 ./Drivers/STM32F1xx_HAL_Driver/stm32f1xx_hal_flash.o
                0x080020d4                HAL_FLASH_Lock
 .text.FLASH_Program_HalfWord
                0x080020f4       0x38 ./Drivers/STM32F1xx_HAL_Driver/stm32f1xx_hal_flash.o
 .text.FLASH_WaitForLastOperation
                0x0800212c       0x8c ./Drivers/STM32F1xx_HAL_Driver/stm32f1xx_hal_flash.o
                0x0800212c                FLASH_WaitForLastOperation
 .text.FLASH_SetErrorCode
                0x080021b8       0xa0 ./Drivers/STM32F1xx_HAL_Driver/stm32f1xx_hal_flash.o
 .text.HAL_FLASHEx_Erase
                0x08002258       0xd8 ./Drivers/STM32F1xx_HAL_Driver/stm32f1xx_hal_flash_ex.o
                0x08002258                HAL_FLASHEx_Erase
 .text.FLASH_MassErase
                0x08002330       0x38 ./Drivers/STM32F1xx_HAL_Driver/stm32f1xx_hal_flash_ex.o
 .text.FLASH_PageErase
                0x08002368       0x40 ./Drivers/STM32F1xx_HAL_Driver/stm32f1xx_hal_flash_ex.o
                0x08002368                FLASH_PageErase
 .text.HAL_GPIO_Init
                0x080023a8      0x308 ./Drivers/STM32F1xx_HAL_Driver/stm32f1xx_hal_gpio.o
                0x080023a8                HAL_GPIO_Init
 .text.HAL_GPIO_WritePin
                0x080026b0       0x30 ./Drivers/STM32F1xx_HAL_Driver/stm32f1xx_hal_gpio.o
                0x080026b0                HAL_GPIO_WritePin
 .text.HAL_GPIO_EXTI_IRQHandler
                0x080026e0       0x30 ./Drivers/STM32F1xx_HAL_Driver/stm32f1xx_hal_gpio.o
                0x080026e0                HAL_GPIO_EXTI_IRQHandler
 .text.HAL_I2C_Init
                0x08002710      0x288 ./Drivers/STM32F1xx_HAL_Driver/stm32f1xx_hal_i2c.o
                0x08002710                HAL_I2C_Init
 .text.HAL_RCC_OscConfig
                0x08002998      0x504 ./Drivers/STM32F1xx_HAL_Driver/stm32f1xx_hal_rcc.o
                0x08002998                HAL_RCC_OscConfig
 .text.HAL_RCC_ClockConfig
                0x08002e9c      0x1d4 ./Drivers/STM32F1xx_HAL_Driver/stm32f1xx_hal_rcc.o
                0x08002e9c                HAL_RCC_ClockConfig
 .text.HAL_RCC_GetSysClockFreq
                0x08003070       0xa8 ./Drivers/STM32F1xx_HAL_Driver/stm32f1xx_hal_rcc.o
                0x08003070                HAL_RCC_GetSysClockFreq
 .text.HAL_RCC_GetHCLKFreq
                0x08003118       0x14 ./Drivers/STM32F1xx_HAL_Driver/stm32f1xx_hal_rcc.o
                0x08003118                HAL_RCC_GetHCLKFreq
 .text.HAL_RCC_GetPCLK1Freq
                0x0800312c       0x28 ./Drivers/STM32F1xx_HAL_Driver/stm32f1xx_hal_rcc.o
                0x0800312c                HAL_RCC_GetPCLK1Freq
 .text.HAL_RCC_GetPCLK2Freq
                0x08003154       0x28 ./Drivers/STM32F1xx_HAL_Driver/stm32f1xx_hal_rcc.o
                0x08003154                HAL_RCC_GetPCLK2Freq
 .text.RCC_Delay
                0x0800317c       0x3c ./Drivers/STM32F1xx_HAL_Driver/stm32f1xx_hal_rcc.o
 .text.HAL_RCCEx_PeriphCLKConfig
                0x080031b8      0x16c ./Drivers/STM32F1xx_HAL_Driver/stm32f1xx_hal_rcc_ex.o
                0x080031b8                HAL_RCCEx_PeriphCLKConfig
 .text.HAL_RCCEx_GetPeriphCLKFreq
                0x08003324      0x16c ./Drivers/STM32F1xx_HAL_Driver/stm32f1xx_hal_rcc_ex.o
                0x08003324                HAL_RCCEx_GetPeriphCLKFreq
 .text.HAL_UART_Init
                0x08003490       0xa0 ./Drivers/STM32F1xx_HAL_Driver/stm32f1xx_hal_uart.o
                0x08003490                HAL_UART_Init
 .text.HAL_UARTEx_ReceiveToIdle_DMA
                0x08003530       0xb2 ./Drivers/STM32F1xx_HAL_Driver/stm32f1xx_hal_uart.o
                0x08003530                HAL_UARTEx_ReceiveToIdle_DMA
 *fill*         0x080035e2        0x2 
 .text.HAL_UART_IRQHandler
                0x080035e4      0x524 ./Drivers/STM32F1xx_HAL_Driver/stm32f1xx_hal_uart.o
                0x080035e4                HAL_UART_IRQHandler
 .text.HAL_UART_TxCpltCallback
                0x08003b08       0x12 ./Drivers/STM32F1xx_HAL_Driver/stm32f1xx_hal_uart.o
                0x08003b08                HAL_UART_TxCpltCallback
 .text.HAL_UART_RxCpltCallback
                0x08003b1a       0x12 ./Drivers/STM32F1xx_HAL_Driver/stm32f1xx_hal_uart.o
                0x08003b1a                HAL_UART_RxCpltCallback
 .text.HAL_UART_RxHalfCpltCallback
                0x08003b2c       0x12 ./Drivers/STM32F1xx_HAL_Driver/stm32f1xx_hal_uart.o
                0x08003b2c                HAL_UART_RxHalfCpltCallback
 .text.HAL_UART_ErrorCallback
                0x08003b3e       0x12 ./Drivers/STM32F1xx_HAL_Driver/stm32f1xx_hal_uart.o
                0x08003b3e                HAL_UART_ErrorCallback
 .text.UART_DMAReceiveCplt
                0x08003b50      0x12c ./Drivers/STM32F1xx_HAL_Driver/stm32f1xx_hal_uart.o
 .text.UART_DMARxHalfCplt
                0x08003c7c       0x3c ./Drivers/STM32F1xx_HAL_Driver/stm32f1xx_hal_uart.o
 .text.UART_DMAError
                0x08003cb8       0x94 ./Drivers/STM32F1xx_HAL_Driver/stm32f1xx_hal_uart.o
 .text.UART_Start_Receive_DMA
                0x08003d4c      0x134 ./Drivers/STM32F1xx_HAL_Driver/stm32f1xx_hal_uart.o
                0x08003d4c                UART_Start_Receive_DMA
 .text.UART_EndTxTransfer
                0x08003e80       0x4e ./Drivers/STM32F1xx_HAL_Driver/stm32f1xx_hal_uart.o
 .text.UART_EndRxTransfer
                0x08003ece       0xc4 ./Drivers/STM32F1xx_HAL_Driver/stm32f1xx_hal_uart.o
 .text.UART_DMAAbortOnError
                0x08003f92       0x28 ./Drivers/STM32F1xx_HAL_Driver/stm32f1xx_hal_uart.o
 .text.UART_Transmit_IT
                0x08003fba       0x9e ./Drivers/STM32F1xx_HAL_Driver/stm32f1xx_hal_uart.o
 .text.UART_EndTransmit_IT
                0x08004058       0x30 ./Drivers/STM32F1xx_HAL_Driver/stm32f1xx_hal_uart.o
 .text.UART_Receive_IT
                0x08004088      0x17c ./Drivers/STM32F1xx_HAL_Driver/stm32f1xx_hal_uart.o
 .text.UART_SetConfig
                0x08004204      0x11c ./Drivers/STM32F1xx_HAL_Driver/stm32f1xx_hal_uart.o
 .text.Flash_Read
                0x08004320       0x16 ./LIB/src/EEPROMx.o
                0x08004320                Flash_Read
 .text.Flash_ErasePage
                0x08004336       0x4a ./LIB/src/EEPROMx.o
                0x08004336                Flash_ErasePage
 .text.Flash_Write
                0x08004380       0x38 ./LIB/src/EEPROMx.o
                0x08004380                Flash_Write
 .text._ZN5Flags11TurnONFlagsEv
                0x080043b8       0xc8 ./LIB/src/Flags.o
                0x080043b8                Flags::TurnONFlags()
 .text._ZN5Flags12TurnOFFFlagsEv
                0x08004480       0x2a ./LIB/src/Flags.o
                0x08004480                Flags::TurnOFFFlags()
 *fill*         0x080044aa        0x2 
 .text.GPIOx_Init
                0x080044ac      0x108 ./LIB/src/Gpiox.o
                0x080044ac                GPIOx_Init
 .text._ZN12Modbus_SlaveC2Ev
                0x080045b4       0x68 ./LIB/src/Modbus_Slave.o
                0x080045b4                Modbus_Slave::Modbus_Slave()
                0x080045b4                Modbus_Slave::Modbus_Slave()
 .text._ZN12Modbus_Slave16USARTx_PutS_SizeEP13USART_TypeDefPhh
                0x0800461c       0x96 ./LIB/src/Modbus_Slave.o
                0x0800461c                Modbus_Slave::USARTx_PutS_Size(USART_TypeDef*, unsigned char*, unsigned char)
 .text._Z5CRC16Pht
                0x080046b2       0x76 ./LIB/src/Modbus_Slave.o
                0x080046b2                CRC16(unsigned char*, unsigned short)
 .text._ZN12Modbus_Slave8sendDataEPhi
                0x08004728       0x8c ./LIB/src/Modbus_Slave.o
                0x08004728                Modbus_Slave::sendData(unsigned char*, int)
 .text._ZN12Modbus_Slave15modbusExceptionEh
                0x080047b4       0x3e ./LIB/src/Modbus_Slave.o
                0x080047b4                Modbus_Slave::modbusException(unsigned char)
 .text._ZN12Modbus_Slave12Check_BufferEP13USART_TypeDef
                0x080047f2       0x54 ./LIB/src/Modbus_Slave.o
                0x080047f2                Modbus_Slave::Check_Buffer(USART_TypeDef*)
 *fill*         0x08004846        0x2 
 .text._ZN12Modbus_Slave17readInputRegs_FC4Ev
                0x08004848      0x10c ./LIB/src/Modbus_Slave.o
                0x08004848                Modbus_Slave::readInputRegs_FC4()
 .text._ZN12Modbus_Slave15readHoldingRegsEv
                0x08004954       0x14 ./LIB/src/Modbus_Slave.o
                0x08004954                Modbus_Slave::readHoldingRegs()
 .text._ZN12Modbus_Slave15WriteIDRegs_FC6Ev
                0x08004968       0xb8 ./LIB/src/Modbus_Slave.o
                0x08004968                Modbus_Slave::WriteIDRegs_FC6()
 .text._ZN6HT1621C2Ev
                0x08004a20       0x84 ./LIB/src/ht621b.o
                0x08004a20                HT1621::HT1621()
                0x08004a20                HT1621::HT1621()
 .text._ZN6HT16217wrBytesEhh
                0x08004aa4       0x54 ./LIB/src/ht621b.o
                0x08004aa4                HT1621::wrBytes(unsigned char, unsigned char)
 .text._ZN6HT16215wrCmdEh
                0x08004af8       0x40 ./LIB/src/ht621b.o
                0x08004af8                HT1621::wrCmd(unsigned char)
 .text._ZN6HT16218sendBitsEhh
                0x08004b38       0x64 ./LIB/src/ht621b.o
                0x08004b38                HT1621::sendBits(unsigned char, unsigned char)
 .text._ZN6HT16219displayOnEv
                0x08004b9c       0x38 ./LIB/src/ht621b.o
                0x08004b9c                HT1621::displayOn()
 .text._ZN6HT16218clearAllEv
                0x08004bd4       0x3a ./LIB/src/ht621b.o
                0x08004bd4                HT1621::clearAll()
 .text._ZN6HT162117ValuesConstructorEv
                0x08004c0e       0xba ./LIB/src/ht621b.o
                0x08004c0e                HT1621::ValuesConstructor()
 .text._ZN6HT16217ConvertEhhh
                0x08004cc8       0x9c ./LIB/src/ht621b.o
                0x08004cc8                HT1621::Convert(unsigned char, unsigned char, unsigned char)
 .text._ZN6HT162117Write_Float_LinexEfh
                0x08004d64      0x194 ./LIB/src/ht621b.o
                0x08004d64                HT1621::Write_Float_Linex(float, unsigned char)
 .text._ZN6HT16218Write_IdEh
                0x08004ef8       0xf8 ./LIB/src/ht621b.o
                0x08004ef8                HT1621::Write_Id(unsigned char)
 .text.memset   0x08004ff0       0x10 C:/ST/STM32CubeIDE_1.17.0/STM32CubeIDE/plugins/com.st.stm32cube.ide.mcu.externaltools.gnu-tools-for-stm32.12.3.rel1.win32_1.1.0.202410251130/tools/bin/../lib/gcc/arm-none-eabi/12.3.1/../../../../arm-none-eabi/lib/thumb/v7-m/nofp\libc_nano.a(libc_a-memset.o)
                0x08004ff0                memset
 .text.__libc_init_array
                0x08005000       0x48 C:/ST/STM32CubeIDE_1.17.0/STM32CubeIDE/plugins/com.st.stm32cube.ide.mcu.externaltools.gnu-tools-for-stm32.12.3.rel1.win32_1.1.0.202410251130/tools/bin/../lib/gcc/arm-none-eabi/12.3.1/../../../../arm-none-eabi/lib/thumb/v7-m/nofp\libc_nano.a(libc_a-init.o)
                0x08005000                __libc_init_array
 *(.glue_7)
 .glue_7        0x08005048        0x0 linker stubs
 *(.glue_7t)
 .glue_7t       0x08005048        0x0 linker stubs
 *(.eh_frame)
 .eh_frame      0x08005048        0x0 C:/ST/STM32CubeIDE_1.17.0/STM32CubeIDE/plugins/com.st.stm32cube.ide.mcu.externaltools.gnu-tools-for-stm32.12.3.rel1.win32_1.1.0.202410251130/tools/bin/../lib/gcc/arm-none-eabi/12.3.1/thumb/v7-m/nofp/crtbegin.o
 *(.init)
 .init          0x08005048        0x4 C:/ST/STM32CubeIDE_1.17.0/STM32CubeIDE/plugins/com.st.stm32cube.ide.mcu.externaltools.gnu-tools-for-stm32.12.3.rel1.win32_1.1.0.202410251130/tools/bin/../lib/gcc/arm-none-eabi/12.3.1/thumb/v7-m/nofp/crti.o
                0x08005048                _init
 .init          0x0800504c        0x8 C:/ST/STM32CubeIDE_1.17.0/STM32CubeIDE/plugins/com.st.stm32cube.ide.mcu.externaltools.gnu-tools-for-stm32.12.3.rel1.win32_1.1.0.202410251130/tools/bin/../lib/gcc/arm-none-eabi/12.3.1/thumb/v7-m/nofp/crtn.o
 *(.fini)
 .fini          0x08005054        0x4 C:/ST/STM32CubeIDE_1.17.0/STM32CubeIDE/plugins/com.st.stm32cube.ide.mcu.externaltools.gnu-tools-for-stm32.12.3.rel1.win32_1.1.0.202410251130/tools/bin/../lib/gcc/arm-none-eabi/12.3.1/thumb/v7-m/nofp/crti.o
                0x08005054                _fini
 .fini          0x08005058        0x8 C:/ST/STM32CubeIDE_1.17.0/STM32CubeIDE/plugins/com.st.stm32cube.ide.mcu.externaltools.gnu-tools-for-stm32.12.3.rel1.win32_1.1.0.202410251130/tools/bin/../lib/gcc/arm-none-eabi/12.3.1/thumb/v7-m/nofp/crtn.o
                0x08005060                        . = ALIGN (0x4)
                0x08005060                        _etext = .

.vfp11_veneer   0x08005060        0x0
 .vfp11_veneer  0x08005060        0x0 linker stubs

.v4_bx          0x08005060        0x0
 .v4_bx         0x08005060        0x0 linker stubs

.iplt           0x08005060        0x0
 .iplt          0x08005060        0x0 C:/ST/STM32CubeIDE_1.17.0/STM32CubeIDE/plugins/com.st.stm32cube.ide.mcu.externaltools.gnu-tools-for-stm32.12.3.rel1.win32_1.1.0.202410251130/tools/bin/../lib/gcc/arm-none-eabi/12.3.1/thumb/v7-m/nofp/crtbegin.o

.rodata         0x08005060       0xa4
                0x08005060                        . = ALIGN (0x4)
 *(.rodata)
 *(.rodata*)
 .rodata.AHBPrescTable
                0x08005060       0x10 ./Core/Src/system_stm32f1xx.o
                0x08005060                AHBPrescTable
 .rodata.APBPrescTable
                0x08005070        0x8 ./Core/Src/system_stm32f1xx.o
                0x08005070                APBPrescTable
 .rodata.aPLLMULFactorTable.1
                0x08005078       0x10 ./Drivers/STM32F1xx_HAL_Driver/stm32f1xx_hal_rcc.o
 .rodata.aPredivFactorTable.0
                0x08005088        0x2 ./Drivers/STM32F1xx_HAL_Driver/stm32f1xx_hal_rcc.o
 *fill*         0x0800508a        0x2 
 .rodata.aPLLMULFactorTable.1
                0x0800508c       0x10 ./Drivers/STM32F1xx_HAL_Driver/stm32f1xx_hal_rcc_ex.o
 .rodata.aPredivFactorTable.0
                0x0800509c        0x2 ./Drivers/STM32F1xx_HAL_Driver/stm32f1xx_hal_rcc_ex.o
 *fill*         0x0800509e        0x2 
 .rodata._ZL24Input_Registers_Database
                0x080050a0       0x64 ./LIB/src/Modbus_Slave.o
                0x08005104                        . = ALIGN (0x4)

.ARM.extab      0x08005104        0x0
                0x08005104                        . = ALIGN (0x4)
 *(.ARM.extab* .gnu.linkonce.armextab.*)
                0x08005104                        . = ALIGN (0x4)

.ARM            0x08005104        0x0
                0x08005104                        . = ALIGN (0x4)
                0x08005104                        __exidx_start = .
 *(.ARM.exidx*)
                0x08005104                        __exidx_end = .
                0x08005104                        . = ALIGN (0x4)

.preinit_array  0x08005104        0x0
                0x08005104                        . = ALIGN (0x4)
                0x08005104                        PROVIDE (__preinit_array_start = .)
 *(.preinit_array*)
                0x08005104                        PROVIDE (__preinit_array_end = .)
                0x08005104                        . = ALIGN (0x4)

.init_array     0x08005104        0x8
                0x08005104                        . = ALIGN (0x4)
                0x08005104                        PROVIDE (__init_array_start = .)
 *(SORT_BY_NAME(.init_array.*))
 *(.init_array*)
 .init_array    0x08005104        0x4 C:/ST/STM32CubeIDE_1.17.0/STM32CubeIDE/plugins/com.st.stm32cube.ide.mcu.externaltools.gnu-tools-for-stm32.12.3.rel1.win32_1.1.0.202410251130/tools/bin/../lib/gcc/arm-none-eabi/12.3.1/thumb/v7-m/nofp/crtbegin.o
 .init_array    0x08005108        0x4 ./Core/Src/alt_main.o
                0x0800510c                        PROVIDE (__init_array_end = .)
                0x0800510c                        . = ALIGN (0x4)

.fini_array     0x0800510c        0x4
                0x0800510c                        . = ALIGN (0x4)
                [!provide]                        PROVIDE (__fini_array_start = .)
 *(SORT_BY_NAME(.fini_array.*))
 *(.fini_array*)
 .fini_array    0x0800510c        0x4 C:/ST/STM32CubeIDE_1.17.0/STM32CubeIDE/plugins/com.st.stm32cube.ide.mcu.externaltools.gnu-tools-for-stm32.12.3.rel1.win32_1.1.0.202410251130/tools/bin/../lib/gcc/arm-none-eabi/12.3.1/thumb/v7-m/nofp/crtbegin.o
                [!provide]                        PROVIDE (__fini_array_end = .)
                0x08005110                        . = ALIGN (0x4)
                0x08005110                        _sidata = LOADADDR (.data)

.rel.dyn        0x08005110        0x0
 .rel.iplt      0x08005110        0x0 C:/ST/STM32CubeIDE_1.17.0/STM32CubeIDE/plugins/com.st.stm32cube.ide.mcu.externaltools.gnu-tools-for-stm32.12.3.rel1.win32_1.1.0.202410251130/tools/bin/../lib/gcc/arm-none-eabi/12.3.1/thumb/v7-m/nofp/crtbegin.o

.data           0x20000000       0x10 load address 0x08005110
                0x20000000                        . = ALIGN (0x4)
                0x20000000                        _sdata = .
 *(.data)
 *(.data*)
 .data.Status_stm32
                0x20000000        0x1 ./Core/Src/alt_main.o
                0x20000000                Status_stm32
 .data.Status_initial_LCD
                0x20000001        0x1 ./Core/Src/alt_main.o
                0x20000001                Status_initial_LCD
 *fill*         0x20000002        0x2 
 .data.SystemCoreClock
                0x20000004        0x4 ./Core/Src/system_stm32f1xx.o
                0x20000004                SystemCoreClock
 .data.uwTickPrio
                0x20000008        0x4 ./Drivers/STM32F1xx_HAL_Driver/stm32f1xx_hal.o
                0x20000008                uwTickPrio
 .data.uwTickFreq
                0x2000000c        0x1 ./Drivers/STM32F1xx_HAL_Driver/stm32f1xx_hal.o
                0x2000000c                uwTickFreq
 *(.RamFunc)
 *(.RamFunc*)
                0x20000010                        . = ALIGN (0x4)
 *fill*         0x2000000d        0x3 
                0x20000010                        _edata = .

.igot.plt       0x20000010        0x0 load address 0x08005120
 .igot.plt      0x20000010        0x0 C:/ST/STM32CubeIDE_1.17.0/STM32CubeIDE/plugins/com.st.stm32cube.ide.mcu.externaltools.gnu-tools-for-stm32.12.3.rel1.win32_1.1.0.202410251130/tools/bin/../lib/gcc/arm-none-eabi/12.3.1/thumb/v7-m/nofp/crtbegin.o
                0x20000010                        . = ALIGN (0x4)

.bss            0x20000010      0x2b0 load address 0x08005120
                0x20000010                        _sbss = .
                0x20000010                        __bss_start__ = _sbss
 *(.bss)
 .bss           0x20000010       0x1c C:/ST/STM32CubeIDE_1.17.0/STM32CubeIDE/plugins/com.st.stm32cube.ide.mcu.externaltools.gnu-tools-for-stm32.12.3.rel1.win32_1.1.0.202410251130/tools/bin/../lib/gcc/arm-none-eabi/12.3.1/thumb/v7-m/nofp/crtbegin.o
 *(.bss*)
 .bss._Ht621b   0x2000002c       0x1c ./Core/Src/alt_main.o
                0x2000002c                _Ht621b
 .bss._Modbus_Slave
                0x20000048      0x114 ./Core/Src/alt_main.o
                0x20000048                _Modbus_Slave
 .bss._Flags    0x2000015c       0x14 ./Core/Src/alt_main.o
                0x2000015c                _Flags
 .bss.temperature_Sm9541
                0x20000170        0x4 ./Core/Src/alt_main.o
                0x20000170                temperature_Sm9541
 .bss.pressure_Sm9541
                0x20000174        0x4 ./Core/Src/alt_main.o
                0x20000174                pressure_Sm9541
 .bss.cur_time_ext
                0x20000178        0x4 ./Core/Src/alt_main.o
                0x20000178                cur_time_ext
 .bss.pre_time_ext
                0x2000017c        0x4 ./Core/Src/alt_main.o
                0x2000017c                pre_time_ext
 .bss.id        0x20000180        0x2 ./Core/Src/alt_main.o
                0x20000180                id
 *fill*         0x20000182        0x2 
 .bss.value     0x20000184        0x4 ./Core/Src/alt_main.o
                0x20000184                value
 .bss.hadc1     0x20000188       0x30 ./Core/Src/main.o
                0x20000188                hadc1
 .bss.hi2c1     0x200001b8       0x54 ./Core/Src/main.o
                0x200001b8                hi2c1
 .bss.huart1    0x2000020c       0x48 ./Core/Src/main.o
                0x2000020c                huart1
 .bss.hdma_usart1_rx
                0x20000254       0x44 ./Core/Src/main.o
                0x20000254                hdma_usart1_rx
 .bss.uwTick    0x20000298        0x4 ./Drivers/STM32F1xx_HAL_Driver/stm32f1xx_hal.o
                0x20000298                uwTick
 *fill*         0x2000029c        0x4 
 .bss.pFlash    0x200002a0       0x20 ./Drivers/STM32F1xx_HAL_Driver/stm32f1xx_hal_flash.o
                0x200002a0                pFlash
 *(COMMON)
                0x200002c0                        . = ALIGN (0x4)
                0x200002c0                        _ebss = .
                0x200002c0                        __bss_end__ = _ebss

._user_heap_stack
                0x200002c0      0x600 load address 0x08005120
                0x200002c0                        . = ALIGN (0x8)
                [!provide]                        PROVIDE (end = .)
                0x200002c0                        PROVIDE (_end = .)
                0x200004c0                        . = (. + _Min_Heap_Size)
 *fill*         0x200002c0      0x200 
                0x200008c0                        . = (. + _Min_Stack_Size)
 *fill*         0x200004c0      0x400 
                0x200008c0                        . = ALIGN (0x8)

/DISCARD/
 libc.a(*)
 libm.a(*)
 libgcc.a(*)

.ARM.attributes
                0x00000000       0x29
 *(.ARM.attributes)
 .ARM.attributes
                0x00000000       0x1d C:/ST/STM32CubeIDE_1.17.0/STM32CubeIDE/plugins/com.st.stm32cube.ide.mcu.externaltools.gnu-tools-for-stm32.12.3.rel1.win32_1.1.0.202410251130/tools/bin/../lib/gcc/arm-none-eabi/12.3.1/thumb/v7-m/nofp/crti.o
 .ARM.attributes
                0x0000001d       0x2d C:/ST/STM32CubeIDE_1.17.0/STM32CubeIDE/plugins/com.st.stm32cube.ide.mcu.externaltools.gnu-tools-for-stm32.12.3.rel1.win32_1.1.0.202410251130/tools/bin/../lib/gcc/arm-none-eabi/12.3.1/thumb/v7-m/nofp/crtbegin.o
 .ARM.attributes
                0x0000004a       0x2d ./Core/Src/alt_main.o
 .ARM.attributes
                0x00000077       0x2d ./Core/Src/main.o
 .ARM.attributes
                0x000000a4       0x2d ./Core/Src/stm32f1xx_hal_msp.o
 .ARM.attributes
                0x000000d1       0x2d ./Core/Src/stm32f1xx_it.o
 .ARM.attributes
                0x000000fe       0x2d ./Core/Src/system_stm32f1xx.o
 .ARM.attributes
                0x0000012b       0x21 ./Core/Startup/startup_stm32f103c8tx.o
 .ARM.attributes
                0x0000014c       0x2d ./Drivers/STM32F1xx_HAL_Driver/stm32f1xx_hal.o
 .ARM.attributes
                0x00000179       0x2d ./Drivers/STM32F1xx_HAL_Driver/stm32f1xx_hal_adc.o
 .ARM.attributes
                0x000001a6       0x2d ./Drivers/STM32F1xx_HAL_Driver/stm32f1xx_hal_cortex.o
 .ARM.attributes
                0x000001d3       0x2d ./Drivers/STM32F1xx_HAL_Driver/stm32f1xx_hal_dma.o
 .ARM.attributes
                0x00000200       0x2d ./Drivers/STM32F1xx_HAL_Driver/stm32f1xx_hal_flash.o
 .ARM.attributes
                0x0000022d       0x2d ./Drivers/STM32F1xx_HAL_Driver/stm32f1xx_hal_flash_ex.o
 .ARM.attributes
                0x0000025a       0x2d ./Drivers/STM32F1xx_HAL_Driver/stm32f1xx_hal_gpio.o
 .ARM.attributes
                0x00000287       0x2d ./Drivers/STM32F1xx_HAL_Driver/stm32f1xx_hal_i2c.o
 .ARM.attributes
                0x000002b4       0x2d ./Drivers/STM32F1xx_HAL_Driver/stm32f1xx_hal_rcc.o
 .ARM.attributes
                0x000002e1       0x2d ./Drivers/STM32F1xx_HAL_Driver/stm32f1xx_hal_rcc_ex.o
 .ARM.attributes
                0x0000030e       0x2d ./Drivers/STM32F1xx_HAL_Driver/stm32f1xx_hal_uart.o
 .ARM.attributes
                0x0000033b       0x2d ./LIB/src/EEPROMx.o
 .ARM.attributes
                0x00000368       0x2d ./LIB/src/Flags.o
 .ARM.attributes
                0x00000395       0x2d ./LIB/src/Gpiox.o
 .ARM.attributes
                0x000003c2       0x2d ./LIB/src/Modbus_Slave.o
 .ARM.attributes
                0x000003ef       0x2d ./LIB/src/ht621b.o
 .ARM.attributes
                0x0000041c       0x2d C:/ST/STM32CubeIDE_1.17.0/STM32CubeIDE/plugins/com.st.stm32cube.ide.mcu.externaltools.gnu-tools-for-stm32.12.3.rel1.win32_1.1.0.202410251130/tools/bin/../lib/gcc/arm-none-eabi/12.3.1/../../../../arm-none-eabi/lib/thumb/v7-m/nofp\libc_nano.a(libc_a-memset.o)
 .ARM.attributes
                0x00000449       0x2d C:/ST/STM32CubeIDE_1.17.0/STM32CubeIDE/plugins/com.st.stm32cube.ide.mcu.externaltools.gnu-tools-for-stm32.12.3.rel1.win32_1.1.0.202410251130/tools/bin/../lib/gcc/arm-none-eabi/12.3.1/../../../../arm-none-eabi/lib/thumb/v7-m/nofp\libc_nano.a(libc_a-init.o)
 .ARM.attributes
                0x00000476       0x1d C:/ST/STM32CubeIDE_1.17.0/STM32CubeIDE/plugins/com.st.stm32cube.ide.mcu.externaltools.gnu-tools-for-stm32.12.3.rel1.win32_1.1.0.202410251130/tools/bin/../lib/gcc/arm-none-eabi/12.3.1/thumb/v7-m/nofp\libgcc.a(_arm_addsubsf3.o)
 .ARM.attributes
                0x00000493       0x1d C:/ST/STM32CubeIDE_1.17.0/STM32CubeIDE/plugins/com.st.stm32cube.ide.mcu.externaltools.gnu-tools-for-stm32.12.3.rel1.win32_1.1.0.202410251130/tools/bin/../lib/gcc/arm-none-eabi/12.3.1/thumb/v7-m/nofp\libgcc.a(_arm_muldivsf3.o)
 .ARM.attributes
                0x000004b0       0x1d C:/ST/STM32CubeIDE_1.17.0/STM32CubeIDE/plugins/com.st.stm32cube.ide.mcu.externaltools.gnu-tools-for-stm32.12.3.rel1.win32_1.1.0.202410251130/tools/bin/../lib/gcc/arm-none-eabi/12.3.1/thumb/v7-m/nofp\libgcc.a(_arm_fixunssfsi.o)
 .ARM.attributes
                0x000004cd       0x1d C:/ST/STM32CubeIDE_1.17.0/STM32CubeIDE/plugins/com.st.stm32cube.ide.mcu.externaltools.gnu-tools-for-stm32.12.3.rel1.win32_1.1.0.202410251130/tools/bin/../lib/gcc/arm-none-eabi/12.3.1/thumb/v7-m/nofp/crtn.o
OUTPUT(Project_v5.elf elf32-littlearm)
LOAD linker stubs
LOAD C:/ST/STM32CubeIDE_1.17.0/STM32CubeIDE/plugins/com.st.stm32cube.ide.mcu.externaltools.gnu-tools-for-stm32.12.3.rel1.win32_1.1.0.202410251130/tools/bin/../lib/gcc/arm-none-eabi/12.3.1/../../../../arm-none-eabi/lib/thumb/v7-m/nofp\libc.a
LOAD C:/ST/STM32CubeIDE_1.17.0/STM32CubeIDE/plugins/com.st.stm32cube.ide.mcu.externaltools.gnu-tools-for-stm32.12.3.rel1.win32_1.1.0.202410251130/tools/bin/../lib/gcc/arm-none-eabi/12.3.1/../../../../arm-none-eabi/lib/thumb/v7-m/nofp\libm.a
LOAD C:/ST/STM32CubeIDE_1.17.0/STM32CubeIDE/plugins/com.st.stm32cube.ide.mcu.externaltools.gnu-tools-for-stm32.12.3.rel1.win32_1.1.0.202410251130/tools/bin/../lib/gcc/arm-none-eabi/12.3.1/thumb/v7-m/nofp\libgcc.a

.debug_info     0x00000000     0xeac2
 .debug_info    0x00000000     0x101e ./Core/Src/alt_main.o
 .debug_info    0x0000101e     0x118b ./Core/Src/main.o
 .debug_info    0x000021a9      0xfd7 ./Core/Src/stm32f1xx_hal_msp.o
 .debug_info    0x00003180      0x638 ./Core/Src/stm32f1xx_it.o
 .debug_info    0x000037b8      0x222 ./Core/Src/system_stm32f1xx.o
 .debug_info    0x000039da       0x30 ./Core/Startup/startup_stm32f103c8tx.o
 .debug_info    0x00003a0a      0x704 ./Drivers/STM32F1xx_HAL_Driver/stm32f1xx_hal.o
 .debug_info    0x0000410e      0xc50 ./Drivers/STM32F1xx_HAL_Driver/stm32f1xx_hal_adc.o
 .debug_info    0x00004d5e      0xa87 ./Drivers/STM32F1xx_HAL_Driver/stm32f1xx_hal_cortex.o
 .debug_info    0x000057e5      0x6d2 ./Drivers/STM32F1xx_HAL_Driver/stm32f1xx_hal_dma.o
 .debug_info    0x00005eb7      0x4f8 ./Drivers/STM32F1xx_HAL_Driver/stm32f1xx_hal_flash.o
 .debug_info    0x000063af      0x777 ./Drivers/STM32F1xx_HAL_Driver/stm32f1xx_hal_flash_ex.o
 .debug_info    0x00006b26      0x5ab ./Drivers/STM32F1xx_HAL_Driver/stm32f1xx_hal_gpio.o
 .debug_info    0x000070d1     0x2524 ./Drivers/STM32F1xx_HAL_Driver/stm32f1xx_hal_i2c.o
 .debug_info    0x000095f5      0x7d5 ./Drivers/STM32F1xx_HAL_Driver/stm32f1xx_hal_rcc.o
 .debug_info    0x00009dca      0x3c0 ./Drivers/STM32F1xx_HAL_Driver/stm32f1xx_hal_rcc_ex.o
 .debug_info    0x0000a18a     0x2eed ./Drivers/STM32F1xx_HAL_Driver/stm32f1xx_hal_uart.o
 .debug_info    0x0000d077      0x271 ./LIB/src/EEPROMx.o
 .debug_info    0x0000d2e8      0x1e8 ./LIB/src/Flags.o
 .debug_info    0x0000d4d0      0x7a6 ./LIB/src/Gpiox.o
 .debug_info    0x0000dc76      0x71c ./LIB/src/Modbus_Slave.o
 .debug_info    0x0000e392      0x730 ./LIB/src/ht621b.o

.debug_abbrev   0x00000000     0x2df3
 .debug_abbrev  0x00000000      0x37c ./Core/Src/alt_main.o
 .debug_abbrev  0x0000037c      0x2cc ./Core/Src/main.o
 .debug_abbrev  0x00000648      0x235 ./Core/Src/stm32f1xx_hal_msp.o
 .debug_abbrev  0x0000087d      0x18d ./Core/Src/stm32f1xx_it.o
 .debug_abbrev  0x00000a0a      0x13f ./Core/Src/system_stm32f1xx.o
 .debug_abbrev  0x00000b49       0x24 ./Core/Startup/startup_stm32f103c8tx.o
 .debug_abbrev  0x00000b6d      0x201 ./Drivers/STM32F1xx_HAL_Driver/stm32f1xx_hal.o
 .debug_abbrev  0x00000d6e      0x225 ./Drivers/STM32F1xx_HAL_Driver/stm32f1xx_hal_adc.o
 .debug_abbrev  0x00000f93      0x2f8 ./Drivers/STM32F1xx_HAL_Driver/stm32f1xx_hal_cortex.o
 .debug_abbrev  0x0000128b      0x20b ./Drivers/STM32F1xx_HAL_Driver/stm32f1xx_hal_dma.o
 .debug_abbrev  0x00001496      0x250 ./Drivers/STM32F1xx_HAL_Driver/stm32f1xx_hal_flash.o
 .debug_abbrev  0x000016e6      0x247 ./Drivers/STM32F1xx_HAL_Driver/stm32f1xx_hal_flash_ex.o
 .debug_abbrev  0x0000192d      0x1ca ./Drivers/STM32F1xx_HAL_Driver/stm32f1xx_hal_gpio.o
 .debug_abbrev  0x00001af7      0x2a3 ./Drivers/STM32F1xx_HAL_Driver/stm32f1xx_hal_i2c.o
 .debug_abbrev  0x00001d9a      0x2b3 ./Drivers/STM32F1xx_HAL_Driver/stm32f1xx_hal_rcc.o
 .debug_abbrev  0x0000204d      0x188 ./Drivers/STM32F1xx_HAL_Driver/stm32f1xx_hal_rcc_ex.o
 .debug_abbrev  0x000021d5      0x2f8 ./Drivers/STM32F1xx_HAL_Driver/stm32f1xx_hal_uart.o
 .debug_abbrev  0x000024cd      0x116 ./LIB/src/EEPROMx.o
 .debug_abbrev  0x000025e3      0x136 ./LIB/src/Flags.o
 .debug_abbrev  0x00002719      0x1e4 ./LIB/src/Gpiox.o
 .debug_abbrev  0x000028fd      0x275 ./LIB/src/Modbus_Slave.o
 .debug_abbrev  0x00002b72      0x281 ./LIB/src/ht621b.o

.debug_aranges  0x00000000      0xd78
 .debug_aranges
                0x00000000       0x60 ./Core/Src/alt_main.o
 .debug_aranges
                0x00000060       0x58 ./Core/Src/main.o
 .debug_aranges
                0x000000b8       0x50 ./Core/Src/stm32f1xx_hal_msp.o
 .debug_aranges
                0x00000108       0x78 ./Core/Src/stm32f1xx_it.o
 .debug_aranges
                0x00000180       0x28 ./Core/Src/system_stm32f1xx.o
 .debug_aranges
                0x000001a8       0x28 ./Core/Startup/startup_stm32f103c8tx.o
 .debug_aranges
                0x000001d0       0xe0 ./Drivers/STM32F1xx_HAL_Driver/stm32f1xx_hal.o
 .debug_aranges
                0x000002b0       0xf0 ./Drivers/STM32F1xx_HAL_Driver/stm32f1xx_hal_adc.o
 .debug_aranges
                0x000003a0      0x100 ./Drivers/STM32F1xx_HAL_Driver/stm32f1xx_hal_cortex.o
 .debug_aranges
                0x000004a0       0x80 ./Drivers/STM32F1xx_HAL_Driver/stm32f1xx_hal_dma.o
 .debug_aranges
                0x00000520       0x88 ./Drivers/STM32F1xx_HAL_Driver/stm32f1xx_hal_flash.o
 .debug_aranges
                0x000005a8       0x98 ./Drivers/STM32F1xx_HAL_Driver/stm32f1xx_hal_flash_ex.o
 .debug_aranges
                0x00000640       0x58 ./Drivers/STM32F1xx_HAL_Driver/stm32f1xx_hal_gpio.o
 .debug_aranges
                0x00000698      0x2a8 ./Drivers/STM32F1xx_HAL_Driver/stm32f1xx_hal_i2c.o
 .debug_aranges
                0x00000940       0x90 ./Drivers/STM32F1xx_HAL_Driver/stm32f1xx_hal_rcc.o
 .debug_aranges
                0x000009d0       0x30 ./Drivers/STM32F1xx_HAL_Driver/stm32f1xx_hal_rcc_ex.o
 .debug_aranges
                0x00000a00      0x208 ./Drivers/STM32F1xx_HAL_Driver/stm32f1xx_hal_uart.o
 .debug_aranges
                0x00000c08       0x30 ./LIB/src/EEPROMx.o
 .debug_aranges
                0x00000c38       0x28 ./LIB/src/Flags.o
 .debug_aranges
                0x00000c60       0x48 ./LIB/src/Gpiox.o
 .debug_aranges
                0x00000ca8       0x60 ./LIB/src/Modbus_Slave.o
 .debug_aranges
                0x00000d08       0x70 ./LIB/src/ht621b.o

.debug_rnglists
                0x00000000      0xa70
 .debug_rnglists
                0x00000000       0x43 ./Core/Src/alt_main.o
 .debug_rnglists
                0x00000043       0x3f ./Core/Src/main.o
 .debug_rnglists
                0x00000082       0x39 ./Core/Src/stm32f1xx_hal_msp.o
 .debug_rnglists
                0x000000bb       0x55 ./Core/Src/stm32f1xx_it.o
 .debug_rnglists
                0x00000110       0x1a ./Core/Src/system_stm32f1xx.o
 .debug_rnglists
                0x0000012a       0x19 ./Core/Startup/startup_stm32f103c8tx.o
 .debug_rnglists
                0x00000143       0xa3 ./Drivers/STM32F1xx_HAL_Driver/stm32f1xx_hal.o
 .debug_rnglists
                0x000001e6       0xbc ./Drivers/STM32F1xx_HAL_Driver/stm32f1xx_hal_adc.o
 .debug_rnglists
                0x000002a2       0xbb ./Drivers/STM32F1xx_HAL_Driver/stm32f1xx_hal_cortex.o
 .debug_rnglists
                0x0000035d       0x64 ./Drivers/STM32F1xx_HAL_Driver/stm32f1xx_hal_dma.o
 .debug_rnglists
                0x000003c1       0x66 ./Drivers/STM32F1xx_HAL_Driver/stm32f1xx_hal_flash.o
 .debug_rnglists
                0x00000427       0x73 ./Drivers/STM32F1xx_HAL_Driver/stm32f1xx_hal_flash_ex.o
 .debug_rnglists
                0x0000049a       0x3f ./Drivers/STM32F1xx_HAL_Driver/stm32f1xx_hal_gpio.o
 .debug_rnglists
                0x000004d9      0x23c ./Drivers/STM32F1xx_HAL_Driver/stm32f1xx_hal_i2c.o
 .debug_rnglists
                0x00000715       0x6c ./Drivers/STM32F1xx_HAL_Driver/stm32f1xx_hal_rcc.o
 .debug_rnglists
                0x00000781       0x21 ./Drivers/STM32F1xx_HAL_Driver/stm32f1xx_hal_rcc_ex.o
 .debug_rnglists
                0x000007a2      0x1bc ./Drivers/STM32F1xx_HAL_Driver/stm32f1xx_hal_uart.o
 .debug_rnglists
                0x0000095e       0x1f ./LIB/src/EEPROMx.o
 .debug_rnglists
                0x0000097d       0x1a ./LIB/src/Flags.o
 .debug_rnglists
                0x00000997       0x32 ./LIB/src/Gpiox.o
 .debug_rnglists
                0x000009c9       0x53 ./LIB/src/Modbus_Slave.o
 .debug_rnglists
                0x00000a1c       0x54 ./LIB/src/ht621b.o

.debug_macro    0x00000000    0x1a2a1
 .debug_macro   0x00000000      0x2e3 ./Core/Src/alt_main.o
 .debug_macro   0x000002e3      0xb80 ./Core/Src/alt_main.o
 .debug_macro   0x00000e63      0x227 ./Core/Src/alt_main.o
 .debug_macro   0x0000108a       0x2e ./Core/Src/alt_main.o
 .debug_macro   0x000010b8       0x22 ./Core/Src/alt_main.o
 .debug_macro   0x000010da       0x1c ./Core/Src/alt_main.o
 .debug_macro   0x000010f6       0x22 ./Core/Src/alt_main.o
 .debug_macro   0x00001118       0x8e ./Core/Src/alt_main.o
 .debug_macro   0x000011a6       0x51 ./Core/Src/alt_main.o
 .debug_macro   0x000011f7      0x103 ./Core/Src/alt_main.o
 .debug_macro   0x000012fa       0x6a ./Core/Src/alt_main.o
 .debug_macro   0x00001364      0x1df ./Core/Src/alt_main.o
 .debug_macro   0x00001543       0x1c ./Core/Src/alt_main.o
 .debug_macro   0x0000155f       0x22 ./Core/Src/alt_main.o
 .debug_macro   0x00001581       0xbd ./Core/Src/alt_main.o
 .debug_macro   0x0000163e      0xd23 ./Core/Src/alt_main.o
 .debug_macro   0x00002361     0xe09e ./Core/Src/alt_main.o
 .debug_macro   0x000103ff       0x6d ./Core/Src/alt_main.o
 .debug_macro   0x0001046c     0x34a2 ./Core/Src/alt_main.o
 .debug_macro   0x0001390e      0x190 ./Core/Src/alt_main.o
 .debug_macro   0x00013a9e       0x5c ./Core/Src/alt_main.o
 .debug_macro   0x00013afa      0x5bc ./Core/Src/alt_main.o
 .debug_macro   0x000140b6      0x289 ./Core/Src/alt_main.o
 .debug_macro   0x0001433f      0x1cb ./Core/Src/alt_main.o
 .debug_macro   0x0001450a      0x114 ./Core/Src/alt_main.o
 .debug_macro   0x0001461e      0x1b2 ./Core/Src/alt_main.o
 .debug_macro   0x000147d0       0x27 ./Core/Src/alt_main.o
 .debug_macro   0x000147f7      0x136 ./Core/Src/alt_main.o
 .debug_macro   0x0001492d      0x1bc ./Core/Src/alt_main.o
 .debug_macro   0x00014ae9       0x34 ./Core/Src/alt_main.o
 .debug_macro   0x00014b1d       0x3c ./Core/Src/alt_main.o
 .debug_macro   0x00014b59       0x57 ./Core/Src/alt_main.o
 .debug_macro   0x00014bb0      0x46a ./Core/Src/alt_main.o
 .debug_macro   0x0001501a      0x1b5 ./Core/Src/alt_main.o
 .debug_macro   0x000151cf       0x87 ./Core/Src/alt_main.o
 .debug_macro   0x00015256      0x240 ./Core/Src/alt_main.o
 .debug_macro   0x00015496      0x287 ./Core/Src/alt_main.o
 .debug_macro   0x0001571d      0x140 ./Core/Src/alt_main.o
 .debug_macro   0x0001585d      0x28e ./Core/Src/alt_main.o
 .debug_macro   0x00015aeb       0x83 ./Core/Src/alt_main.o
 .debug_macro   0x00015b6e       0x61 ./Core/Src/alt_main.o
 .debug_macro   0x00015bcf       0x24 ./Core/Src/alt_main.o
 .debug_macro   0x00015bf3       0x43 ./Core/Src/alt_main.o
 .debug_macro   0x00015c36       0x34 ./Core/Src/alt_main.o
 .debug_macro   0x00015c6a       0x16 ./Core/Src/alt_main.o
 .debug_macro   0x00015c80       0x43 ./Core/Src/alt_main.o
 .debug_macro   0x00015cc3       0x34 ./Core/Src/alt_main.o
 .debug_macro   0x00015cf7       0x10 ./Core/Src/alt_main.o
 .debug_macro   0x00015d07       0x58 ./Core/Src/alt_main.o
 .debug_macro   0x00015d5f       0x8e ./Core/Src/alt_main.o
 .debug_macro   0x00015ded       0x16 ./Core/Src/alt_main.o
 .debug_macro   0x00015e03      0x177 ./Core/Src/alt_main.o
 .debug_macro   0x00015f7a      0x38c ./Core/Src/alt_main.o
 .debug_macro   0x00016306       0x10 ./Core/Src/alt_main.o
 .debug_macro   0x00016316       0x35 ./Core/Src/alt_main.o
 .debug_macro   0x0001634b       0x20 ./Core/Src/alt_main.o
 .debug_macro   0x0001636b       0x5e ./Core/Src/alt_main.o
 .debug_macro   0x000163c9       0x16 ./Core/Src/alt_main.o
 .debug_macro   0x000163df       0x10 ./Core/Src/alt_main.o
 .debug_macro   0x000163ef       0x22 ./Core/Src/alt_main.o
 .debug_macro   0x00016411      0x1c4 ./Core/Src/main.o
 .debug_macro   0x000165d5      0xaa8 ./Core/Src/main.o
 .debug_macro   0x0001707d      0xd23 ./Core/Src/main.o
 .debug_macro   0x00017da0      0x189 ./Core/Src/main.o
 .debug_macro   0x00017f29      0x1b6 ./Core/Src/stm32f1xx_hal_msp.o
 .debug_macro   0x000180df      0x1c0 ./Core/Src/stm32f1xx_it.o
 .debug_macro   0x0001829f      0x1ac ./Core/Src/system_stm32f1xx.o
 .debug_macro   0x0001844b      0x1d0 ./Drivers/STM32F1xx_HAL_Driver/stm32f1xx_hal.o
 .debug_macro   0x0001861b      0x1c9 ./Drivers/STM32F1xx_HAL_Driver/stm32f1xx_hal_adc.o
 .debug_macro   0x000187e4      0x1ac ./Drivers/STM32F1xx_HAL_Driver/stm32f1xx_hal_cortex.o
 .debug_macro   0x00018990      0x1ac ./Drivers/STM32F1xx_HAL_Driver/stm32f1xx_hal_dma.o
 .debug_macro   0x00018b3c      0x1ac ./Drivers/STM32F1xx_HAL_Driver/stm32f1xx_hal_flash.o
 .debug_macro   0x00018ce8      0x1be ./Drivers/STM32F1xx_HAL_Driver/stm32f1xx_hal_flash_ex.o
 .debug_macro   0x00018ea6      0x217 ./Drivers/STM32F1xx_HAL_Driver/stm32f1xx_hal_gpio.o
 .debug_macro   0x000190bd      0x1fa ./Drivers/STM32F1xx_HAL_Driver/stm32f1xx_hal_i2c.o
 .debug_macro   0x000192b7      0x1be ./Drivers/STM32F1xx_HAL_Driver/stm32f1xx_hal_rcc.o
 .debug_macro   0x00019475      0x1ac ./Drivers/STM32F1xx_HAL_Driver/stm32f1xx_hal_rcc_ex.o
 .debug_macro   0x00019621      0x1ad ./Drivers/STM32F1xx_HAL_Driver/stm32f1xx_hal_uart.o
 .debug_macro   0x000197ce      0x1bb ./LIB/src/EEPROMx.o
 .debug_macro   0x00019989       0x10 ./LIB/src/EEPROMx.o
 .debug_macro   0x00019999      0x1c0 ./LIB/src/Flags.o
 .debug_macro   0x00019b59       0x1c ./LIB/src/Flags.o
 .debug_macro   0x00019b75      0x1c5 ./LIB/src/Gpiox.o
 .debug_macro   0x00019d3a       0x58 ./LIB/src/Gpiox.o
 .debug_macro   0x00019d92      0x2c3 ./LIB/src/Modbus_Slave.o
 .debug_macro   0x0001a055      0x24c ./LIB/src/ht621b.o

.debug_line     0x00000000    0x13f0f
 .debug_line    0x00000000      0xb37 ./Core/Src/alt_main.o
 .debug_line    0x00000b37      0x98b ./Core/Src/main.o
 .debug_line    0x000014c2      0x8ff ./Core/Src/stm32f1xx_hal_msp.o
 .debug_line    0x00001dc1      0x8fe ./Core/Src/stm32f1xx_it.o
 .debug_line    0x000026bf      0x872 ./Core/Src/system_stm32f1xx.o
 .debug_line    0x00002f31       0x78 ./Core/Startup/startup_stm32f103c8tx.o
 .debug_line    0x00002fa9      0xad7 ./Drivers/STM32F1xx_HAL_Driver/stm32f1xx_hal.o
 .debug_line    0x00003a80     0x1154 ./Drivers/STM32F1xx_HAL_Driver/stm32f1xx_hal_adc.o
 .debug_line    0x00004bd4      0xcc3 ./Drivers/STM32F1xx_HAL_Driver/stm32f1xx_hal_cortex.o
 .debug_line    0x00005897      0xf30 ./Drivers/STM32F1xx_HAL_Driver/stm32f1xx_hal_dma.o
 .debug_line    0x000067c7      0xba2 ./Drivers/STM32F1xx_HAL_Driver/stm32f1xx_hal_flash.o
 .debug_line    0x00007369      0xc90 ./Drivers/STM32F1xx_HAL_Driver/stm32f1xx_hal_flash_ex.o
 .debug_line    0x00007ff9      0xb70 ./Drivers/STM32F1xx_HAL_Driver/stm32f1xx_hal_gpio.o
 .debug_line    0x00008b69     0x3d74 ./Drivers/STM32F1xx_HAL_Driver/stm32f1xx_hal_i2c.o
 .debug_line    0x0000c8dd      0xee0 ./Drivers/STM32F1xx_HAL_Driver/stm32f1xx_hal_rcc.o
 .debug_line    0x0000d7bd      0xa21 ./Drivers/STM32F1xx_HAL_Driver/stm32f1xx_hal_rcc_ex.o
 .debug_line    0x0000e1de     0x29b6 ./Drivers/STM32F1xx_HAL_Driver/stm32f1xx_hal_uart.o
 .debug_line    0x00010b94      0x865 ./LIB/src/EEPROMx.o
 .debug_line    0x000113f9      0x88f ./LIB/src/Flags.o
 .debug_line    0x00011c88      0x9cd ./LIB/src/Gpiox.o
 .debug_line    0x00012655      0xd0a ./LIB/src/Modbus_Slave.o
 .debug_line    0x0001335f      0xbb0 ./LIB/src/ht621b.o

.debug_str      0x00000000    0x8a765
 .debug_str     0x00000000    0x86d3e ./Core/Src/alt_main.o
                              0x8729f (size before relaxing)
 .debug_str     0x00086d3e      0xa33 ./Core/Src/main.o
                              0x83a96 (size before relaxing)
 .debug_str     0x00087771      0x10c ./Core/Src/stm32f1xx_hal_msp.o
                              0x83873 (size before relaxing)
 .debug_str     0x0008787d      0x147 ./Core/Src/stm32f1xx_it.o
                              0x8312d (size before relaxing)
 .debug_str     0x000879c4       0x7e ./Core/Src/system_stm32f1xx.o
                              0x82ca1 (size before relaxing)
 .debug_str     0x00087a42       0x44 ./Core/Startup/startup_stm32f103c8tx.o
                                 0x68 (size before relaxing)
 .debug_str     0x00087a86      0x356 ./Drivers/STM32F1xx_HAL_Driver/stm32f1xx_hal.o
                              0x8340c (size before relaxing)
 .debug_str     0x00087ddc      0x385 ./Drivers/STM32F1xx_HAL_Driver/stm32f1xx_hal_adc.o
                              0x833bd (size before relaxing)
 .debug_str     0x00088161      0x2c3 ./Drivers/STM32F1xx_HAL_Driver/stm32f1xx_hal_cortex.o
                              0x83358 (size before relaxing)
 .debug_str     0x00088424      0x21f ./Drivers/STM32F1xx_HAL_Driver/stm32f1xx_hal_dma.o
                              0x83082 (size before relaxing)
 .debug_str     0x00088643      0x2c8 ./Drivers/STM32F1xx_HAL_Driver/stm32f1xx_hal_flash.o
                              0x82fb4 (size before relaxing)
 .debug_str     0x0008890b      0x391 ./Drivers/STM32F1xx_HAL_Driver/stm32f1xx_hal_flash_ex.o
                              0x83162 (size before relaxing)
 .debug_str     0x00088c9c      0x2e0 ./Drivers/STM32F1xx_HAL_Driver/stm32f1xx_hal_gpio.o
                              0x8305f (size before relaxing)
 .debug_str     0x00088f7c      0xbca ./Drivers/STM32F1xx_HAL_Driver/stm32f1xx_hal_i2c.o
                              0x83da0 (size before relaxing)
 .debug_str     0x00089b46      0x241 ./Drivers/STM32F1xx_HAL_Driver/stm32f1xx_hal_rcc.o
                              0x83108 (size before relaxing)
 .debug_str     0x00089d87       0xbc ./Drivers/STM32F1xx_HAL_Driver/stm32f1xx_hal_rcc_ex.o
                              0x82e58 (size before relaxing)
 .debug_str     0x00089e43      0x5fa ./Drivers/STM32F1xx_HAL_Driver/stm32f1xx_hal_uart.o
                              0x83779 (size before relaxing)
 .debug_str     0x0008a43d       0x40 ./LIB/src/EEPROMx.o
                              0x82d8b (size before relaxing)
 .debug_str     0x0008a47d       0x15 ./LIB/src/Flags.o
                              0x83157 (size before relaxing)
 .debug_str     0x0008a492       0x29 ./LIB/src/Gpiox.o
                              0x8328e (size before relaxing)
 .debug_str     0x0008a4bb       0xf6 ./LIB/src/Modbus_Slave.o
                              0x86735 (size before relaxing)
 .debug_str     0x0008a5b1      0x1b4 ./LIB/src/ht621b.o
                              0x835ca (size before relaxing)

.comment        0x00000000       0x43
 .comment       0x00000000       0x43 ./Core/Src/alt_main.o
                                 0x44 (size before relaxing)
 .comment       0x00000043       0x44 ./Core/Src/main.o
 .comment       0x00000043       0x44 ./Core/Src/stm32f1xx_hal_msp.o
 .comment       0x00000043       0x44 ./Core/Src/stm32f1xx_it.o
 .comment       0x00000043       0x44 ./Core/Src/system_stm32f1xx.o
 .comment       0x00000043       0x44 ./Drivers/STM32F1xx_HAL_Driver/stm32f1xx_hal.o
 .comment       0x00000043       0x44 ./Drivers/STM32F1xx_HAL_Driver/stm32f1xx_hal_adc.o
 .comment       0x00000043       0x44 ./Drivers/STM32F1xx_HAL_Driver/stm32f1xx_hal_cortex.o
 .comment       0x00000043       0x44 ./Drivers/STM32F1xx_HAL_Driver/stm32f1xx_hal_dma.o
 .comment       0x00000043       0x44 ./Drivers/STM32F1xx_HAL_Driver/stm32f1xx_hal_flash.o
 .comment       0x00000043       0x44 ./Drivers/STM32F1xx_HAL_Driver/stm32f1xx_hal_flash_ex.o
 .comment       0x00000043       0x44 ./Drivers/STM32F1xx_HAL_Driver/stm32f1xx_hal_gpio.o
 .comment       0x00000043       0x44 ./Drivers/STM32F1xx_HAL_Driver/stm32f1xx_hal_i2c.o
 .comment       0x00000043       0x44 ./Drivers/STM32F1xx_HAL_Driver/stm32f1xx_hal_rcc.o
 .comment       0x00000043       0x44 ./Drivers/STM32F1xx_HAL_Driver/stm32f1xx_hal_rcc_ex.o
 .comment       0x00000043       0x44 ./Drivers/STM32F1xx_HAL_Driver/stm32f1xx_hal_uart.o
 .comment       0x00000043       0x44 ./LIB/src/EEPROMx.o
 .comment       0x00000043       0x44 ./LIB/src/Flags.o
 .comment       0x00000043       0x44 ./LIB/src/Gpiox.o
 .comment       0x00000043       0x44 ./LIB/src/Modbus_Slave.o
 .comment       0x00000043       0x44 ./LIB/src/ht621b.o

.debug_frame    0x00000000     0x3640
 .debug_frame   0x00000000      0x124 ./Core/Src/alt_main.o
 .debug_frame   0x00000124      0x10c ./Core/Src/main.o
 .debug_frame   0x00000230      0x110 ./Core/Src/stm32f1xx_hal_msp.o
 .debug_frame   0x00000340      0x158 ./Core/Src/stm32f1xx_it.o
 .debug_frame   0x00000498       0x58 ./Core/Src/system_stm32f1xx.o
 .debug_frame   0x000004f0      0x334 ./Drivers/STM32F1xx_HAL_Driver/stm32f1xx_hal.o
 .debug_frame   0x00000824      0x40c ./Drivers/STM32F1xx_HAL_Driver/stm32f1xx_hal_adc.o
 .debug_frame   0x00000c30      0x428 ./Drivers/STM32F1xx_HAL_Driver/stm32f1xx_hal_cortex.o
 .debug_frame   0x00001058      0x208 ./Drivers/STM32F1xx_HAL_Driver/stm32f1xx_hal_dma.o
 .debug_frame   0x00001260      0x20c ./Drivers/STM32F1xx_HAL_Driver/stm32f1xx_hal_flash.o
 .debug_frame   0x0000146c      0x258 ./Drivers/STM32F1xx_HAL_Driver/stm32f1xx_hal_flash_ex.o
 .debug_frame   0x000016c4      0x14c ./Drivers/STM32F1xx_HAL_Driver/stm32f1xx_hal_gpio.o
 .debug_frame   0x00001810      0xc84 ./Drivers/STM32F1xx_HAL_Driver/stm32f1xx_hal_i2c.o
 .debug_frame   0x00002494      0x218 ./Drivers/STM32F1xx_HAL_Driver/stm32f1xx_hal_rcc.o
 .debug_frame   0x000026ac       0x80 ./Drivers/STM32F1xx_HAL_Driver/stm32f1xx_hal_rcc_ex.o
 .debug_frame   0x0000272c      0x944 ./Drivers/STM32F1xx_HAL_Driver/stm32f1xx_hal_uart.o
 .debug_frame   0x00003070       0x84 ./LIB/src/EEPROMx.o
 .debug_frame   0x000030f4       0x5c ./LIB/src/Flags.o
 .debug_frame   0x00003150       0xf4 ./LIB/src/Gpiox.o
 .debug_frame   0x00003244      0x160 ./LIB/src/Modbus_Slave.o
 .debug_frame   0x000033a4      0x1a8 ./LIB/src/ht621b.o
 .debug_frame   0x0000354c       0x20 C:/ST/STM32CubeIDE_1.17.0/STM32CubeIDE/plugins/com.st.stm32cube.ide.mcu.externaltools.gnu-tools-for-stm32.12.3.rel1.win32_1.1.0.202410251130/tools/bin/../lib/gcc/arm-none-eabi/12.3.1/../../../../arm-none-eabi/lib/thumb/v7-m/nofp\libc_nano.a(libc_a-memset.o)
 .debug_frame   0x0000356c       0x2c C:/ST/STM32CubeIDE_1.17.0/STM32CubeIDE/plugins/com.st.stm32cube.ide.mcu.externaltools.gnu-tools-for-stm32.12.3.rel1.win32_1.1.0.202410251130/tools/bin/../lib/gcc/arm-none-eabi/12.3.1/../../../../arm-none-eabi/lib/thumb/v7-m/nofp\libc_nano.a(libc_a-init.o)
 .debug_frame   0x00003598       0x4c C:/ST/STM32CubeIDE_1.17.0/STM32CubeIDE/plugins/com.st.stm32cube.ide.mcu.externaltools.gnu-tools-for-stm32.12.3.rel1.win32_1.1.0.202410251130/tools/bin/../lib/gcc/arm-none-eabi/12.3.1/thumb/v7-m/nofp\libgcc.a(_arm_addsubsf3.o)
 .debug_frame   0x000035e4       0x38 C:/ST/STM32CubeIDE_1.17.0/STM32CubeIDE/plugins/com.st.stm32cube.ide.mcu.externaltools.gnu-tools-for-stm32.12.3.rel1.win32_1.1.0.202410251130/tools/bin/../lib/gcc/arm-none-eabi/12.3.1/thumb/v7-m/nofp\libgcc.a(_arm_muldivsf3.o)
 .debug_frame   0x0000361c       0x24 C:/ST/STM32CubeIDE_1.17.0/STM32CubeIDE/plugins/com.st.stm32cube.ide.mcu.externaltools.gnu-tools-for-stm32.12.3.rel1.win32_1.1.0.202410251130/tools/bin/../lib/gcc/arm-none-eabi/12.3.1/thumb/v7-m/nofp\libgcc.a(_arm_fixunssfsi.o)

.debug_line_str
                0x00000000       0x4c
 .debug_line_str
                0x00000000       0x4c ./Core/Startup/startup_stm32f103c8tx.o
