../Core/Src/alt_main.cpp:58:6:void HAL_UARTEx_RxEventCallback(UART_HandleTypeDef*, uint16_t)	16	static
../Core/Src/alt_main.cpp:77:6:void HAL_GPIO_EXTI_Callback(uint16_t)	16	static
../Core/Src/alt_main.cpp:97:6:void Tacvu_HIENTHI()	8	static
../Core/Src/alt_main.cpp:119:6:void ThucThiTacVuTheoFlag()	8	static
../Core/Src/alt_main.cpp:148:6:void Check_Slaveid()	8	static
../Core/Src/alt_main.cpp:158:6:void initial_UART_DMA()	8	static
../Core/Src/alt_main.cpp:163:6:void alt_main()	8	static
../Core/Src/alt_main.cpp:187:1:void __static_initialization_and_destruction_0(int, int)	16	static
../Core/Src/alt_main.cpp:187:1:cpp)	8	static
