../Core/Src/alt_main.cpp:50:6:void HAL_UARTEx_RxEventCallback(UART_HandleTypeDef*, uint16_t)	16	static
../Core/Src/alt_main.cpp:69:6:void HAL_GPIO_EXTI_Callback(uint16_t)	16	static
../Core/Src/alt_main.cpp:89:6:void Tacvu_HIENTHI()	8	static
../Core/Src/alt_main.cpp:109:6:void ThucThiTacVuTheoFlag()	8	static
../Core/Src/alt_main.cpp:127:6:void Check_Slaveid()	8	static
../Core/Src/alt_main.cpp:141:6:void initial_UART_DMA()	8	static
../Core/Src/alt_main.cpp:146:6:void alt_main()	8	static
../Core/Src/alt_main.cpp:165:1:void __static_initialization_and_destruction_0(int, int)	16	static
../Core/Src/alt_main.cpp:165:1:cpp)	8	static
